
> german-words-list2-v2@1.0.0 test:units
> node --test "tests/unit/**/*.test.mjs"

✔ AUDIO-003 unit: the vocabulary filter rule mirrors the glossary semantics (0.966581ms)
✔ AUDIO-003 unit: the vocabulary filter never mutates its inputs (0.745532ms)
✔ AUDIO-003 unit: planned steps map to queue records with word identity, language, and labels (0.331542ms)
✔ AUDIO-003 unit: mapping never mutates the steps or the cards (0.229665ms)
✔ AUDIO-003 unit: mapping validates its inputs like the planner boundary (0.464358ms)
✔ AUDIO-003 unit: real A1 card plans and maps to the exact four-step record sequence (0.433755ms)
✔ AUDIO-003 unit: a real B2 mixed card maps to separately tagged English and Arabic records (0.193727ms)
✔ AUDIO-003 unit: an Arabic-only B2 card never substitutes English and maps the Arabic steps (0.212394ms)
✔ AUDIO-003 unit: repeat ordering emits every repetition of an item before the next item (0.204838ms)
✔ AUDIO-003 unit: example mode all queues every structured example in order (synthetic multi-example card) (0.343872ms)
✔ AUDIO-003 unit: cards with no speakable text plan to an empty record list without inventing speech (0.259768ms)
✔ AUDIO-003-C1 unit: a stable start-at id resolves to its exact index in the speakable list (0.154134ms)
✔ AUDIO-003-C1 unit: a missing, empty, or no-longer-in-scope id falls back to the first card (0.116706ms)
✔ AUDIO-003-C1 unit: an empty collection has no valid start and invalid input throws (0.116171ms)
✔ AUDIO-003-C1 unit: resolution never mutates the card list (0.091046ms)
✔ LEVEL-DATA-012: normalized mixed translations speak only the English field (7.266827ms)
✔ LEVEL-DATA-013: normalized Arabic-only translations are never sent to an English voice (1.094564ms)
✔ LEVEL-DATA-014: legacy cards without normalized speech fields keep English playback (1.888961ms)
✔ SHARED-CARD-003 unit: translationDisplayAttrs derives direction and language metadata (SC3/LF-CARD) (1.643665ms)
✔ SHARED-CARD-003 unit: firstExample returns exactly the first structured example or null (1.088048ms)
✔ LEVEL-DATA-001: A1 retains the German and translated first example (2.064954ms)
✔ LEVEL-DATA-002: B2 retains bilingual display text without mislabeling it as English-only (0.558795ms)
✔ LEVEL-DATA-002A: slash-separated English alternatives stay English-only (0.243658ms)
✔ LEVEL-DATA-002B: Arabic-only translations expose only Arabic speech text (0.159306ms)
✔ LEVEL-DATA-003: cards without examples expose empty collections without changing legacy fields (0.231277ms)
✔ LEVEL-DATA-004: real A1 and B2 configs retain units, IDs, and example fields (10.932623ms)
✔ LEVEL-DATA-005: real A1 and B2 configs pass the normalized vocabulary validator (14.837117ms)
✔ LEVEL-DATA-006: content-sensitive snapshots detect unit counts and accidental reordering (33.466787ms)
✔ LEVEL-DATA-007: validator rejects duplicate IDs, unit mismatches, and broken examples (0.522651ms)
✔ LEVEL-DATA-008: validator rejects duplicate words and inconsistent normalized aliases (0.420903ms)
✔ LEVEL-DATA-009: duplicate-word allowances are exact and become stale when the data changes (0.27711ms)
✔ LEVEL-DATA-010: legacy level progress loads with stable IDs still present in normalized data (3.840112ms)
✔ LEVEL-DATA-011: a level config cannot omit its level identity (0.190723ms)
✔ SHARED-CARD-002 unit: unrevealed front renders the shell with an empty lazy back face (1.120173ms)
✔ SHARED-CARD-002 unit: lazy revealed back carries the answer content and the flipped state (0.180522ms)
✔ SHARED-CARD-002 unit: example block renders ONLY the first example with its translation always visible (SC-02) (0.267609ms)
✔ SHARED-CARD-002 unit: example block without a translation shows the sentence and no translation line (0.124831ms)
✔ SHARED-CARD-002 unit: no-example state renders nothing — no stale or placeholder content (0.096561ms)
✔ SHARED-CARD-002 unit: adapter-specific actions are placed below the card, verbatim (0.160592ms)
✔ SHARED-CARD-002 unit: the renderer has no storage/scheduler/persistence/DOM dependency (FP-DESIGN-009) (0.413447ms)
✔ SHARED-CARD-002 unit: safe escaping — example data is sanitized in text and attributes (0.159033ms)
✔ SHARED-CARD-002 unit: hidden metadata — the favorite button carries no card id and a hidden hint carries no text (SC-01b/d) (0.344043ms)
✔ SHARED-CARD-002 unit: non-flippable presentation card exposes no flip affordance (0.229852ms)
✔ SHARED-CARD-002-C1 unit: icon-only Speak and Favorite affordances expose stable descriptive accessible names (SC2-C1-A11Y-001) (0.166408ms)
✔ SHARED-CARD-002-C1 unit: only the displayed face is exposed — the hidden back renders inert until flipped, and an inert front is supported (SC2-C1-A11Y-002) (0.117883ms)
✔ SHARED-CARD-002-C1 unit: a non-activatable card keeps both faces but exposes no activation affordance (SC2-C1-A11Y-003) (0.112178ms)
✔ SHARED-CARD-002-C1 unit: example translations are language-neutral — English, Arabic, mixed and missing metadata render safely (SC2-C1-DESIGN-001) (1.127848ms)
✔ AUDIO-001-C1: zero items produces an empty step list with no warnings (1.710093ms)
✔ AUDIO-001-C1: one item without examples and defaults produces one German term step (0.392431ms)
✔ AUDIO-001-C1: many items with default options produce one term step per item in source order (0.196282ms)
✔ AUDIO-001-C1: normalized A1-shaped card with translationLanguage "en" emits term then English term-translation (0.19619ms)
✔ AUDIO-001-C1: normalized B2 mixed card with translationLanguage "mixed" emits term, en, then ar term-translations (0.175086ms)
✔ AUDIO-001-C1: Arabic-only normalized card with translationLanguage "ar" emits term then Arabic term-translation, never English (3.367756ms)
✔ AUDIO-001-C1: null translationLanguage emits no term-translation step and no warning even when translation text exists (0.173505ms)
✔ AUDIO-001-C1: a stale synthetic card.language property is ignored; term translation follows card.translationLanguage (0.158647ms)
✔ AUDIO-001-C1: a card produced by the actual A1 parser plans term, en term-translation, example, and en example-translation steps (0.156875ms)
✔ AUDIO-001-C1: a mixed card produced by the actual B2 parser plans term, en/ar term-translations, and en/ar example-translations (0.253309ms)
✔ AUDIO-001-C1: an Arabic-only card produced by the actual B2 parser plans term, Arabic term-translation, example, and Arabic example-translation (0.196829ms)
✔ AUDIO-001-C1: a real A1 dataset card plans term, en term-translation, example, and en example-translation steps (0.132777ms)
✔ AUDIO-001-C1: a real B2 dataset card keeps slash alternatives in one en step and splits its mixed example into en and ar steps (0.143786ms)
✔ AUDIO-001-C1: card.language is neither required nor introduced on normalized cards (0.274747ms)
✔ AUDIO-001-C1: two items with repeatCount 2 emit item 1 both repeats then item 2 both repeats (Verbs autoplay order) (0.159924ms)
✔ AUDIO-001-C1: each item repetition contains its term, requested translation, and requested examples before the next repetition or item (0.477769ms)
✔ AUDIO-001-C1: repeatCount 3 on one item emits the term three times with ascending repeatIndex (0.132293ms)
✔ AUDIO-001-C1: startIndex 0 plays the full sequence with original indices (0.087068ms)
✔ AUDIO-001-C1: startIndex in the middle retains the original item indices 1 and 2 without re-basing (0.070777ms)
✔ AUDIO-001-C1: startIndex at the last item plays exactly that item with its original index (0.092447ms)
✔ AUDIO-001-C1: startIndex out of range produces an empty step list with an OUT_OF_RANGE_START_INDEX warning (0.100374ms)
✔ AUDIO-001-C1: item ids and original indices stay stable across repeats after a startIndex (0.120176ms)
✔ AUDIO-001-C1: exampleMode none omits all example steps (0.092021ms)
✔ AUDIO-001-C1: exampleMode first emits only the first example (0.090461ms)
✔ AUDIO-001-C1: exampleMode all emits every example in source order (0.090519ms)
✔ AUDIO-001-C1: includeTranslation=false (default) omits term-translation steps even when text is available (0.064128ms)
✔ AUDIO-001-C1: empty English term-translation is skipped with a SKIPPED_EMPTY_TEXT warning, no substitution (0.094262ms)
✔ AUDIO-001-C1: empty German term text is skipped with a SKIPPED_EMPTY_TEXT warning (0.086766ms)
✔ AUDIO-001-C1: English slash alternatives are kept intact in one English step and never split or reclassified (0.091333ms)
✔ AUDIO-001-C1: mixed-language example translation emits example, en-translation, ar-translation as separate steps (0.136144ms)
✔ AUDIO-001-C1: invalid exampleMode throws InvalidSpeechPlanOptionError (0.430622ms)
✔ AUDIO-001-C1: repeatCount 0 throws InvalidSpeechPlanOptionError (0.112285ms)
✔ AUDIO-001-C1: negative repeatCount throws InvalidSpeechPlanOptionError (0.105458ms)
✔ AUDIO-001-C1: non-boolean includeTranslation throws InvalidSpeechPlanOptionError (0.124257ms)
✔ AUDIO-001-C1: negative startIndex throws InvalidSpeechPlanOptionError (0.083468ms)
✔ AUDIO-001-C1: non-integer startIndex throws InvalidSpeechPlanOptionError (0.122608ms)
✔ AUDIO-001-C1: items not an array throws InvalidSpeechPlanOptionError (0.126102ms)
✔ AUDIO-001-C1: planSpeechSequence never mutates items, cards, examples, or options (0.2156ms)
✔ AUDIO-001-C1: two calls with the same inputs produce deep-equal results (fresh arrays each call) (0.107478ms)
✔ AUDIO-001-C1: deterministic item-major ordering holds for many items with repeats and translations (0.111953ms)
✔ schema version is bumped to 2 for per-track merging (0.874001ms)
✔ trackNumericTime returns null for a track that does not exist (0.19132ms)
✔ trackNumericTime falls back to record updatedAt for legacy explicit win (0.103048ms)
✔ trackNumericTime prefers the explicit track timestamp (0.101792ms)
✔ mergeVerbRecord joins per-track data without an explicit track timestamp (0.296179ms)
✔ mergeVerbRecord keeps the newer explicit recognition track (0.436118ms)
✔ mergeVerbRecord does not invent an SRS track that never existed (0.175898ms)
✔ mergeVerbLearning preserves both sides and sessions (0.416144ms)
✔ GC-11: schema version 2 default, upgrade, and merge produce version 2 (1.51366ms)
✔ GC-15: mergeVerbLearning handles complete track conflict matrix independently (0.490577ms)
✔ mergeVerbRecord: newer recognition SRS/timestamp cannot erase an older recognition win (0.242077ms)
✔ mergeVerbRecord: newer production SRS/timestamp cannot erase an older production win (0.185228ms)
✔ normalizeVerbLearning upgrades old, missing, and invalid versions, never downgrades newer ones (1.964005ms)
✔ mergeVerbLearning returns the highest schema version and never downgrades (0.849896ms)
✔ mergeVerbLearning with undefined and null inputs returns a safe version-2 default (0.793631ms)
✔ acquisition seeds a hidden rolling pool capped at eight (1.501706ms)
✔ pool never exceeds eight throughout a full lesson (2.986119ms)
✔ a ready acquisition word leaves the pool and the next unseen word enters (0.300201ms)
✔ forgot during acquisition never repeats without intervening cards (0.203293ms)
✔ recognition phase only starts once every acquisition word is ready (0.217369ms)
✔ acquisition completes and the pool stays rolling to recognition for 50 verbs (0.507592ms)
✔ fast recognition passes on the first official attempt (0.183764ms)
✔ slow recognition is scheduled again and never passes (0.186503ms)
✔ forgot during recognition requires recovery before passing (0.217004ms)
✔ forgot during recognition cannot pass after zero fast recalls (0.25954ms)
✔ production challenge stays independent from recognition (0.302798ms)
✔ full deck drives recognition, then production to the final second win (0.252031ms)
✔ review session serves recognition then production tracks and completes (0.620414ms)
✔ review session that starts on production serves production first (0.182721ms)
✔ finishSession seals a session so it can never start again (0.105859ms)
✔ recognition direction remains German→English throughout the phase (0.182571ms)
✔ production prompts use English→German direction (no German on front) (0.135516ms)
✔ phase order is stable across sessions so refresh does not reshuffle (0.131602ms)
✔ review session serves recognition items before production items (0.716044ms)
✔ only a valid positive finite latency counts as fast (0.228645ms)
✔ GC-10: completedTracks is modified only by completeReviewTrack and not by startReviewTrack or nextPresentation (0.151023ms)
✔ GC-19: learning and review sessions are isolated and sealed on completion (0.137109ms)
✔ T2-unit: per-track review orders are stored separately and ID-set mismatch regenerates (0.294182ms)
✔ T4-unit: monotonic recall latency — edge values never count as fast (0.261787ms)
✔ T5-unit: a replayed terminal event is a complete no-op (no turn, no retry, no scoring) (0.323151ms)
✔ T5-unit: a replayed acquisition win is a complete no-op (0.192635ms)
✔ T5-unit: completeIntro replay and wrong-phase calls are complete no-ops (0.181066ms)
✔ T5-unit: grading a pending card inside a sealed session is a complete no-op (0.278553ms)
SpeechQueue: Speech error occurred synthesis-failed
SpeechQueue: Watchdog fired — advancing.
SpeechQueue: Watchdog fired — advancing.
✔ AUDIO-002 A1: default controls plan term, English translation, and first-example steps per repetition in item-major order (3.669644ms)
✔ AUDIO-002 A2: repeatCount 3 emits three full repetitions of a verb before anything else (0.377443ms)
✔ AUDIO-002 A3: exampleMode none emits only the term and translation steps (0.228569ms)
✔ AUDIO-002 A4: exampleMode first emits only the first example pair (0.397224ms)
✔ AUDIO-002 A5: exampleMode all emits every example pair in source order (0.198674ms)
✔ AUDIO-002 A6: include-English unchecked omits every English translation step (0.225382ms)
✔ AUDIO-002 A7: the Start-At dropdown selection begins the plan at that queue position (0.226454ms)
✔ AUDIO-002 A8: a row-play startIndex begins at that row and syncs the Start-At dropdown (0.192539ms)
✔ AUDIO-002 A9: out-of-range start values clamp to the last verb instead of producing an empty queue (0.588357ms)
✔ AUDIO-002 A10: planned queue items carry the stable verb identity, the planner language, and the text (0.3159ms)
✔ AUDIO-002 A11: verbs with missing text are skipped by the planner without substituting another language (0.339422ms)
✔ AUDIO-002 A12 (revised by AUDIO-002-C1): an empty planned sequence never starts the queue and restores the resting control state (0.258271ms)
✔ AUDIO-002 B1: playAll speaks each item once in order, highlights each item, and fires completion exactly once at drain (1.365101ms)
✔ AUDIO-002 B2: stop during the delayed-speak window prevents any utterance (0.237252ms)
✔ AUDIO-002 B3: pause preserves the cursor and queue; a stale onend cannot advance or complete the paused queue (0.468383ms)
✔ AUDIO-002 B4: resume after a pause during the speak delay re-speaks the current item exactly once (0.204064ms)
✔ AUDIO-002 B5: canceled and interrupted utterance errors do not advance; a genuine error advances (0.987606ms)
✔ AUDIO-002 B6: the watchdog advances a stuck utterance and is cleared by pause (0.464102ms)
✔ AUDIO-002 B7: the no-synthesis fallback advances items with highlight and completes at drain (0.265898ms)
✔ AUDIO-002 B8: pause and stop fully cancel the pending no-synthesis fallback timer (0.169677ms)
✔ AUDIO-002 B9: rapid restart speaks the replacement queue first item exactly once (0.234577ms)
✔ AUDIO-002 B10: stale callbacks from a replaced queue cannot advance or complete the replacement (0.317049ms)
✔ AUDIO-002 B11: playAll with an empty list stops and cleans the current queue without firing completion (0.151941ms)
✔ AUDIO-002-C1 U1: changing the deck cancels the running autoplay session before the new deck is presented (0.747454ms)
✔ AUDIO-002-C1 U2: switching the view away from the autoplay context cancels the session (0.251346ms)
✔ AUDIO-002-C1 U3: starting playback with an empty controller queue stops a previous session instead of leaving it alive (0.213949ms)
✔ AUDIO-002-C1 U4: a start attempt producing an empty planned sequence stops a previous session instead of leaving it alive (0.203684ms)
✔ AUDIO-002-C1 U5: a paused session is cancelled, not resumed, when the deck changes (0.214424ms)
✔ AUDIO-002-C1 U6: loadDeck cancels the real SpeechQueue so stale utterance callbacks can neither advance after navigation nor disturb the replacement (controller + real queue) (1.833011ms)
ℹ tests 159
ℹ suites 0
ℹ pass 159
ℹ fail 0
ℹ cancelled 0
ℹ skipped 0
ℹ todo 0
ℹ duration_ms 736.657321
