
> german-words-list2-v2@1.0.0 test:units
> node --test "tests/unit/**/*.test.mjs"

✔ LEVEL-DATA-012: normalized mixed translations speak only the English field (3.113416ms)
✔ LEVEL-DATA-013: normalized Arabic-only translations are never sent to an English voice (1.117541ms)
✔ LEVEL-DATA-014: legacy cards without normalized speech fields keep English playback (0.958859ms)
✔ LEVEL-DATA-001: A1 retains the German and translated first example (1.76617ms)
✔ LEVEL-DATA-002: B2 retains bilingual display text without mislabeling it as English-only (0.364829ms)
✔ LEVEL-DATA-002A: slash-separated English alternatives stay English-only (0.192802ms)
✔ LEVEL-DATA-002B: Arabic-only translations expose only Arabic speech text (0.143978ms)
✔ LEVEL-DATA-003: cards without examples expose empty collections without changing legacy fields (0.259794ms)
✔ LEVEL-DATA-004: real A1 and B2 configs retain units, IDs, and example fields (5.208121ms)
✔ LEVEL-DATA-005: real A1 and B2 configs pass the normalized vocabulary validator (14.416568ms)
✔ LEVEL-DATA-006: content-sensitive snapshots detect unit counts and accidental reordering (37.06253ms)
✔ LEVEL-DATA-007: validator rejects duplicate IDs, unit mismatches, and broken examples (0.609589ms)
✔ LEVEL-DATA-008: validator rejects duplicate words and inconsistent normalized aliases (0.425322ms)
✔ LEVEL-DATA-009: duplicate-word allowances are exact and become stale when the data changes (0.312396ms)
✔ LEVEL-DATA-010: legacy level progress loads with stable IDs still present in normalized data (4.23781ms)
✔ LEVEL-DATA-011: a level config cannot omit its level identity (0.239066ms)
✔ SHARED-CARD-002 unit: unrevealed front renders the shell with an empty lazy back face (1.295405ms)
✔ SHARED-CARD-002 unit: lazy revealed back carries the answer content and the flipped state (0.213675ms)
✔ SHARED-CARD-002 unit: example block renders ONLY the first example with its translation always visible (SC-02) (0.401736ms)
✔ SHARED-CARD-002 unit: example block without a translation shows the sentence and no translation line (0.206363ms)
✔ SHARED-CARD-002 unit: no-example state renders nothing — no stale or placeholder content (0.117091ms)
✔ SHARED-CARD-002 unit: adapter-specific actions are placed below the card, verbatim (0.192416ms)
✔ SHARED-CARD-002 unit: the renderer has no storage/scheduler/persistence/DOM dependency (FP-DESIGN-009) (0.466198ms)
✔ SHARED-CARD-002 unit: safe escaping — example data is sanitized in text and attributes (0.183446ms)
✔ SHARED-CARD-002 unit: hidden metadata — the favorite button carries no card id and a hidden hint carries no text (SC-01b/d) (0.482901ms)
✔ SHARED-CARD-002 unit: non-flippable presentation card exposes no flip affordance (0.297626ms)
✔ SHARED-CARD-002-C1 unit: icon-only Speak and Favorite affordances expose stable descriptive accessible names (SC2-C1-A11Y-001) (0.263931ms)
✔ SHARED-CARD-002-C1 unit: only the displayed face is exposed — the hidden back renders inert until flipped, and an inert front is supported (SC2-C1-A11Y-002) (0.189725ms)
✔ SHARED-CARD-002-C1 unit: a non-activatable card keeps both faces but exposes no activation affordance (SC2-C1-A11Y-003) (0.164617ms)
✔ SHARED-CARD-002-C1 unit: example translations are language-neutral — English, Arabic, mixed and missing metadata render safely (SC2-C1-DESIGN-001) (1.371469ms)
✔ schema version is bumped to 2 for per-track merging (0.9314ms)
✔ trackNumericTime returns null for a track that does not exist (0.254255ms)
✔ trackNumericTime falls back to record updatedAt for legacy explicit win (0.111911ms)
✔ trackNumericTime prefers the explicit track timestamp (0.109148ms)
✔ mergeVerbRecord joins per-track data without an explicit track timestamp (0.322388ms)
✔ mergeVerbRecord keeps the newer explicit recognition track (0.471754ms)
✔ mergeVerbRecord does not invent an SRS track that never existed (0.17755ms)
✔ mergeVerbLearning preserves both sides and sessions (0.442579ms)
✔ GC-11: schema version 2 default, upgrade, and merge produce version 2 (1.460193ms)
✔ GC-15: mergeVerbLearning handles complete track conflict matrix independently (0.492934ms)
✔ mergeVerbRecord: newer recognition SRS/timestamp cannot erase an older recognition win (0.211231ms)
✔ mergeVerbRecord: newer production SRS/timestamp cannot erase an older production win (0.141005ms)
✔ normalizeVerbLearning upgrades old, missing, and invalid versions, never downgrades newer ones (2.048429ms)
✔ mergeVerbLearning returns the highest schema version and never downgrades (0.99046ms)
✔ mergeVerbLearning with undefined and null inputs returns a safe version-2 default (0.895637ms)
✔ acquisition seeds a hidden rolling pool capped at eight (1.596466ms)
✔ pool never exceeds eight throughout a full lesson (3.122031ms)
✔ a ready acquisition word leaves the pool and the next unseen word enters (0.351093ms)
✔ forgot during acquisition never repeats without intervening cards (0.209431ms)
✔ recognition phase only starts once every acquisition word is ready (0.24278ms)
✔ acquisition completes and the pool stays rolling to recognition for 50 verbs (0.507684ms)
✔ fast recognition passes on the first official attempt (0.165557ms)
✔ slow recognition is scheduled again and never passes (0.157155ms)
✔ forgot during recognition requires recovery before passing (0.258286ms)
✔ forgot during recognition cannot pass after zero fast recalls (0.253778ms)
✔ production challenge stays independent from recognition (0.278656ms)
✔ full deck drives recognition, then production to the final second win (0.328227ms)
✔ review session serves recognition then production tracks and completes (0.657414ms)
✔ review session that starts on production serves production first (0.233224ms)
✔ finishSession seals a session so it can never start again (0.115454ms)
✔ recognition direction remains German→English throughout the phase (0.179393ms)
✔ production prompts use English→German direction (no German on front) (0.101611ms)
✔ phase order is stable across sessions so refresh does not reshuffle (0.135163ms)
✔ review session serves recognition items before production items (0.756783ms)
✔ only a valid positive finite latency counts as fast (0.21836ms)
✔ GC-10: completedTracks is modified only by completeReviewTrack and not by startReviewTrack or nextPresentation (0.179047ms)
✔ GC-19: learning and review sessions are isolated and sealed on completion (0.152526ms)
✔ T2-unit: per-track review orders are stored separately and ID-set mismatch regenerates (0.314194ms)
✔ T4-unit: monotonic recall latency — edge values never count as fast (0.242521ms)
✔ T5-unit: a replayed terminal event is a complete no-op (no turn, no retry, no scoring) (0.338504ms)
✔ T5-unit: a replayed acquisition win is a complete no-op (0.185259ms)
✔ T5-unit: completeIntro replay and wrong-phase calls are complete no-ops (0.1723ms)
✔ T5-unit: grading a pending card inside a sealed session is a complete no-op (0.178428ms)
ℹ tests 73
ℹ suites 0
ℹ pass 73
ℹ fail 0
ℹ cancelled 0
ℹ skipped 0
ℹ todo 0
ℹ duration_ms 474.877357
