
Running 6 tests using 1 worker

(node:20200) Warning: The 'NO_COLOR' env is ignored due to the 'FORCE_COLOR' env being set.
(Use `node --trace-warnings ...` to show where the warning was created)
[Browser Console log] 🎙️ Selected German Voice: Mock Voice
[Browser Console log] ✅ [A1] Config loaded: 📚 A1 German
[Browser Console log] ✅ Firebase initialized for appId: german-a1-app
[Browser Console log] 🚀 DOM loaded / App booting.
[Browser Console log] 📱 Using offline mode
[Browser Console log] [WP-010] Migration complete. Version set to 1.
[Browser Console log] ✅ Engines initialized with 30 words in Unit 1
  ✓  1 [chromium] › tests/e2e/activity-streak.spec.js:76:7 › Learning Activity / Streak Tracker E2E Suite › marking a brand-new flashcard as Known records activity for today (1.0s)
[Browser Console log] 🎙️ Selected German Voice: Mock Voice
[Browser Console log] ✅ [A1] Config loaded: 📚 A1 German
[Browser Console log] ✅ Firebase initialized for appId: german-a1-app
[Browser Console log] 🚀 DOM loaded / App booting.
[Browser Console log] 📱 Using offline mode
[Browser Console log] [WP-010] Migration complete. Version set to 1.
[Browser Console log] ✅ Engines initialized with 30 words in Unit 1
  ✓  2 [chromium] › tests/e2e/activity-streak.spec.js:117:7 › Learning Activity / Streak Tracker E2E Suite › re-marking an already-known card does not double-count activity (806ms)
[Browser Console log] 🎙️ Selected German Voice: Mock Voice
[Browser Console log] ✅ [A1] Config loaded: 📚 A1 German
[Browser Console log] ✅ Firebase initialized for appId: german-a1-app
[Browser Console log] 🚀 DOM loaded / App booting.
[Browser Console log] 📱 Using offline mode
[Browser Console log] [WP-010] Migration complete. Version set to 1.
[Browser Console log] ✅ Engines initialized with 30 words in Unit 1
  ✓  3 [chromium] › tests/e2e/activity-streak.spec.js:145:7 › Learning Activity / Streak Tracker E2E Suite › listening to 15+ words via TTS counts as a learning day without flashcards (763ms)
[Browser Console log] 🎙️ Selected German Voice: Mock Voice
[Browser Console log] ✅ [A1] Config loaded: 📚 A1 German
[Browser Console log] ✅ Firebase initialized for appId: german-a1-app
[Browser Console log] 🚀 DOM loaded / App booting.
[Browser Console log] 📱 Using offline mode
[Browser Console log] [WP-010] Migration complete. Version set to 1.
[Browser Console log] ✅ Engines initialized with 30 words in Unit 1
  ✓  4 [chromium] › tests/e2e/activity-streak.spec.js:187:7 › Learning Activity / Streak Tracker E2E Suite › streak is preserved when today has no activity but yesterday does (528ms)
  ✓  5 [chromium] › tests/e2e/favorites-filters.spec.js:15:3 › Favorites and Filters State › Toggling filters should not remove favorites (987ms)
[Browser Console log] 🎙️ Selected German Voice: Mock Voice
[Browser Console log] ✅ [A1] Config loaded: 📚 A1 German
[Browser Console log] ✅ Firebase initialized for appId: german-a1-app
[Browser Console log] 🚀 DOM loaded / App booting.
[Browser Console log] 📱 Using offline mode
[Browser Console log] [WP-010] Migration complete. Version set to 1.
[Browser Console log] ✅ Engines initialized with 30 words in Unit 1
[Browser Console log] 🎙️ Selected German Voice: Mock Voice
[Browser Console log] ✅ [A1] Config loaded: 📚 A1 German
[Browser Console log] ✅ Firebase initialized for appId: german-a1-app
[Browser Console log] 🚀 DOM loaded / App booting.
[Browser Console log] 📱 Using offline mode
[Browser Console log] ✅ Engines initialized with 30 words in Unit 1
[Browser Console log] 🎙️ Selected German Voice: Mock Voice
[Browser Console log] ✅ [A1] Config loaded: 📚 A1 German
[Browser Console log] ✅ Firebase initialized for appId: german-a1-app
[Browser Console log] 🚀 DOM loaded / App booting.
[Browser Console log] 📱 Using offline mode
[Browser Console log] ✅ Engines initialized with 30 words in Unit 1
  ✓  6 [chromium] › tests/e2e/srs.spec.js:70:7 › Spaced Repetition System (SRS) E2E Suite › SRS Level Progression and Time Machine Verification (1.4s)

  6 passed (6.3s)
