
Running 19 tests using 1 worker

(node:11100) Warning: The 'NO_COLOR' env is ignored due to the 'FORCE_COLOR' env being set.
(Use `node --trace-warnings ...` to show where the warning was created)
[Browser Console log] 🎙️ Selected German Voice: Mock Voice
[Browser Console log] ✅ [A1] Config loaded: 📚 A1 German
[Browser Console log] ✅ Firebase initialized for appId: german-a1-app
[Browser Console log] 🚀 DOM loaded / App booting.
[Browser Console log] 📱 Using offline mode
[Browser Console log] [WP-010] Migration complete. Version set to 1.
[Browser Console log] ✅ Engines initialized with 30 words in Unit 1
  ✓   1 [chromium] › tests/e2e/activity-streak.spec.js:76:7 › Learning Activity / Streak Tracker E2E Suite › marking a brand-new flashcard as Known records activity for today (1.2s)
[Browser Console log] 🎙️ Selected German Voice: Mock Voice
[Browser Console log] ✅ [A1] Config loaded: 📚 A1 German
[Browser Console log] ✅ Firebase initialized for appId: german-a1-app
[Browser Console log] 🚀 DOM loaded / App booting.
[Browser Console log] 📱 Using offline mode
[Browser Console log] [WP-010] Migration complete. Version set to 1.
[Browser Console log] ✅ Engines initialized with 30 words in Unit 1
  ✓   2 [chromium] › tests/e2e/activity-streak.spec.js:117:7 › Learning Activity / Streak Tracker E2E Suite › re-marking an already-known card does not double-count activity (978ms)
[Browser Console log] 🎙️ Selected German Voice: Mock Voice
[Browser Console log] ✅ [A1] Config loaded: 📚 A1 German
[Browser Console log] ✅ Firebase initialized for appId: german-a1-app
[Browser Console log] 🚀 DOM loaded / App booting.
[Browser Console log] 📱 Using offline mode
[Browser Console log] [WP-010] Migration complete. Version set to 1.
[Browser Console log] ✅ Engines initialized with 30 words in Unit 1
  ✓   3 [chromium] › tests/e2e/activity-streak.spec.js:145:7 › Learning Activity / Streak Tracker E2E Suite › listening to 15+ words via TTS counts as a learning day without flashcards (862ms)
[Browser Console log] 🎙️ Selected German Voice: Mock Voice
[Browser Console log] ✅ [A1] Config loaded: 📚 A1 German
[Browser Console log] ✅ Firebase initialized for appId: german-a1-app
[Browser Console log] 🚀 DOM loaded / App booting.
[Browser Console log] 📱 Using offline mode
[Browser Console log] [WP-010] Migration complete. Version set to 1.
[Browser Console log] ✅ Engines initialized with 30 words in Unit 1
  ✓   4 [chromium] › tests/e2e/activity-streak.spec.js:187:7 › Learning Activity / Streak Tracker E2E Suite › streak is preserved when today has no activity but yesterday does (754ms)
  ✓   5 [chromium] › tests/e2e/favorites-filters.spec.js:15:3 › Favorites and Filters State › Toggling filters should not remove favorites (1.1s)
  ✓   6 [chromium] › tests/e2e/phrases-conversations.spec.js:86:7 › Phrases and Conversations E2E Suite › Load App, default tabs, and existing words behavior (1.0s)
  ✓   7 [chromium] › tests/e2e/phrases-conversations.spec.js:109:7 › Phrases and Conversations E2E Suite › Phrases Tab Rendering and Flashcards (5.3s)
  ✓   8 [chromium] › tests/e2e/phrases-conversations.spec.js:146:7 › Phrases and Conversations E2E Suite › SpeechQueue Play All, Stop, and Navigation Cleanup (2.8s)
  ✓   9 [chromium] › tests/e2e/phrases-conversations.spec.js:199:7 › Phrases and Conversations E2E Suite › Conversation clean text and Missing Content Graceful State (1.1s)
  ✓  10 [chromium] › tests/e2e/phrases-conversations.spec.js:234:7 › Phrases and Conversations E2E Suite › Phrases Hide and Guess Practice Controls (2.3s)
  ✓  11 [chromium] › tests/e2e/phrases-conversations.spec.js:326:7 › Phrases and Conversations E2E Suite › Mobile viewport layout verification (80ms)
  ✓  12 [chromium] › tests/e2e/phrases-conversations.spec.js:339:7 › Phrases and Conversations E2E Suite › Dashboard and Phrases tab progress stats model (1.1s)
  -  13 [chromium] › tests/e2e/phrases-conversations.spec.js:407:7 › Phrases and Conversations E2E Suite › Mobile sidebar navigation works with real UI clicks
  ✓  14 [chromium] › tests/e2e/phrases-conversations.spec.js:479:7 › Phrases and Conversations E2E Suite › SpeechQueue advances through multiple items correctly (2.2s)
  ✓  15 [chromium] › tests/e2e/phrases-conversations.spec.js:513:7 › Phrases and Conversations E2E Suite › SpeechQueue stop during 250ms delay cancels correctly (1.4s)
  ✓  16 [chromium] › tests/e2e/phrases-conversations.spec.js:545:7 › Phrases and Conversations E2E Suite › SpeechQueue rapid stop-and-restart works correctly (1.5s)
  ✓  17 [chromium] › tests/e2e/phrases-conversations.spec.js:582:7 › Phrases and Conversations E2E Suite › SpeechQueue completes all items and fires onFinished (13.6s)
[Browser Console log] 🎙️ Selected German Voice: Mock Voice
[Browser Console log] ✅ [A1] Config loaded: 📚 A1 German
[Browser Console log] ✅ Firebase initialized for appId: german-a1-app
[Browser Console log] 🚀 DOM loaded / App booting.
[Browser Console log] 📱 Using offline mode
[Browser Console log] [WP-010] Migration complete. Version set to 1.
[Browser Console log] ✅ Engines initialized with 30 words in Unit 1
[Browser Console log] 🎙️ Selected German Voice: Mock Voice
[Browser Console log] ✅ [A1] Config loaded: 📚 A1 German
[Browser Console log] ✅ Firebase initialized for appId: german-a1-app
[Browser Console log] 🚀 DOM loaded / App booting.
[Browser Console log] 📱 Using offline mode
[Browser Console log] ✅ Engines initialized with 30 words in Unit 1
[Browser Console log] 🎙️ Selected German Voice: Mock Voice
[Browser Console log] ✅ [A1] Config loaded: 📚 A1 German
[Browser Console log] ✅ Firebase initialized for appId: german-a1-app
[Browser Console log] 🚀 DOM loaded / App booting.
[Browser Console log] 📱 Using offline mode
[Browser Console log] ✅ Engines initialized with 30 words in Unit 1
  ✓  18 [chromium] › tests/e2e/srs.spec.js:70:7 › Spaced Repetition System (SRS) E2E Suite › SRS Level Progression and Time Machine Verification (1.4s)
  ✘  19 [chromium] › tests/e2e/words-audio.spec.js:48:3 › Words Play All Audio Feature › Play all words highlights rows and respects filters (754ms)


  1) [chromium] › tests/e2e/words-audio.spec.js:48:3 › Words Play All Audio Feature › Play all words highlights rows and respects filters

    Error: expect(received).toBe(expected) // Object.is equality

    Expected: 0
    Received: 1

      75 |     // Check if highlights are cleared
      76 |     const highlightedRows = await page.$$('#glossary-tbody tr.highlighted-speech');
    > 77 |     expect(highlightedRows.length).toBe(0);
         |                                    ^
      78 |   });
      79 | });
      80 |
        at /home/z/my-project/words-list-v2/tests/e2e/words-audio.spec.js:77:36

    Error Context: test-results/words-audio-Words-Play-All-61530-s-rows-and-respects-filters-chromium/error-context.md

  1 failed
    [chromium] › tests/e2e/words-audio.spec.js:48:3 › Words Play All Audio Feature › Play all words highlights rows and respects filters
  1 skipped
  17 passed (40.7s)
