
Running 49 tests using 1 worker

(node:9619) Warning: The 'NO_COLOR' env is ignored due to the 'FORCE_COLOR' env being set.
(Use `node --trace-warnings ...` to show where the warning was created)
  ✓   1 [Mobile Chrome] › tests/e2e/cefr-card-reference.spec.js:548:9 › SHARED-CARD-001 ordinary card reference — synthetic edge-case deck › CHAR-01: ordinary card shell, front/back faces and below-card controls (553ms)
  ✓   2 [Mobile Chrome] › tests/e2e/cefr-card-reference.spec.js:582:9 › SHARED-CARD-001 ordinary card reference — synthetic edge-case deck › CHAR-02: pointer click flips front to back and back to front (1.6s)
  ✓   3 [Mobile Chrome] › tests/e2e/cefr-card-reference.spec.js:605:9 › SHARED-CARD-001 ordinary card reference — synthetic edge-case deck › CHAR-03 (TARGET, SC-02 resolved): back shows ONLY the first example with its translation always visible (654ms)
  ✓   4 [Mobile Chrome] › tests/e2e/cefr-card-reference.spec.js:630:9 › SHARED-CARD-001 ordinary card reference — synthetic edge-case deck › CHAR-04: single-example verb shows exactly that example and translation (4.4s)
  ✓   5 [Mobile Chrome] › tests/e2e/cefr-card-reference.spec.js:647:9 › SHARED-CARD-001 ordinary card reference — synthetic edge-case deck › CHAR-05: zero-example verb renders no example box, chip, or stale content (safe no-example state) (4.7s)
  ✓   6 [Mobile Chrome] › tests/e2e/cefr-card-reference.spec.js:669:9 › SHARED-CARD-001 ordinary card reference — synthetic edge-case deck › CHAR-06: German-only example verb shows the example but no EN chip (4.7s)
  ✓   7 [Mobile Chrome] › tests/e2e/cefr-card-reference.spec.js:686:9 › SHARED-CARD-001 ordinary card reference — synthetic edge-case deck › CHAR-07 (TARGET, SC-02 resolved): example-direction backs show the first example with its always-visible translation (1.3s)
  ✓   8 [Mobile Chrome] › tests/e2e/cefr-card-reference.spec.js:712:9 › SHARED-CARD-001 ordinary card reference — synthetic edge-case deck › CHAR-08: zero-example verb in example direction renders no example box and no stale content (4.8s)
  ✓   9 [Mobile Chrome] › tests/e2e/cefr-card-reference.spec.js:732:9 › SHARED-CARD-001 ordinary card reference — synthetic edge-case deck › CHAR-09 (TARGET, SC-01 resolved): en-to-de front carries no German answer in the DOM, metadata, or audio (650ms)
  ✓  10 [Mobile Chrome] › tests/e2e/cefr-card-reference.spec.js:769:9 › SHARED-CARD-001 ordinary card reference — synthetic edge-case deck › CHAR-09b (TARGET, AC-06): after reveal the en-to-de back shows the German answer and the first example (433ms)
  ✓  11 [Mobile Chrome] › tests/e2e/cefr-card-reference.spec.js:787:9 › SHARED-CARD-001 ordinary card reference — synthetic edge-case deck › CHAR-10: front favorite toggles the star, persists, and does not flip, grade, or advance (443ms)
  ✓  12 [Mobile Chrome] › tests/e2e/cefr-card-reference.spec.js:815:9 › SHARED-CARD-001 ordinary card reference — synthetic edge-case deck › CHAR-11: back favorite keeps the card revealed and changes only the favorite (1.3s)
  ✓  13 [Mobile Chrome] › tests/e2e/cefr-card-reference.spec.js:835:9 › SHARED-CARD-001 ordinary card reference — synthetic edge-case deck › CHAR-12 (TARGET, AC-08): revealed-back controls never flip, grade, or advance the card (1.8s)
  ✓  14 [Mobile Chrome] › tests/e2e/cefr-card-reference.spec.js:875:9 › SHARED-CARD-001 ordinary card reference — synthetic edge-case deck › CHAR-13: grade controls are the only card actions that grade and advance (by design) (834ms)
  ✓  15 [Mobile Chrome] › tests/e2e/cefr-card-reference.spec.js:898:9 › SHARED-CARD-001 ordinary card reference — synthetic edge-case deck › CHAR-14 (TARGET, SC-06 resolved): full keyboard traversal reaches every card control INCLUDING the flip surface (838ms)
  ✓  16 [Mobile Chrome] › tests/e2e/cefr-card-reference.spec.js:927:9 › SHARED-CARD-001 ordinary card reference — synthetic edge-case deck › CHAR-14a (finding SC-06, Enter): with keyboard focus on a card control, Enter runs only that control — zero reveal transitions (507ms)
  ✓  17 [Mobile Chrome] › tests/e2e/cefr-card-reference.spec.js:972:9 › SHARED-CARD-001 ordinary card reference — synthetic edge-case deck › CHAR-14b (finding SC-06, Space): with keyboard focus on a card control, Space runs only that control — zero reveal transitions (459ms)
  ✓  18 [Mobile Chrome] › tests/e2e/cefr-card-reference.spec.js:1009:9 › SHARED-CARD-001 ordinary card reference — synthetic edge-case deck › CHAR-15 (TARGET, SC-03 resolved): primary card touch targets are at least 44x44 CSS pixels (407ms)
  ✓  19 [Mobile Chrome] › tests/e2e/cefr-card-reference.spec.js:1034:9 › SHARED-CARD-001 ordinary card reference — synthetic edge-case deck › CHAR-16 (TARGET, SC-04 resolved): keyboard-focused card controls match :focus-visible and paint a visible indicator (1.3s)
  ✓  20 [Mobile Chrome] › tests/e2e/cefr-card-reference.spec.js:1090:9 › SHARED-CARD-001 ordinary card reference — synthetic edge-case deck › CHAR-17 (TARGET, SC-05 resolved): reduced-motion preference disables the flip transition (371ms)
  ✓  21 [Mobile Chrome] › tests/e2e/cefr-card-reference.spec.js:1130:9 › SHARED-CARD-001 ordinary card reference — synthetic edge-case deck › CHAR-18 (TARGET, AC-09): no horizontal overflow at the current viewport with a content-heavy back (1.9s)
  ✓  22 [Mobile Chrome] › tests/e2e/cefr-card-reference.spec.js:1160:9 › SHARED-CARD-001 ordinary card reference — synthetic edge-case deck › CHAR-19 (TARGET): real modules boot with a clean console and a live engine export (377ms)
  ✓  23 [Mobile Chrome] › tests/e2e/cefr-card-reference.spec.js:1180:9 › SHARED-CARD-001 ordinary card reference — real published dataset › CHAR-20: real deck 1 renders the reference shell and the first example with its translation on the back (540ms)
  ✓  24 [Mobile Chrome] › tests/e2e/cefr-card-reference.spec.js:1201:9 › SHARED-CARD-001 guided card reference — synthetic deck › CHAR-21 (TARGET, SC-07 resolved): guided intro uses the shared card shell with adapter-owned controls (406ms)
  ✓  25 [Mobile Chrome] › tests/e2e/cefr-card-reference.spec.js:1227:9 › SHARED-CARD-001 guided card reference — synthetic deck › CHAR-22 (TARGET, SC-07 resolved): guided recall uses the shared shell with tap-to-flip reveal (809ms)
  ✓  26 [Mobile Chrome] › tests/e2e/cefr-card-reference.spec.js:1260:9 › SHARED-CARD-001 guided card reference — synthetic deck › CHAR-23 (TARGET, GC-UI-005 analog): German-front recall keeps the English answer out of the DOM until reveal (905ms)
  ✓  27 [Mobile Chrome] › tests/e2e/cefr-card-reference.spec.js:1289:9 › SHARED-CARD-001 guided card reference — synthetic deck › CHAR-24 (TARGET, AC-06): production front leaks no German answer anywhere in the guided subtree (9.4s)
  ✓  28 [Mobile Chrome] › tests/e2e/cefr-card-reference.spec.js:1364:9 › SHARED-CARD-001 guided card reference — synthetic deck › CHAR-25 (TARGET, AC-08 analog): guided Listen speaks the served verb without grading or advancing (838ms)
  ✓  29 [Mobile Chrome] › tests/e2e/cefr-card-reference.spec.js:1389:9 › SHARED-CARD-001 guided card reference — synthetic deck › CHAR-26a (TARGET, GC-UI-009): guided Enter — keyboard-navigated Reveal Answer reveals exactly once; duplicate Enter neither grades nor advances (867ms)
  ✓  30 [Mobile Chrome] › tests/e2e/cefr-card-reference.spec.js:1426:9 › SHARED-CARD-001 guided card reference — synthetic deck › CHAR-26b (TARGET, GC-UI-009): guided Space — keyboard-navigated Reveal Answer reveals exactly once; duplicate Space neither grades nor advances (968ms)
  ✓  31 [Mobile Chrome] › tests/e2e/cefr-card-reference.spec.js:1457:9 › SHARED-CARD-001 guided card reference — synthetic deck › CHAR-27: guided intro example boundaries — every fixture verb is introduced with correct example presence (5.3s)
  ✓  32 [Mobile Chrome] › tests/e2e/cefr-card-reference.spec.js:1490:9 › SHARED-CARD-001 guided card reference — synthetic deck › CHAR-28 (TARGET, AC-09): guided view has no horizontal overflow at the current viewport (1.3s)
  ✓  33 [Mobile Chrome] › tests/e2e/cefr-card-reference.spec.js:1524:9 › SHARED-CARD-001/002 reference vs approved LF/GC targets — findings resolved by the shared card › SC-01 TARGET (DOM secrecy): the pre-reveal en-to-de card subtree carries no German answer text or metadata anywhere (361ms)
  ✓  34 [Mobile Chrome] › tests/e2e/cefr-card-reference.spec.js:1544:9 › SHARED-CARD-001/002 reference vs approved LF/GC targets — findings resolved by the shared card › SC-01 TARGET (audio secrecy): pre-reveal German-answer audio is unavailable in en-to-de mode (424ms)
  ✓  35 [Mobile Chrome] › tests/e2e/cefr-card-reference.spec.js:1574:9 › SHARED-CARD-001/002 reference vs approved LF/GC targets — findings resolved by the shared card › SC-02 TARGET: revealed back shows only the first example with its translation always visible (362ms)
  ✓  36 [Mobile Chrome] › tests/e2e/cefr-card-reference.spec.js:1589:9 › SHARED-CARD-001/002 reference vs approved LF/GC targets — findings resolved by the shared card › SC-03 TARGET: primary card touch targets are at least 44x44 CSS pixels (500ms)
  ✓  37 [Mobile Chrome] › tests/e2e/cefr-card-reference.spec.js:1607:9 › SHARED-CARD-001/002 reference vs approved LF/GC targets — findings resolved by the shared card › SC-04 TARGET: keyboard-focused card controls paint a visible focus indicator (635ms)
  ✓  38 [Mobile Chrome] › tests/e2e/cefr-card-reference.spec.js:1642:9 › SHARED-CARD-001/002 reference vs approved LF/GC targets — findings resolved by the shared card › SC-05 TARGET: reduced-motion preference disables the flip animation (327ms)
  ✓  39 [Mobile Chrome] › tests/e2e/cefr-card-reference.spec.js:1656:9 › SHARED-CARD-001/002 reference vs approved LF/GC targets — findings resolved by the shared card › SC-06 TARGET (Enter): the card is keyboard-reachable and Enter reveals it exactly once (449ms)
  ✓  40 [Mobile Chrome] › tests/e2e/cefr-card-reference.spec.js:1695:9 › SHARED-CARD-001/002 reference vs approved LF/GC targets — findings resolved by the shared card › SC-06 TARGET (Space): the card is keyboard-reachable and Space reveals it exactly once (421ms)
  ✓  41 [Mobile Chrome] › tests/e2e/cefr-card-reference.spec.js:1730:9 › SHARED-CARD-001/002 reference vs approved LF/GC targets — findings resolved by the shared card › SC-07 TARGET: guided card uses the ordinary card shell with tap-to-flip reveal (GC-UI-001/002) (850ms)
  ✓  42 [Mobile Chrome] › tests/e2e/cefr-card-reference.spec.js:1750:9 › SHARED-CARD-002 shared presentation — shell sharing and card-level keyboard activation › SC2-SHELL: ordinary and Guided modes render the SAME core card shell (GC-TEST-009) (1.1s)
  ✓  43 [Mobile Chrome] › tests/e2e/cefr-card-reference.spec.js:1802:9 › SHARED-CARD-002 shared presentation — shell sharing and card-level keyboard activation › SC2-KEY-ENTER: guided card is keyboard-reachable; Enter reveals exactly once; duplicate Enter never grades or advances (1.1s)
  ✓  44 [Mobile Chrome] › tests/e2e/cefr-card-reference.spec.js:1836:9 › SHARED-CARD-002 shared presentation — shell sharing and card-level keyboard activation › SC2-KEY-SPACE: guided card Space reveals exactly once; duplicate Space never grades or advances (1.0s)
  ✓  45 [Mobile Chrome] › tests/e2e/cefr-card-reference.spec.js:1896:9 › SHARED-CARD-002-C1 corrections — owner-review findings › C1-A11Y-001 (SC2-C1-A11Y-001): icon-only Speak and Favorite affordances expose stable descriptive accessible names (672ms)
  ✓  46 [Mobile Chrome] › tests/e2e/cefr-card-reference.spec.js:1924:9 › SHARED-CARD-002-C1 corrections — owner-review findings › C1-A11Y-002 (SC2-C1-A11Y-002, ordinary): the inactive face is inert — unreachable by Tab, absent from the accessibility tree, restored on flip-back (1.1s)
  ✓  47 [Mobile Chrome] › tests/e2e/cefr-card-reference.spec.js:1987:9 › SHARED-CARD-002-C1 corrections — owner-review findings › C1-A11Y-002 (SC2-C1-A11Y-002, guided): the revealed guided back exposes its controls while the hidden front stays inert (839ms)
  ✓  48 [Mobile Chrome] › tests/e2e/cefr-card-reference.spec.js:2005:9 › SHARED-CARD-002-C1 corrections — owner-review findings › C1-A11Y-003 (SC2-C1-A11Y-003): guided card semantics stay truthful — keyboard-reachable reveal, then no stale actionable reveal affordance (1.1s)
  ✓  49 [Mobile Chrome] › tests/e2e/cefr-card-reference.spec.js:2051:9 › SHARED-CARD-002-C1 corrections — owner-review findings › C1-DESIGN-001 (SC2-C1-DESIGN-001): example translations render through the language-neutral line with direction metadata (1.3s)

  49 passed (1.2m)
