
Running 45 tests using 1 worker

(node:4618) Warning: The 'NO_COLOR' env is ignored due to the 'FORCE_COLOR' env being set.
(Use `node --trace-warnings ...` to show where the warning was created)
  ✓   1 [chromium] › tests/e2e/cefr-cards.spec.js:450:9 › SHARED-CARD-003 A1 ordinary card — real dataset › SC3-A1-SHELL: words flashcards render through the shared card shell with level-owned controls and no verbs deck (1.0s)
  ✓   2 [chromium] › tests/e2e/cefr-cards.spec.js:497:9 › SHARED-CARD-003 A1 ordinary card — real dataset › SC3-A1-EXAMPLE: revealed back shows the real first German example with its real translation (AC-05) (869ms)
  ✓   3 [chromium] › tests/e2e/cefr-cards.spec.js:523:9 › SHARED-CARD-003 A1 ordinary card — real dataset › SC3-A1-FACES: German-front and translation-front behavior with safe language metadata (923ms)
  ✓   4 [chromium] › tests/e2e/cefr-cards.spec.js:554:9 › SHARED-CARD-003 A1 ordinary card — real dataset › SC3-A1-SECRECY-DOM: translation-front card subtree carries no German answer, example, or audio metadata before reveal (AC-06) (837ms)
  ✓   5 [chromium] › tests/e2e/cefr-cards.spec.js:575:9 › SHARED-CARD-003 A1 ordinary card — real dataset › SC3-A1-SECRECY-AUDIO: front speak never speaks the hidden German answer before reveal (1.8s)
  ✓   6 [chromium] › tests/e2e/cefr-cards.spec.js:602:9 › SHARED-CARD-003 A1 ordinary card — real dataset › SC3-A1-FAV: favorite affordance — descriptive name, truthful aria-pressed, immediate and refreshed persistence, no flip or grade (1.5s)
  ✓   7 [chromium] › tests/e2e/cefr-cards.spec.js:637:9 › SHARED-CARD-003 A1 ordinary card — real dataset › SC3-A1-SRS-WRITE: Known and Still Learning write the exact original unit IDs with no wrong-unit writes (AC-17 analog) (829ms)
  ✓   8 [chromium] › tests/e2e/cefr-cards.spec.js:672:9 › SHARED-CARD-003 A1 ordinary card — real dataset › SC3-A1-NAV: filters, shuffle toggle, previous/next navigation and the card counter (5.1s)
  ✓   9 [chromium] › tests/e2e/cefr-cards.spec.js:707:9 › SHARED-CARD-003 A1 ordinary card — real dataset › SC3-A1-SESSION: session completion shows the finished state, records the session, and restart works (904ms)
  ✓  10 [chromium] › tests/e2e/cefr-cards.spec.js:748:9 › SHARED-CARD-003 A1 ordinary card — synthetic edge cases › SC3-A1-SYNTH-NOEX: no-example card renders no example box and no stale content from the previous card (4.8s)
  ✓  11 [chromium] › tests/e2e/cefr-cards.spec.js:773:9 › SHARED-CARD-003 A1 ordinary card — synthetic edge cases › SC3-A1-SYNTH-MULTI: multiple-example card shows exactly the first example (5.0s)
  ✓  12 [chromium] › tests/e2e/cefr-cards.spec.js:788:9 › SHARED-CARD-003 A1 ordinary card — synthetic edge cases › SC3-A1-SYNTH-EX-WO-TR: example without a translation shows the sentence only, never an empty line (5.0s)
  ✓  13 [chromium] › tests/e2e/cefr-cards.spec.js:809:9 › SHARED-CARD-003 B2 ordinary card — real dataset › SC3-B2-MIXED: unit-1 card back shows the German answer, the first real example and its actual mixed translation (AC-05) (905ms)
  ✓  14 [chromium] › tests/e2e/cefr-cards.spec.js:842:9 › SHARED-CARD-003 B2 ordinary card — real dataset › SC3-B2-EN-ONLY: real English-only translation card carries ltr + lang=en and never a false Arabic label (779ms)
  ✓  15 [chromium] › tests/e2e/cefr-cards.spec.js:875:9 › SHARED-CARD-003 B2 ordinary card — real dataset › SC3-B2-NOEX: real no-example card (unit 69) renders the answer with no example block (845ms)
  ✓  16 [chromium] › tests/e2e/cefr-cards.spec.js:890:9 › SHARED-CARD-003 B2 ordinary card — real dataset › SC3-B2-EX-NO-TR: real sentence example without a translation shows the sentence only (882ms)
  ✓  17 [chromium] › tests/e2e/cefr-cards.spec.js:911:9 › SHARED-CARD-003 B2 ordinary card — real dataset › SC3-B2-SECRECY: translation-front B2 card hides the German answer and example before reveal (AC-06) (1.0s)
  ✓  18 [chromium] › tests/e2e/cefr-cards.spec.js:940:9 › SHARED-CARD-003 B2 ordinary card — real dataset › SC3-B2-ID-PERSISTENCE: grading writes the exact B2 unit ID under the B2 storage key only (813ms)
  ✓  19 [chromium] › tests/e2e/cefr-cards.spec.js:964:9 › SHARED-CARD-003 B2 ordinary card — real dataset › SC3-B2-UNIT-SWITCH: B2 unit switching updates the card scope and titles (797ms)
  ✓  20 [chromium] › tests/e2e/cefr-cards.spec.js:995:9 › SHARED-CARD-003 B2 ordinary card — synthetic language edges › SC3-B2-SYNTH-AR: Arabic-only translation renders rtl + lang=ar and is never labeled English (912ms)
  ✓  21 [chromium] › tests/e2e/cefr-cards.spec.js:1026:9 › SHARED-CARD-003 B2 ordinary card — synthetic language edges › SC3-B2-SYNTH-MIXED: mixed translation and multiple examples — dir=auto, no lang, first example only (4.9s)
  ✓  22 [chromium] › tests/e2e/cefr-cards.spec.js:1051:9 › SHARED-CARD-003 B2 ordinary card — synthetic language edges › SC3-B2-SYNTH-NOEX-EN: English-only no-example card renders safely (5.0s)
  ✓  23 [chromium] › tests/e2e/cefr-cards.spec.js:1065:9 › SHARED-CARD-003 B2 ordinary card — synthetic language edges › SC3-B2-SYNTH-MISSING-TR: missing translation renders a truthful placeholder and never a false language (5.2s)
  ✓  24 [chromium] › tests/e2e/cefr-cards.spec.js:1097:9 › SHARED-CARD-003 B2 ordinary card — synthetic language edges › SC3-B2-SYNTH-VOICE: Arabic and mixed display text are never spoken through any voice (5.7s)
  ✓  25 [chromium] › tests/e2e/cefr-cards.spec.js:1145:9 › SHARED-CARD-003 interaction and accessibility (A1) › SC3-INT-POINTER: pointer click flips front to back and back to front (AC-07) (1.7s)
  ✓  26 [chromium] › tests/e2e/cefr-cards.spec.js:1159:9 › SHARED-CARD-003 interaction and accessibility (A1) › SC3-INT-ENTER: the card is keyboard-reachable and Enter flips it exactly once (784ms)
  ✓  27 [chromium] › tests/e2e/cefr-cards.spec.js:1180:9 › SHARED-CARD-003 interaction and accessibility (A1) › SC3-INT-SPACE: Space flips the card exactly once and never scrolls the page (818ms)
  ✓  28 [chromium] › tests/e2e/cefr-cards.spec.js:1194:9 › SHARED-CARD-003 interaction and accessibility (A1) › SC3-INT-CONTROLS: Enter on a focused card control runs only that control — zero flip transitions (765ms)
  ✓  29 [chromium] › tests/e2e/cefr-cards.spec.js:1214:9 › SHARED-CARD-003 interaction and accessibility (A1) › SC3-INT-GRADE-DOUBLE: keyboard Enter on Known grades exactly once — no duplicate write or double advance (770ms)
  ✓  30 [chromium] › tests/e2e/cefr-cards.spec.js:1236:9 › SHARED-CARD-003 interaction and accessibility (A1) › SC3-INT-BACK-CONTROLS: revealed-back controls never flip, grade, or advance the card (AC-08) (1.9s)
  ✓  31 [chromium] › tests/e2e/cefr-cards.spec.js:1274:9 › SHARED-CARD-003 interaction and accessibility (A1) › SC3-A11Y-INERT: only the displayed face is focusable and exposed — inert faces, AX-tree exclusion, flip-back restore (AC-09/SC2-C1 analog) (1.5s)
  ✓  32 [chromium] › tests/e2e/cefr-cards.spec.js:1332:9 › SHARED-CARD-003 interaction and accessibility (A1) › SC3-A11Y-NAMES: icon-only card controls expose descriptive accessible names and truthful aria-pressed (734ms)
  ✓  33 [chromium] › tests/e2e/cefr-cards.spec.js:1357:9 › SHARED-CARD-003 interaction and accessibility (A1) › SC3-A11Y-FOCUS: keyboard-focused card controls match :focus-visible and paint a visible indicator (AC-09) (987ms)
  ✓  34 [chromium] › tests/e2e/cefr-cards.spec.js:1383:9 › SHARED-CARD-003 interaction and accessibility (A1) › SC3-A11Y-TARGETS: primary card touch targets are at least 44x44 CSS pixels (AC-09) (712ms)
  ✓  35 [chromium] › tests/e2e/cefr-cards.spec.js:1401:9 › SHARED-CARD-003 interaction and accessibility (A1) › SC3-A11Y-REDUCED-MOTION: reduced-motion preference disables the flip transition but not the flip (461ms)
  ✓  36 [chromium] › tests/e2e/cefr-cards.spec.js:1438:9 › SHARED-CARD-003 interaction and accessibility (A1) › SC3-THEME: light and dark themes both render the card and keep the flip behavior (845ms)
  ✓  37 [chromium] › tests/e2e/cefr-cards.spec.js:1460:9 › SHARED-CARD-003 interaction and accessibility (A1) › SC3-OVERFLOW: no horizontal overflow on the front or the revealed mixed-content back (AC-09) (770ms)
  ✓  38 [chromium] › tests/e2e/cefr-cards.spec.js:1483:9 › SHARED-CARD-003 interaction and accessibility (A1) › SC3-CONSOLE: both level pages boot the shared card with a clean console (943ms)
  ✓  39 [chromium] › tests/e2e/cefr-cards.spec.js:1503:9 › SHARED-CARD-003 regression — phrases, conversation, source boundary › SC3-REG-PHRASES-TAB: the Phrases tab still renders phrase cards (LF-NAV / AC-10) (542ms)
  ✓  40 [chromium] › tests/e2e/cefr-cards.spec.js:1513:9 › SHARED-CARD-003 regression — phrases, conversation, source boundary › SC3-REG-PHRASE-FLASHCARDS: phrase flashcards keep the legacy card behavior, grading and phrase counters (670ms)
  ✓  41 [chromium] › tests/e2e/cefr-cards.spec.js:1543:9 › SHARED-CARD-003 regression — phrases, conversation, source boundary › SC3-REG-CONVERSATION: the Conversation tab still renders scenes (542ms)
  ✓  42 [chromium] › tests/e2e/cefr-cards.spec.js:1551:9 › SHARED-CARD-003 regression — phrases, conversation, source boundary › SC3-REG-B2-MISSING: B2 phrases and conversation tabs show their configured empty states (532ms)
  ✓  43 [chromium] › tests/e2e/cefr-cards.spec.js:1561:9 › SHARED-CARD-003 regression — phrases, conversation, source boundary › SC3-REG-SOURCE-BOUNDARY: a unit switch from phrase flashcards re-routes word grades to word storage (AC-17/AC-10) (761ms)
  ✓  44 [chromium] › tests/e2e/cefr-cards.spec.js:1588:9 › SHARED-CARD-003 regression — phrases, conversation, source boundary › SC3-REG-MODE-SWAP: words and phrases flashcard modes swap their card DOM with no duplicate ids (936ms)
  ✓  45 [chromium] › tests/e2e/cefr-cards.spec.js:1627:9 › SHARED-CARD-003 regression — phrases, conversation, source boundary › SC3-REG-A1-UNIT-SWITCH: A1 unit switching updates the card scope and grades the exact unit-2 ID (726ms)

  45 passed (1.3m)
