
> german-words-list2-v2@1.0.0 test:units
> node --test "tests/unit/**/*.test.mjs"

✔ LEVEL-DATA-012: normalized mixed translations speak only the English field (4.85752ms)
✔ LEVEL-DATA-013: normalized Arabic-only translations are never sent to an English voice (1.267087ms)
✔ LEVEL-DATA-014: legacy cards without normalized speech fields keep English playback (2.33333ms)
✔ SHARED-CARD-003 unit: translationDisplayAttrs derives direction and language metadata (SC3/LF-CARD) (1.774161ms)
✔ SHARED-CARD-003 unit: firstExample returns exactly the first structured example or null (1.145418ms)
✔ LEVEL-DATA-001: A1 retains the German and translated first example (1.873631ms)
✔ LEVEL-DATA-002: B2 retains bilingual display text without mislabeling it as English-only (0.427666ms)
✔ LEVEL-DATA-002A: slash-separated English alternatives stay English-only (0.206093ms)
✔ LEVEL-DATA-002B: Arabic-only translations expose only Arabic speech text (0.142365ms)
✔ LEVEL-DATA-003: cards without examples expose empty collections without changing legacy fields (0.324398ms)
✔ LEVEL-DATA-004: real A1 and B2 configs retain units, IDs, and example fields (5.178855ms)
✔ LEVEL-DATA-005: real A1 and B2 configs pass the normalized vocabulary validator (14.243688ms)
✔ LEVEL-DATA-006: content-sensitive snapshots detect unit counts and accidental reordering (40.869914ms)
✔ LEVEL-DATA-007: validator rejects duplicate IDs, unit mismatches, and broken examples (0.76504ms)
✔ LEVEL-DATA-008: validator rejects duplicate words and inconsistent normalized aliases (0.461087ms)
✔ LEVEL-DATA-009: duplicate-word allowances are exact and become stale when the data changes (0.367994ms)
✔ LEVEL-DATA-010: legacy level progress loads with stable IDs still present in normalized data (4.390837ms)
✔ LEVEL-DATA-011: a level config cannot omit its level identity (0.297719ms)
✔ SHARED-CARD-002 unit: unrevealed front renders the shell with an empty lazy back face (1.197807ms)
✔ SHARED-CARD-002 unit: lazy revealed back carries the answer content and the flipped state (0.210178ms)
✔ SHARED-CARD-002 unit: example block renders ONLY the first example with its translation always visible (SC-02) (0.333135ms)
✔ SHARED-CARD-002 unit: example block without a translation shows the sentence and no translation line (0.151471ms)
✔ SHARED-CARD-002 unit: no-example state renders nothing — no stale or placeholder content (0.108557ms)
✔ SHARED-CARD-002 unit: adapter-specific actions are placed below the card, verbatim (0.247797ms)
✔ SHARED-CARD-002 unit: the renderer has no storage/scheduler/persistence/DOM dependency (FP-DESIGN-009) (0.505367ms)
✔ SHARED-CARD-002 unit: safe escaping — example data is sanitized in text and attributes (0.204009ms)
✔ SHARED-CARD-002 unit: hidden metadata — the favorite button carries no card id and a hidden hint carries no text (SC-01b/d) (0.457764ms)
✔ SHARED-CARD-002 unit: non-flippable presentation card exposes no flip affordance (0.236745ms)
✔ SHARED-CARD-002-C1 unit: icon-only Speak and Favorite affordances expose stable descriptive accessible names (SC2-C1-A11Y-001) (0.204221ms)
✔ SHARED-CARD-002-C1 unit: only the displayed face is exposed — the hidden back renders inert until flipped, and an inert front is supported (SC2-C1-A11Y-002) (0.171154ms)
✔ SHARED-CARD-002-C1 unit: a non-activatable card keeps both faces but exposes no activation affordance (SC2-C1-A11Y-003) (0.159257ms)
✔ SHARED-CARD-002-C1 unit: example translations are language-neutral — English, Arabic, mixed and missing metadata render safely (SC2-C1-DESIGN-001) (0.469633ms)
✔ schema version is bumped to 2 for per-track merging (0.878435ms)
✔ trackNumericTime returns null for a track that does not exist (0.191697ms)
✔ trackNumericTime falls back to record updatedAt for legacy explicit win (0.096935ms)
✔ trackNumericTime prefers the explicit track timestamp (0.100381ms)
✔ mergeVerbRecord joins per-track data without an explicit track timestamp (0.304802ms)
✔ mergeVerbRecord keeps the newer explicit recognition track (0.484599ms)
✔ mergeVerbRecord does not invent an SRS track that never existed (0.195465ms)
✔ mergeVerbLearning preserves both sides and sessions (0.423691ms)
✔ GC-11: schema version 2 default, upgrade, and merge produce version 2 (1.499165ms)
✔ GC-15: mergeVerbLearning handles complete track conflict matrix independently (0.451081ms)
✔ mergeVerbRecord: newer recognition SRS/timestamp cannot erase an older recognition win (0.193015ms)
✔ mergeVerbRecord: newer production SRS/timestamp cannot erase an older production win (0.160184ms)
✔ normalizeVerbLearning upgrades old, missing, and invalid versions, never downgrades newer ones (5.269899ms)
✔ mergeVerbLearning returns the highest schema version and never downgrades (1.075449ms)
✔ mergeVerbLearning with undefined and null inputs returns a safe version-2 default (0.912017ms)
✔ acquisition seeds a hidden rolling pool capped at eight (1.507023ms)
✔ pool never exceeds eight throughout a full lesson (3.015455ms)
✔ a ready acquisition word leaves the pool and the next unseen word enters (0.323524ms)
✔ forgot during acquisition never repeats without intervening cards (0.239271ms)
✔ recognition phase only starts once every acquisition word is ready (0.216652ms)
✔ acquisition completes and the pool stays rolling to recognition for 50 verbs (0.501601ms)
✔ fast recognition passes on the first official attempt (0.209225ms)
✔ slow recognition is scheduled again and never passes (0.151083ms)
✔ forgot during recognition requires recovery before passing (0.206408ms)
✔ forgot during recognition cannot pass after zero fast recalls (0.278964ms)
✔ production challenge stays independent from recognition (0.260973ms)
✔ full deck drives recognition, then production to the final second win (0.266521ms)
✔ review session serves recognition then production tracks and completes (0.638684ms)
✔ review session that starts on production serves production first (0.192207ms)
✔ finishSession seals a session so it can never start again (0.109393ms)
✔ recognition direction remains German→English throughout the phase (0.172047ms)
✔ production prompts use English→German direction (no German on front) (0.115219ms)
✔ phase order is stable across sessions so refresh does not reshuffle (0.148914ms)
✔ review session serves recognition items before production items (0.716632ms)
✔ only a valid positive finite latency counts as fast (0.263425ms)
✔ GC-10: completedTracks is modified only by completeReviewTrack and not by startReviewTrack or nextPresentation (0.185971ms)
✔ GC-19: learning and review sessions are isolated and sealed on completion (0.153197ms)
✔ T2-unit: per-track review orders are stored separately and ID-set mismatch regenerates (0.329149ms)
✔ T4-unit: monotonic recall latency — edge values never count as fast (0.237928ms)
✔ T5-unit: a replayed terminal event is a complete no-op (no turn, no retry, no scoring) (0.28656ms)
✔ T5-unit: a replayed acquisition win is a complete no-op (0.159526ms)
✔ T5-unit: completeIntro replay and wrong-phase calls are complete no-ops (0.173996ms)
✔ T5-unit: grading a pending card inside a sealed session is a complete no-op (0.222132ms)
ℹ tests 75
ℹ suites 0
ℹ pass 75
ℹ fail 0
ℹ cancelled 0
ℹ skipped 0
ℹ todo 0
ℹ duration_ms 489.680512
