SpeechQueue: Speech error occurred synthesis-failed
SpeechQueue: Watchdog fired — advancing.
✔ AUDIO-002 A1: default controls plan term, English translation, and first-example steps per repetition in item-major order (3.62911ms)
✔ AUDIO-002 A2: repeatCount 3 emits three full repetitions of a verb before anything else (0.412283ms)
✔ AUDIO-002 A3: exampleMode none emits only the term and translation steps (0.233077ms)
✔ AUDIO-002 A4: exampleMode first emits only the first example pair (0.231988ms)
✔ AUDIO-002 A5: exampleMode all emits every example pair in source order (0.209412ms)
✔ AUDIO-002 A6: include-English unchecked omits every English translation step (0.185429ms)
✔ AUDIO-002 A7: the Start-At dropdown selection begins the plan at that queue position (0.195976ms)
✔ AUDIO-002 A8: a row-play startIndex begins at that row and syncs the Start-At dropdown (0.195161ms)
✔ AUDIO-002 A9: out-of-range start values clamp to the last verb instead of producing an empty queue (0.218287ms)
✔ AUDIO-002 A10: planned queue items carry the stable verb identity, the planner language, and the text (0.251817ms)
✔ AUDIO-002 A11: verbs with missing text are skipped by the planner without substituting another language (0.350093ms)
✖ AUDIO-002 A12 (revised by AUDIO-002-C1): an empty planned sequence never starts the queue and restores the resting control state (0.959164ms)
✔ AUDIO-002 B1: playAll speaks each item once in order, highlights each item, and fires completion exactly once at drain (1.390269ms)
✔ AUDIO-002 B2: stop during the delayed-speak window prevents any utterance (0.249712ms)
✔ AUDIO-002 B3: pause preserves the cursor and queue; a stale onend cannot advance or complete the paused queue (0.40469ms)
✔ AUDIO-002 B4: resume after a pause during the speak delay re-speaks the current item exactly once (0.278633ms)
✔ AUDIO-002 B5: canceled and interrupted utterance errors do not advance; a genuine error advances (0.856322ms)
✔ AUDIO-002 B6: the watchdog advances a stuck utterance and is cleared by pause (0.320062ms)
✔ AUDIO-002 B7: the no-synthesis fallback advances items with highlight and completes at drain (0.20212ms)
✔ AUDIO-002 B8: pause and stop fully cancel the pending no-synthesis fallback timer (0.146513ms)
✔ AUDIO-002 B9: rapid restart speaks the replacement queue first item exactly once (0.15652ms)
✔ AUDIO-002 B10: stale callbacks from a replaced queue cannot advance or complete the replacement (0.511008ms)
✔ AUDIO-002 B11: playAll with an empty list stops and cleans the current queue without firing completion (0.204533ms)
✖ AUDIO-002-C1 U1: changing the deck cancels the running autoplay session before the new deck is presented (0.85988ms)
✖ AUDIO-002-C1 U2: switching the view away from the autoplay context cancels the session (0.345059ms)
✖ AUDIO-002-C1 U3: starting playback with an empty controller queue stops a previous session instead of leaving it alive (0.212395ms)
✖ AUDIO-002-C1 U4: a start attempt producing an empty planned sequence stops a previous session instead of leaving it alive (0.290617ms)
✖ AUDIO-002-C1 U5: a paused session is cancelled, not resumed, when the deck changes (0.334365ms)
✖ AUDIO-002-C1 U6: loadDeck cancels the real SpeechQueue so a stale utterance callback cannot advance after navigation (controller + real queue) (1.489657ms)
ℹ tests 29
ℹ suites 0
ℹ pass 22
ℹ fail 7
ℹ cancelled 0
ℹ skipped 0
ℹ todo 0
ℹ duration_ms 92.459916

✖ failing tests:

test at tests/unit/verbs-audio.test.mjs:522:1
✖ AUDIO-002 A12 (revised by AUDIO-002-C1): an empty planned sequence never starts the queue and restores the resting control state (0.959164ms)
  AssertionError [ERR_ASSERTION]: Expected values to be strictly equal:

  0 !== 1

      at TestContext.<anonymous> (file:///home/z/my-project/words-list-v2/tests/unit/verbs-audio.test.mjs:532:12)
      at Test.runInAsyncScope (node:async_hooks:227:14)
      at Test.run (node:internal/test_runner/test:1382:25)
      at Test.processPendingSubtests (node:internal/test_runner/test:960:18)
      at Test.postRun (node:internal/test_runner/test:1522:19)
      at Test.run (node:internal/test_runner/test:1447:12)
      at async Test.processPendingSubtests (node:internal/test_runner/test:960:7) {
    generatedMessage: true,
    code: 'ERR_ASSERTION',
    actual: 0,
    expected: 1,
    operator: 'strictEqual',
    diff: 'simple'
  }

test at tests/unit/verbs-audio.test.mjs:890:1
✖ AUDIO-002-C1 U1: changing the deck cancels the running autoplay session before the new deck is presented (0.85988ms)
  AssertionError [ERR_ASSERTION]: Expected values to be strictly equal:

  0 !== 1

      at TestContext.<anonymous> (file:///home/z/my-project/words-list-v2/tests/unit/verbs-audio.test.mjs:903:12)
      at Test.runInAsyncScope (node:async_hooks:227:14)
      at Test.run (node:internal/test_runner/test:1382:25)
      at Test.processPendingSubtests (node:internal/test_runner/test:960:18)
      at Test.postRun (node:internal/test_runner/test:1522:19)
      at Test.run (node:internal/test_runner/test:1447:12)
      at async Test.processPendingSubtests (node:internal/test_runner/test:960:7) {
    generatedMessage: true,
    code: 'ERR_ASSERTION',
    actual: 0,
    expected: 1,
    operator: 'strictEqual',
    diff: 'simple'
  }

test at tests/unit/verbs-audio.test.mjs:914:1
✖ AUDIO-002-C1 U2: switching the view away from the autoplay context cancels the session (0.345059ms)
  AssertionError [ERR_ASSERTION]: Expected values to be strictly equal:

  0 !== 1

      at TestContext.<anonymous> (file:///home/z/my-project/words-list-v2/tests/unit/verbs-audio.test.mjs:924:12)
      at Test.runInAsyncScope (node:async_hooks:227:14)
      at Test.run (node:internal/test_runner/test:1382:25)
      at Test.processPendingSubtests (node:internal/test_runner/test:960:18)
      at Test.postRun (node:internal/test_runner/test:1522:19)
      at Test.run (node:internal/test_runner/test:1447:12)
      at async Test.processPendingSubtests (node:internal/test_runner/test:960:7) {
    generatedMessage: true,
    code: 'ERR_ASSERTION',
    actual: 0,
    expected: 1,
    operator: 'strictEqual',
    diff: 'simple'
  }

test at tests/unit/verbs-audio.test.mjs:937:1
✖ AUDIO-002-C1 U3: starting playback with an empty controller queue stops a previous session instead of leaving it alive (0.212395ms)
  AssertionError [ERR_ASSERTION]: Expected values to be strictly equal:

  0 !== 1

      at TestContext.<anonymous> (file:///home/z/my-project/words-list-v2/tests/unit/verbs-audio.test.mjs:951:12)
      at Test.runInAsyncScope (node:async_hooks:227:14)
      at Test.run (node:internal/test_runner/test:1382:25)
      at Test.processPendingSubtests (node:internal/test_runner/test:960:18)
      at Test.postRun (node:internal/test_runner/test:1522:19)
      at Test.run (node:internal/test_runner/test:1447:12)
      at async Test.processPendingSubtests (node:internal/test_runner/test:960:7) {
    generatedMessage: true,
    code: 'ERR_ASSERTION',
    actual: 0,
    expected: 1,
    operator: 'strictEqual',
    diff: 'simple'
  }

test at tests/unit/verbs-audio.test.mjs:957:1
✖ AUDIO-002-C1 U4: a start attempt producing an empty planned sequence stops a previous session instead of leaving it alive (0.290617ms)
  AssertionError [ERR_ASSERTION]: Expected values to be strictly equal:

  0 !== 1

      at TestContext.<anonymous> (file:///home/z/my-project/words-list-v2/tests/unit/verbs-audio.test.mjs:970:12)
      at Test.runInAsyncScope (node:async_hooks:227:14)
      at Test.run (node:internal/test_runner/test:1382:25)
      at Test.processPendingSubtests (node:internal/test_runner/test:960:18)
      at Test.postRun (node:internal/test_runner/test:1522:19)
      at Test.run (node:internal/test_runner/test:1447:12)
      at async Test.processPendingSubtests (node:internal/test_runner/test:960:7) {
    generatedMessage: true,
    code: 'ERR_ASSERTION',
    actual: 0,
    expected: 1,
    operator: 'strictEqual',
    diff: 'simple'
  }

test at tests/unit/verbs-audio.test.mjs:976:1
✖ AUDIO-002-C1 U5: a paused session is cancelled, not resumed, when the deck changes (0.334365ms)
  AssertionError [ERR_ASSERTION]: Expected values to be strictly equal:

  0 !== 1

      at TestContext.<anonymous> (file:///home/z/my-project/words-list-v2/tests/unit/verbs-audio.test.mjs:990:12)
      at Test.runInAsyncScope (node:async_hooks:227:14)
      at Test.run (node:internal/test_runner/test:1382:25)
      at Test.processPendingSubtests (node:internal/test_runner/test:960:18)
      at Test.postRun (node:internal/test_runner/test:1522:19)
      at Test.run (node:internal/test_runner/test:1447:12)
      at async Test.processPendingSubtests (node:internal/test_runner/test:960:7) {
    generatedMessage: true,
    code: 'ERR_ASSERTION',
    actual: 0,
    expected: 1,
    operator: 'strictEqual',
    diff: 'simple'
  }

test at tests/unit/verbs-audio.test.mjs:997:1
✖ AUDIO-002-C1 U6: loadDeck cancels the real SpeechQueue so a stale utterance callback cannot advance after navigation (controller + real queue) (1.489657ms)
  TypeError: engineReal.loadDeck is not a function
      at TestContext.<anonymous> (file:///home/z/my-project/words-list-v2/tests/unit/verbs-audio.test.mjs:1008:16)
      at Test.runInAsyncScope (node:async_hooks:227:14)
      at Test.run (node:internal/test_runner/test:1382:25)
      at Test.processPendingSubtests (node:internal/test_runner/test:960:18)
      at Test.postRun (node:internal/test_runner/test:1522:19)
      at Test.run (node:internal/test_runner/test:1447:12)
      at async Test.processPendingSubtests (node:internal/test_runner/test:960:7)
