
Running 54 tests using 1 worker


(node:4618) Warning: The 'NO_COLOR' env is ignored due to the 'FORCE_COLOR' env being set.
(Use `node --trace-warnings ...` to show where the warning was created)

[1/54] [chromium] › tests/e2e/verb-guided-challenge.spec.js:137:9 › Guided Challenge E2E Suite › starts guided challenge and shows the acquisition phase with intro cards


















[2/54] [chromium] › tests/e2e/verb-guided-challenge.spec.js:146:9 › Guided Challenge E2E Suite › keeps the hidden acquisition pool at eight or fewer verbs

















[3/54] [chromium] › tests/e2e/verb-guided-challenge.spec.js:186:9 › Guided Challenge E2E Suite › forgot during acquisition never repeats immediately

















[4/54] [chromium] › tests/e2e/verb-guided-challenge.spec.js:212:9 › Guided Challenge E2E Suite › recognition phase prompts German → English and ends with the First Win


















[5/54] [chromium] › tests/e2e/verb-guided-challenge.spec.js:266:9 › Guided Challenge E2E Suite › production phase prompts English → German and ends with the Second Win


















[6/54] [chromium] › tests/e2e/verb-guided-challenge.spec.js:315:9 › Guided Challenge E2E Suite › restart challenge explicitly resets the session

















[7/54] [chromium] › tests/e2e/verb-guided-challenge.spec.js:331:9 › Guided Challenge E2E Suite › resumes the session after a refresh



















[8/54] [chromium] › tests/e2e/verb-guided-challenge.spec.js:348:9 › Guided Challenge E2E Suite › legacy knownVerbIds aliases are migrated to canonical ids with a backup
















[9/54] [chromium] › tests/e2e/verb-guided-challenge.spec.js:375:9 › Guided Challenge E2E Suite › daily review with no due verbs shows a toast instead of opening


















[10/54] [chromium] › tests/e2e/verb-guided-challenge.spec.js:382:9 › Guided Challenge E2E Suite › daily review with due verbs serves recognition then production tracks


















[11/54] [chromium] › tests/e2e/verb-guided-challenge.spec.js:428:9 › Guided Challenge E2E Suite › no browser console errors during the guided flow


















[12/54] [chromium] › tests/e2e/verb-guided-challenge.spec.js:445:9 › Guided Challenge E2E Suite › verbLearning mastery is committed only when a whole phase wins


















[13/54] [chromium] › tests/e2e/verb-guided-challenge.spec.js:517:9 › Guided Challenge E2E Suite › GC-01: independent review track ordering and no skipped production when track lengths match
















[14/54] [chromium] › tests/e2e/verb-guided-challenge.spec.js:563:9 › Guided Challenge E2E Suite › T3: canonical-ID migration through real loading lifecycle


































[15/54] [chromium] › tests/e2e/verb-guided-challenge.spec.js:712:9 › Guided Challenge E2E Suite › GC-06: double reveal does not wipe or replace frozen recall latency


















[16/54] [chromium] › tests/e2e/verb-guided-challenge.spec.js:736:9 › Guided Challenge E2E Suite › GC-07: daily review progress indicator advances card-by-card per terminal completion


















[17/54] [chromium] › tests/e2e/verb-guided-challenge.spec.js:771:9 › Guided Challenge E2E Suite › GC-08: one terminal review outcome applies to exactly one SRS track, once, and completion needs every due card













[18/54] [chromium] › tests/e2e/verb-guided-challenge.spec.js:837:9 › Guided Challenge E2E Suite › GC-09: two click attempts on the same grade button apply exactly one grade



















[19/54] [chromium] › tests/e2e/verb-guided-challenge.spec.js:942:9 › Guided Challenge E2E Suite › GC-11: two click attempts on the same Intro button introduce exactly one card

















[20/54] [chromium] › tests/e2e/verb-guided-challenge.spec.js:1036:9 › Guided Challenge E2E Suite › R1: Daily Review does not render a Restart button or Restart action in any state



















[21/54] [chromium] › tests/e2e/verb-guided-challenge.spec.js:1088:9 › Guided Challenge E2E Suite › R2: Resume Daily Review after refresh restores the exact production-phase state




















[22/54] [chromium] › tests/e2e/verb-guided-challenge.spec.js:1265:9 › Guided Challenge E2E Suite › R3: Guided Challenge (learning) still keeps Restart and works end-to-end


















[23/54] [chromium] › tests/e2e/verbs.spec.js:9:7 › Top German Verbs Mastery E2E Suite (Card Recycling & Custom Auto-Play TTS) › should recycle Still Learning card to the end of queue and advance to next card

















[24/54] [chromium] › tests/e2e/verbs.spec.js:24:7 › Top German Verbs Mastery E2E Suite (Card Recycling & Custom Auto-Play TTS) › should pronounce example sentence when clicking on German sentence text in List View


















[25/54] [chromium] › tests/e2e/verbs.spec.js:33:7 › Top German Verbs Mastery E2E Suite (Card Recycling & Custom Auto-Play TTS) › should configure custom Auto-Play Audio sequence (repeat count, English TTS, start location)


















[26/54] [chromium] › tests/e2e/verbs.spec.js:69:7 › Top German Verbs Mastery E2E Suite (Card Recycling & Custom Auto-Play TTS) › should start Auto-Play from a specific row when clicking play button ▶

















[27/54] [chromium] › tests/e2e/verbs.spec.js:86:7 › Top German Verbs Mastery E2E Suite (Card Recycling & Custom Auto-Play TTS) › should toggle Favorites Only mode in Flashcards view

















(node:5567) Warning: The 'NO_COLOR' env is ignored due to the 'FORCE_COLOR' env being set.
(Use `node --trace-warnings ...` to show where the warning was created)

[28/54] [Mobile Chrome] › tests/e2e/verb-guided-challenge.spec.js:137:9 › Guided Challenge E2E Suite › starts guided challenge and shows the acquisition phase with intro cards


















[29/54] [Mobile Chrome] › tests/e2e/verb-guided-challenge.spec.js:146:9 › Guided Challenge E2E Suite › keeps the hidden acquisition pool at eight or fewer verbs


















[30/54] [Mobile Chrome] › tests/e2e/verb-guided-challenge.spec.js:186:9 › Guided Challenge E2E Suite › forgot during acquisition never repeats immediately


















[31/54] [Mobile Chrome] › tests/e2e/verb-guided-challenge.spec.js:212:9 › Guided Challenge E2E Suite › recognition phase prompts German → English and ends with the First Win


















[32/54] [Mobile Chrome] › tests/e2e/verb-guided-challenge.spec.js:266:9 › Guided Challenge E2E Suite › production phase prompts English → German and ends with the Second Win


















[33/54] [Mobile Chrome] › tests/e2e/verb-guided-challenge.spec.js:315:9 › Guided Challenge E2E Suite › restart challenge explicitly resets the session















[34/54] [Mobile Chrome] › tests/e2e/verb-guided-challenge.spec.js:331:9 › Guided Challenge E2E Suite › resumes the session after a refresh



















[35/54] [Mobile Chrome] › tests/e2e/verb-guided-challenge.spec.js:348:9 › Guided Challenge E2E Suite › legacy knownVerbIds aliases are migrated to canonical ids with a backup


















[36/54] [Mobile Chrome] › tests/e2e/verb-guided-challenge.spec.js:375:9 › Guided Challenge E2E Suite › daily review with no due verbs shows a toast instead of opening

















[37/54] [Mobile Chrome] › tests/e2e/verb-guided-challenge.spec.js:382:9 › Guided Challenge E2E Suite › daily review with due verbs serves recognition then production tracks

















[38/54] [Mobile Chrome] › tests/e2e/verb-guided-challenge.spec.js:428:9 › Guided Challenge E2E Suite › no browser console errors during the guided flow

















[39/54] [Mobile Chrome] › tests/e2e/verb-guided-challenge.spec.js:445:9 › Guided Challenge E2E Suite › verbLearning mastery is committed only when a whole phase wins


















[40/54] [Mobile Chrome] › tests/e2e/verb-guided-challenge.spec.js:517:9 › Guided Challenge E2E Suite › GC-01: independent review track ordering and no skipped production when track lengths match



















[41/54] [Mobile Chrome] › tests/e2e/verb-guided-challenge.spec.js:563:9 › Guided Challenge E2E Suite › T3: canonical-ID migration through real loading lifecycle

































[42/54] [Mobile Chrome] › tests/e2e/verb-guided-challenge.spec.js:712:9 › Guided Challenge E2E Suite › GC-06: double reveal does not wipe or replace frozen recall latency


















[43/54] [Mobile Chrome] › tests/e2e/verb-guided-challenge.spec.js:736:9 › Guided Challenge E2E Suite › GC-07: daily review progress indicator advances card-by-card per terminal completion



















[44/54] [Mobile Chrome] › tests/e2e/verb-guided-challenge.spec.js:771:9 › Guided Challenge E2E Suite › GC-08: one terminal review outcome applies to exactly one SRS track, once, and completion needs every due card



















[45/54] [Mobile Chrome] › tests/e2e/verb-guided-challenge.spec.js:837:9 › Guided Challenge E2E Suite › GC-09: two click attempts on the same grade button apply exactly one grade



















[46/54] [Mobile Chrome] › tests/e2e/verb-guided-challenge.spec.js:942:9 › Guided Challenge E2E Suite › GC-11: two click attempts on the same Intro button introduce exactly one card

















[47/54] [Mobile Chrome] › tests/e2e/verb-guided-challenge.spec.js:1036:9 › Guided Challenge E2E Suite › R1: Daily Review does not render a Restart button or Restart action in any state



















  1) [Mobile Chrome] › tests/e2e/verb-guided-challenge.spec.js:1036:9 › Guided Challenge E2E Suite › R1: Daily Review does not render a Restart button or Restart action in any state

    Error: expect(locator).toBeVisible() failed

    Locator:  locator('#view-guided')
    Expected: visible
    Received: hidden
    Timeout:  5000ms

    Call log:
      - Expect "toBeVisible" with timeout 5000ms
      - waiting for locator('#view-guided')
        13 × locator resolved to <div class="hidden" id="view-guided">…</div>
           - unexpected value "hidden"


      1053 |         await page.reload();
      1054 |         await page.locator('button:has-text("Daily Review")').click();
    > 1055 |         await expect(page.locator('#view-guided')).toBeVisible();
           |                                                    ^
      1056 |
      1057 |         // 1. Transition state (intro to recognition)
      1058 |         await expect(page.locator('.guided-milestone-title')).toContainText(/Continuing to/);
        at /home/z/my-project/words-list-v2/tests/e2e/verb-guided-challenge.spec.js:1055:52

    Error Context: test-results/verb-guided-challenge-Guid-beaa2-Restart-action-in-any-state-Mobile-Chrome/error-context.md



(node:6304) Warning: The 'NO_COLOR' env is ignored due to the 'FORCE_COLOR' env being set.
(Use `node --trace-warnings ...` to show where the warning was created)

[48/54] [Mobile Chrome] › tests/e2e/verb-guided-challenge.spec.js:1088:9 › Guided Challenge E2E Suite › R2: Resume Daily Review after refresh restores the exact production-phase state




















[49/54] [Mobile Chrome] › tests/e2e/verb-guided-challenge.spec.js:1265:9 › Guided Challenge E2E Suite › R3: Guided Challenge (learning) still keeps Restart and works end-to-end


















[50/54] [Mobile Chrome] › tests/e2e/verbs.spec.js:9:7 › Top German Verbs Mastery E2E Suite (Card Recycling & Custom Auto-Play TTS) › should recycle Still Learning card to the end of queue and advance to next card


















[51/54] [Mobile Chrome] › tests/e2e/verbs.spec.js:24:7 › Top German Verbs Mastery E2E Suite (Card Recycling & Custom Auto-Play TTS) › should pronounce example sentence when clicking on German sentence text in List View


















[52/54] [Mobile Chrome] › tests/e2e/verbs.spec.js:33:7 › Top German Verbs Mastery E2E Suite (Card Recycling & Custom Auto-Play TTS) › should configure custom Auto-Play Audio sequence (repeat count, English TTS, start location)


















[53/54] [Mobile Chrome] › tests/e2e/verbs.spec.js:69:7 › Top German Verbs Mastery E2E Suite (Card Recycling & Custom Auto-Play TTS) › should start Auto-Play from a specific row when clicking play button ▶


















[54/54] [Mobile Chrome] › tests/e2e/verbs.spec.js:86:7 › Top German Verbs Mastery E2E Suite (Card Recycling & Custom Auto-Play TTS) › should toggle Favorites Only mode in Flashcards view


















  1 failed
    [Mobile Chrome] › tests/e2e/verb-guided-challenge.spec.js:1036:9 › Guided Challenge E2E Suite › R1: Daily Review does not render a Restart button or Restart action in any state
  53 passed (2.3m)
