
> german-words-list2-v2@1.0.0 test:units
> node --test "tests/unit/**/*.test.mjs"

✔ LEVEL-DATA-012: normalized mixed translations speak only the English field (6.794543ms)
✔ LEVEL-DATA-013: normalized Arabic-only translations are never sent to an English voice (1.107406ms)
✔ LEVEL-DATA-014: legacy cards without normalized speech fields keep English playback (1.898788ms)
✔ SHARED-CARD-003 unit: translationDisplayAttrs derives direction and language metadata (SC3/LF-CARD) (1.706733ms)
✔ SHARED-CARD-003 unit: firstExample returns exactly the first structured example or null (1.050508ms)
✔ LEVEL-DATA-001: A1 retains the German and translated first example (1.786163ms)
✔ LEVEL-DATA-002: B2 retains bilingual display text without mislabeling it as English-only (0.384843ms)
✔ LEVEL-DATA-002A: slash-separated English alternatives stay English-only (0.209156ms)
✔ LEVEL-DATA-002B: Arabic-only translations expose only Arabic speech text (0.142568ms)
✔ LEVEL-DATA-003: cards without examples expose empty collections without changing legacy fields (0.27072ms)
✔ LEVEL-DATA-004: real A1 and B2 configs retain units, IDs, and example fields (8.173639ms)
✔ LEVEL-DATA-005: real A1 and B2 configs pass the normalized vocabulary validator (13.768251ms)
✔ LEVEL-DATA-006: content-sensitive snapshots detect unit counts and accidental reordering (32.953747ms)
✔ LEVEL-DATA-007: validator rejects duplicate IDs, unit mismatches, and broken examples (0.453955ms)
✔ LEVEL-DATA-008: validator rejects duplicate words and inconsistent normalized aliases (0.351004ms)
✔ LEVEL-DATA-009: duplicate-word allowances are exact and become stale when the data changes (0.297694ms)
✔ LEVEL-DATA-010: legacy level progress loads with stable IDs still present in normalized data (3.690302ms)
✔ LEVEL-DATA-011: a level config cannot omit its level identity (0.208423ms)
✔ SHARED-CARD-002 unit: unrevealed front renders the shell with an empty lazy back face (1.091946ms)
✔ SHARED-CARD-002 unit: lazy revealed back carries the answer content and the flipped state (0.194957ms)
✔ SHARED-CARD-002 unit: example block renders ONLY the first example with its translation always visible (SC-02) (0.271387ms)
✔ SHARED-CARD-002 unit: example block without a translation shows the sentence and no translation line (0.144414ms)
✔ SHARED-CARD-002 unit: no-example state renders nothing — no stale or placeholder content (0.10209ms)
✔ SHARED-CARD-002 unit: adapter-specific actions are placed below the card, verbatim (0.175047ms)
✔ SHARED-CARD-002 unit: the renderer has no storage/scheduler/persistence/DOM dependency (FP-DESIGN-009) (0.41864ms)
✔ SHARED-CARD-002 unit: safe escaping — example data is sanitized in text and attributes (0.14841ms)
✔ SHARED-CARD-002 unit: hidden metadata — the favorite button carries no card id and a hidden hint carries no text (SC-01b/d) (0.359174ms)
✔ SHARED-CARD-002 unit: non-flippable presentation card exposes no flip affordance (0.201782ms)
✔ SHARED-CARD-002-C1 unit: icon-only Speak and Favorite affordances expose stable descriptive accessible names (SC2-C1-A11Y-001) (0.187316ms)
✔ SHARED-CARD-002-C1 unit: only the displayed face is exposed — the hidden back renders inert until flipped, and an inert front is supported (SC2-C1-A11Y-002) (0.130954ms)
✔ SHARED-CARD-002-C1 unit: a non-activatable card keeps both faces but exposes no activation affordance (SC2-C1-A11Y-003) (0.114207ms)
✔ SHARED-CARD-002-C1 unit: example translations are language-neutral — English, Arabic, mixed and missing metadata render safely (SC2-C1-DESIGN-001) (1.107719ms)
✔ AUDIO-001-C1: zero items produces an empty step list with no warnings (1.709093ms)
✔ AUDIO-001-C1: one item without examples and defaults produces one German term step (0.412802ms)
✔ AUDIO-001-C1: many items with default options produce one term step per item in source order (0.191ms)
✔ AUDIO-001-C1: normalized A1-shaped card with translationLanguage "en" emits term then English term-translation (0.249709ms)
✔ AUDIO-001-C1: normalized B2 mixed card with translationLanguage "mixed" emits term, en, then ar term-translations (0.378707ms)
✔ AUDIO-001-C1: Arabic-only normalized card with translationLanguage "ar" emits term then Arabic term-translation, never English (0.273048ms)
✔ AUDIO-001-C1: null translationLanguage emits no term-translation step and no warning even when translation text exists (0.228997ms)
✔ AUDIO-001-C1: a stale synthetic card.language property is ignored; term translation follows card.translationLanguage (0.259736ms)
✔ AUDIO-001-C1: a card produced by the actual A1 parser plans term, en term-translation, example, and en example-translation steps (0.298735ms)
✔ AUDIO-001-C1: a mixed card produced by the actual B2 parser plans term, en/ar term-translations, and en/ar example-translations (0.406559ms)
✔ AUDIO-001-C1: an Arabic-only card produced by the actual B2 parser plans term, Arabic term-translation, example, and Arabic example-translation (0.246441ms)
✔ AUDIO-001-C1: a real A1 dataset card plans term, en term-translation, example, and en example-translation steps (0.171229ms)
✔ AUDIO-001-C1: a real B2 dataset card keeps slash alternatives in one en step and splits its mixed example into en and ar steps (0.200821ms)
✔ AUDIO-001-C1: card.language is neither required nor introduced on normalized cards (0.376033ms)
✔ AUDIO-001-C1: two items with repeatCount 2 emit item 1 both repeats then item 2 both repeats (Verbs autoplay order) (0.160385ms)
✔ AUDIO-001-C1: each item repetition contains its term, requested translation, and requested examples before the next repetition or item (0.292247ms)
✔ AUDIO-001-C1: repeatCount 3 on one item emits the term three times with ascending repeatIndex (0.105155ms)
✔ AUDIO-001-C1: startIndex 0 plays the full sequence with original indices (0.126677ms)
✔ AUDIO-001-C1: startIndex in the middle retains the original item indices 1 and 2 without re-basing (0.092762ms)
✔ AUDIO-001-C1: startIndex at the last item plays exactly that item with its original index (0.080107ms)
✔ AUDIO-001-C1: startIndex out of range produces an empty step list with an OUT_OF_RANGE_START_INDEX warning (0.11904ms)
✔ AUDIO-001-C1: item ids and original indices stay stable across repeats after a startIndex (0.152033ms)
✔ AUDIO-001-C1: exampleMode none omits all example steps (0.140249ms)
✔ AUDIO-001-C1: exampleMode first emits only the first example (0.111321ms)
✔ AUDIO-001-C1: exampleMode all emits every example in source order (0.124618ms)
✔ AUDIO-001-C1: includeTranslation=false (default) omits term-translation steps even when text is available (0.090776ms)
✔ AUDIO-001-C1: empty English term-translation is skipped with a SKIPPED_EMPTY_TEXT warning, no substitution (0.12401ms)
✔ AUDIO-001-C1: empty German term text is skipped with a SKIPPED_EMPTY_TEXT warning (0.106981ms)
✔ AUDIO-001-C1: English slash alternatives are kept intact in one English step and never split or reclassified (0.093031ms)
✔ AUDIO-001-C1: mixed-language example translation emits example, en-translation, ar-translation as separate steps (0.165864ms)
✔ AUDIO-001-C1: invalid exampleMode throws InvalidSpeechPlanOptionError (0.538984ms)
✔ AUDIO-001-C1: repeatCount 0 throws InvalidSpeechPlanOptionError (0.143459ms)
✔ AUDIO-001-C1: negative repeatCount throws InvalidSpeechPlanOptionError (0.144201ms)
✔ AUDIO-001-C1: non-boolean includeTranslation throws InvalidSpeechPlanOptionError (0.174041ms)
✔ AUDIO-001-C1: negative startIndex throws InvalidSpeechPlanOptionError (0.127878ms)
✔ AUDIO-001-C1: non-integer startIndex throws InvalidSpeechPlanOptionError (0.162975ms)
✔ AUDIO-001-C1: items not an array throws InvalidSpeechPlanOptionError (0.133575ms)
✔ AUDIO-001-C1: planSpeechSequence never mutates items, cards, examples, or options (0.280236ms)
✔ AUDIO-001-C1: two calls with the same inputs produce deep-equal results (fresh arrays each call) (0.188018ms)
✔ AUDIO-001-C1: deterministic item-major ordering holds for many items with repeats and translations (0.194071ms)
✔ schema version is bumped to 2 for per-track merging (0.920526ms)
✔ trackNumericTime returns null for a track that does not exist (0.20185ms)
✔ trackNumericTime falls back to record updatedAt for legacy explicit win (0.103118ms)
✔ trackNumericTime prefers the explicit track timestamp (0.104229ms)
✔ mergeVerbRecord joins per-track data without an explicit track timestamp (0.291247ms)
✔ mergeVerbRecord keeps the newer explicit recognition track (0.424517ms)
✔ mergeVerbRecord does not invent an SRS track that never existed (0.16592ms)
✔ mergeVerbLearning preserves both sides and sessions (0.340641ms)
✔ GC-11: schema version 2 default, upgrade, and merge produce version 2 (1.342837ms)
✔ GC-15: mergeVerbLearning handles complete track conflict matrix independently (0.410171ms)
✔ mergeVerbRecord: newer recognition SRS/timestamp cannot erase an older recognition win (0.201243ms)
✔ mergeVerbRecord: newer production SRS/timestamp cannot erase an older production win (1.098476ms)
✔ normalizeVerbLearning upgrades old, missing, and invalid versions, never downgrades newer ones (0.815501ms)
✔ mergeVerbLearning returns the highest schema version and never downgrades (0.83744ms)
✔ mergeVerbLearning with undefined and null inputs returns a safe version-2 default (0.764222ms)
✔ acquisition seeds a hidden rolling pool capped at eight (1.49535ms)
✔ pool never exceeds eight throughout a full lesson (3.150767ms)
✔ a ready acquisition word leaves the pool and the next unseen word enters (0.357253ms)
✔ forgot during acquisition never repeats without intervening cards (0.205848ms)
✔ recognition phase only starts once every acquisition word is ready (0.201193ms)
✔ acquisition completes and the pool stays rolling to recognition for 50 verbs (0.518368ms)
✔ fast recognition passes on the first official attempt (0.1693ms)
✔ slow recognition is scheduled again and never passes (0.139121ms)
✔ forgot during recognition requires recovery before passing (0.866177ms)
✔ forgot during recognition cannot pass after zero fast recalls (0.323241ms)
✔ production challenge stays independent from recognition (0.300475ms)
✔ full deck drives recognition, then production to the final second win (0.237567ms)
✔ review session serves recognition then production tracks and completes (0.622673ms)
✔ review session that starts on production serves production first (0.188481ms)
✔ finishSession seals a session so it can never start again (0.094598ms)
✔ recognition direction remains German→English throughout the phase (0.139102ms)
✔ production prompts use English→German direction (no German on front) (0.312751ms)
✔ phase order is stable across sessions so refresh does not reshuffle (0.181016ms)
✔ review session serves recognition items before production items (0.765056ms)
✔ only a valid positive finite latency counts as fast (0.296539ms)
✔ GC-10: completedTracks is modified only by completeReviewTrack and not by startReviewTrack or nextPresentation (0.169261ms)
✔ GC-19: learning and review sessions are isolated and sealed on completion (0.139962ms)
✔ T2-unit: per-track review orders are stored separately and ID-set mismatch regenerates (0.322164ms)
✔ T4-unit: monotonic recall latency — edge values never count as fast (0.224401ms)
✔ T5-unit: a replayed terminal event is a complete no-op (no turn, no retry, no scoring) (0.279353ms)
✔ T5-unit: a replayed acquisition win is a complete no-op (0.169417ms)
✔ T5-unit: completeIntro replay and wrong-phase calls are complete no-ops (0.204693ms)
✔ T5-unit: grading a pending card inside a sealed session is a complete no-op (0.186792ms)
SpeechQueue: Speech error occurred synthesis-failed
SpeechQueue: Watchdog fired — advancing.
SpeechQueue: Watchdog fired — advancing.
✔ AUDIO-002 A1: default controls plan term, English translation, and first-example steps per repetition in item-major order (3.842927ms)
✔ AUDIO-002 A2: repeatCount 3 emits three full repetitions of a verb before anything else (0.435874ms)
✔ AUDIO-002 A3: exampleMode none emits only the term and translation steps (0.277948ms)
✔ AUDIO-002 A4: exampleMode first emits only the first example pair (0.36456ms)
✔ AUDIO-002 A5: exampleMode all emits every example pair in source order (0.220332ms)
✔ AUDIO-002 A6: include-English unchecked omits every English translation step (0.226473ms)
✔ AUDIO-002 A7: the Start-At dropdown selection begins the plan at that queue position (0.240239ms)
✔ AUDIO-002 A8: a row-play startIndex begins at that row and syncs the Start-At dropdown (0.226865ms)
✔ AUDIO-002 A9: out-of-range start values clamp to the last verb instead of producing an empty queue (0.639398ms)
✔ AUDIO-002 A10: planned queue items carry the stable verb identity, the planner language, and the text (0.392223ms)
✔ AUDIO-002 A11: verbs with missing text are skipped by the planner without substituting another language (0.350684ms)
✔ AUDIO-002 A12 (revised by AUDIO-002-C1): an empty planned sequence never starts the queue and restores the resting control state (0.225934ms)
✔ AUDIO-002 B1: playAll speaks each item once in order, highlights each item, and fires completion exactly once at drain (1.543057ms)
✔ AUDIO-002 B2: stop during the delayed-speak window prevents any utterance (0.216321ms)
✔ AUDIO-002 B3: pause preserves the cursor and queue; a stale onend cannot advance or complete the paused queue (0.467994ms)
✔ AUDIO-002 B4: resume after a pause during the speak delay re-speaks the current item exactly once (0.267909ms)
✔ AUDIO-002 B5: canceled and interrupted utterance errors do not advance; a genuine error advances (1.198428ms)
✔ AUDIO-002 B6: the watchdog advances a stuck utterance and is cleared by pause (0.424151ms)
✔ AUDIO-002 B7: the no-synthesis fallback advances items with highlight and completes at drain (0.213654ms)
✔ AUDIO-002 B8: pause and stop fully cancel the pending no-synthesis fallback timer (0.144363ms)
✔ AUDIO-002 B9: rapid restart speaks the replacement queue first item exactly once (0.201426ms)
✔ AUDIO-002 B10: stale callbacks from a replaced queue cannot advance or complete the replacement (0.364054ms)
✔ AUDIO-002 B11: playAll with an empty list stops and cleans the current queue without firing completion (0.161442ms)
✔ AUDIO-002-C1 U1: changing the deck cancels the running autoplay session before the new deck is presented (0.801157ms)
✔ AUDIO-002-C1 U2: switching the view away from the autoplay context cancels the session (0.268863ms)
✔ AUDIO-002-C1 U3: starting playback with an empty controller queue stops a previous session instead of leaving it alive (0.147056ms)
✔ AUDIO-002-C1 U4: a start attempt producing an empty planned sequence stops a previous session instead of leaving it alive (0.205584ms)
✔ AUDIO-002-C1 U5: a paused session is cancelled, not resumed, when the deck changes (0.209726ms)
✔ AUDIO-002-C1 U6: loadDeck cancels the real SpeechQueue so stale utterance callbacks can neither advance after navigation nor disturb the replacement (controller + real queue) (1.824649ms)
ℹ tests 144
ℹ suites 0
ℹ pass 144
ℹ fail 0
ℹ cancelled 0
ℹ skipped 0
ℹ todo 0
ℹ duration_ms 660.167679
