
Running 322 tests using 1 worker


(node:8852) Warning: The 'NO_COLOR' env is ignored due to the 'FORCE_COLOR' env being set.
(Use `node --trace-warnings ...` to show where the warning was created)

[1/322] [chromium] › tests/e2e/activity-streak.spec.js:76:7 › Learning Activity / Streak Tracker E2E Suite › marking a brand-new flashcard as Known records activity for today






















[chromium] › tests/e2e/activity-streak.spec.js:76:7 › Learning Activity / Streak Tracker E2E Suite › marking a brand-new flashcard as Known records activity for today
[Browser Console log] 🎙️ Selected German Voice: Mock Voice

[Browser Console log] ✅ [A1] Config loaded: 📚 A1 German

[Browser Console log] ✅ Firebase initialized for appId: german-a1-app

[Browser Console log] 🚀 DOM loaded / App booting.

[Browser Console log] 📱 Using offline mode

[Browser Console log] [WP-010] Migration complete. Version set to 1.

[Browser Console log] ✅ Engines initialized with 30 words in Unit 1

























[2/322] [chromium] › tests/e2e/activity-streak.spec.js:117:7 › Learning Activity / Streak Tracker E2E Suite › re-marking an already-known card does not double-count activity





















[chromium] › tests/e2e/activity-streak.spec.js:117:7 › Learning Activity / Streak Tracker E2E Suite › re-marking an already-known card does not double-count activity
[Browser Console log] 🎙️ Selected German Voice: Mock Voice


[Browser Console log] ✅ [A1] Config loaded: 📚 A1 German

[Browser Console log] ✅ Firebase initialized for appId: german-a1-app

[Browser Console log] 🚀 DOM loaded / App booting.

[Browser Console log] 📱 Using offline mode

[Browser Console log] [WP-010] Migration complete. Version set to 1.

[Browser Console log] ✅ Engines initialized with 30 words in Unit 1

[3/322] [chromium] › tests/e2e/activity-streak.spec.js:145:7 › Learning Activity / Streak Tracker E2E Suite › listening to 15+ words via TTS counts as a learning day without flashcards





















[chromium] › tests/e2e/activity-streak.spec.js:145:7 › Learning Activity / Streak Tracker E2E Suite › listening to 15+ words via TTS counts as a learning day without flashcards
[Browser Console log] 🎙️ Selected German Voice: Mock Voice


[Browser Console log] ✅ [A1] Config loaded: 📚 A1 German

[Browser Console log] ✅ Firebase initialized for appId: german-a1-app

[Browser Console log] 🚀 DOM loaded / App booting.

[Browser Console log] 📱 Using offline mode

[Browser Console log] [WP-010] Migration complete. Version set to 1.

[Browser Console log] ✅ Engines initialized with 30 words in Unit 1

























[4/322] [chromium] › tests/e2e/activity-streak.spec.js:187:7 › Learning Activity / Streak Tracker E2E Suite › streak is preserved when today has no activity but yesterday does






















[chromium] › tests/e2e/activity-streak.spec.js:187:7 › Learning Activity / Streak Tracker E2E Suite › streak is preserved when today has no activity but yesterday does
[Browser Console log] 🎙️ Selected German Voice: Mock Voice


[Browser Console log] ✅ [A1] Config loaded: 📚 A1 German

[Browser Console log] ✅ Firebase initialized for appId: german-a1-app

[Browser Console log] 🚀 DOM loaded / App booting.




















[Browser Console log] 📱 Using offline mode

[Browser Console log] [WP-010] Migration complete. Version set to 1.


[Browser Console log] ✅ Engines initialized with 30 words in Unit 1



[5/322] [chromium] › tests/e2e/cefr-card-reference.spec.js:548:9 › SHARED-CARD-001 ordinary card reference — synthetic edge-case deck › CHAR-01: ordinary card shell, front/back faces and below-card controls
















[6/322] [chromium] › tests/e2e/cefr-card-reference.spec.js:582:9 › SHARED-CARD-001 ordinary card reference — synthetic edge-case deck › CHAR-02: pointer click flips front to back and back to front
















[7/322] [chromium] › tests/e2e/cefr-card-reference.spec.js:605:9 › SHARED-CARD-001 ordinary card reference — synthetic edge-case deck › CHAR-03 (TARGET, SC-02 resolved): back shows ONLY the first example with its translation always visible
















[8/322] [chromium] › tests/e2e/cefr-card-reference.spec.js:630:9 › SHARED-CARD-001 ordinary card reference — synthetic edge-case deck › CHAR-04: single-example verb shows exactly that example and translation
















[9/322] [chromium] › tests/e2e/cefr-card-reference.spec.js:647:9 › SHARED-CARD-001 ordinary card reference — synthetic edge-case deck › CHAR-05: zero-example verb renders no example box, chip, or stale content (safe no-example state)
















[10/322] [chromium] › tests/e2e/cefr-card-reference.spec.js:669:9 › SHARED-CARD-001 ordinary card reference — synthetic edge-case deck › CHAR-06: German-only example verb shows the example but no EN chip
















[11/322] [chromium] › tests/e2e/cefr-card-reference.spec.js:686:9 › SHARED-CARD-001 ordinary card reference — synthetic edge-case deck › CHAR-07 (TARGET, SC-02 resolved): example-direction backs show the first example with its always-visible translation
















[12/322] [chromium] › tests/e2e/cefr-card-reference.spec.js:712:9 › SHARED-CARD-001 ordinary card reference — synthetic edge-case deck › CHAR-08: zero-example verb in example direction renders no example box and no stale content
















[13/322] [chromium] › tests/e2e/cefr-card-reference.spec.js:732:9 › SHARED-CARD-001 ordinary card reference — synthetic edge-case deck › CHAR-09 (TARGET, SC-01 resolved): en-to-de front carries no German answer in the DOM, metadata, or audio
















[14/322] [chromium] › tests/e2e/cefr-card-reference.spec.js:769:9 › SHARED-CARD-001 ordinary card reference — synthetic edge-case deck › CHAR-09b (TARGET, AC-06): after reveal the en-to-de back shows the German answer and the first example
















[15/322] [chromium] › tests/e2e/cefr-card-reference.spec.js:787:9 › SHARED-CARD-001 ordinary card reference — synthetic edge-case deck › CHAR-10: front favorite toggles the star, persists, and does not flip, grade, or advance
















[16/322] [chromium] › tests/e2e/cefr-card-reference.spec.js:815:9 › SHARED-CARD-001 ordinary card reference — synthetic edge-case deck › CHAR-11: back favorite keeps the card revealed and changes only the favorite
















[17/322] [chromium] › tests/e2e/cefr-card-reference.spec.js:835:9 › SHARED-CARD-001 ordinary card reference — synthetic edge-case deck › CHAR-12 (TARGET, AC-08): revealed-back controls never flip, grade, or advance the card
















[18/322] [chromium] › tests/e2e/cefr-card-reference.spec.js:875:9 › SHARED-CARD-001 ordinary card reference — synthetic edge-case deck › CHAR-13: grade controls are the only card actions that grade and advance (by design)















[19/322] [chromium] › tests/e2e/cefr-card-reference.spec.js:898:9 › SHARED-CARD-001 ordinary card reference — synthetic edge-case deck › CHAR-14 (TARGET, SC-06 resolved): full keyboard traversal reaches every card control INCLUDING the flip surface
















[20/322] [chromium] › tests/e2e/cefr-card-reference.spec.js:927:9 › SHARED-CARD-001 ordinary card reference — synthetic edge-case deck › CHAR-14a (finding SC-06, Enter): with keyboard focus on a card control, Enter runs only that control — zero reveal transitions
















[21/322] [chromium] › tests/e2e/cefr-card-reference.spec.js:972:9 › SHARED-CARD-001 ordinary card reference — synthetic edge-case deck › CHAR-14b (finding SC-06, Space): with keyboard focus on a card control, Space runs only that control — zero reveal transitions
















[22/322] [chromium] › tests/e2e/cefr-card-reference.spec.js:1009:9 › SHARED-CARD-001 ordinary card reference — synthetic edge-case deck › CHAR-15 (TARGET, SC-03 resolved): primary card touch targets are at least 44x44 CSS pixels
















[23/322] [chromium] › tests/e2e/cefr-card-reference.spec.js:1034:9 › SHARED-CARD-001 ordinary card reference — synthetic edge-case deck › CHAR-16 (TARGET, SC-04 resolved): keyboard-focused card controls match :focus-visible and paint a visible indicator
















[24/322] [chromium] › tests/e2e/cefr-card-reference.spec.js:1090:9 › SHARED-CARD-001 ordinary card reference — synthetic edge-case deck › CHAR-17 (TARGET, SC-05 resolved): reduced-motion preference disables the flip transition
















[25/322] [chromium] › tests/e2e/cefr-card-reference.spec.js:1130:9 › SHARED-CARD-001 ordinary card reference — synthetic edge-case deck › CHAR-18 (TARGET, AC-09): no horizontal overflow at the current viewport with a content-heavy back
















[26/322] [chromium] › tests/e2e/cefr-card-reference.spec.js:1160:9 › SHARED-CARD-001 ordinary card reference — synthetic edge-case deck › CHAR-19 (TARGET): real modules boot with a clean console and a live engine export
















[27/322] [chromium] › tests/e2e/cefr-card-reference.spec.js:1180:9 › SHARED-CARD-001 ordinary card reference — real published dataset › CHAR-20: real deck 1 renders the reference shell and the first example with its translation on the back















[28/322] [chromium] › tests/e2e/cefr-card-reference.spec.js:1201:9 › SHARED-CARD-001 guided card reference — synthetic deck › CHAR-21 (TARGET, SC-07 resolved): guided intro uses the shared card shell with adapter-owned controls
















[29/322] [chromium] › tests/e2e/cefr-card-reference.spec.js:1227:9 › SHARED-CARD-001 guided card reference — synthetic deck › CHAR-22 (TARGET, SC-07 resolved): guided recall uses the shared shell with tap-to-flip reveal
















[30/322] [chromium] › tests/e2e/cefr-card-reference.spec.js:1260:9 › SHARED-CARD-001 guided card reference — synthetic deck › CHAR-23 (TARGET, GC-UI-005 analog): German-front recall keeps the English answer out of the DOM until reveal
















[31/322] [chromium] › tests/e2e/cefr-card-reference.spec.js:1289:9 › SHARED-CARD-001 guided card reference — synthetic deck › CHAR-24 (TARGET, AC-06): production front leaks no German answer anywhere in the guided subtree















[32/322] [chromium] › tests/e2e/cefr-card-reference.spec.js:1364:9 › SHARED-CARD-001 guided card reference — synthetic deck › CHAR-25 (TARGET, AC-08 analog): guided Listen speaks the served verb without grading or advancing











[33/322] [chromium] › tests/e2e/cefr-card-reference.spec.js:1389:9 › SHARED-CARD-001 guided card reference — synthetic deck › CHAR-26a (TARGET, GC-UI-009): guided Enter — keyboard-navigated Reveal Answer reveals exactly once; duplicate Enter neither grades nor advances
















[34/322] [chromium] › tests/e2e/cefr-card-reference.spec.js:1426:9 › SHARED-CARD-001 guided card reference — synthetic deck › CHAR-26b (TARGET, GC-UI-009): guided Space — keyboard-navigated Reveal Answer reveals exactly once; duplicate Space neither grades nor advances
















[35/322] [chromium] › tests/e2e/cefr-card-reference.spec.js:1457:9 › SHARED-CARD-001 guided card reference — synthetic deck › CHAR-27: guided intro example boundaries — every fixture verb is introduced with correct example presence















[36/322] [chromium] › tests/e2e/cefr-card-reference.spec.js:1490:9 › SHARED-CARD-001 guided card reference — synthetic deck › CHAR-28 (TARGET, AC-09): guided view has no horizontal overflow at the current viewport
















[37/322] [chromium] › tests/e2e/cefr-card-reference.spec.js:1524:9 › SHARED-CARD-001/002 reference vs approved LF/GC targets — findings resolved by the shared card › SC-01 TARGET (DOM secrecy): the pre-reveal en-to-de card subtree carries no German answer text or metadata anywhere
















[38/322] [chromium] › tests/e2e/cefr-card-reference.spec.js:1544:9 › SHARED-CARD-001/002 reference vs approved LF/GC targets — findings resolved by the shared card › SC-01 TARGET (audio secrecy): pre-reveal German-answer audio is unavailable in en-to-de mode
















[39/322] [chromium] › tests/e2e/cefr-card-reference.spec.js:1574:9 › SHARED-CARD-001/002 reference vs approved LF/GC targets — findings resolved by the shared card › SC-02 TARGET: revealed back shows only the first example with its translation always visible















[40/322] [chromium] › tests/e2e/cefr-card-reference.spec.js:1589:9 › SHARED-CARD-001/002 reference vs approved LF/GC targets — findings resolved by the shared card › SC-03 TARGET: primary card touch targets are at least 44x44 CSS pixels
















[41/322] [chromium] › tests/e2e/cefr-card-reference.spec.js:1607:9 › SHARED-CARD-001/002 reference vs approved LF/GC targets — findings resolved by the shared card › SC-04 TARGET: keyboard-focused card controls paint a visible focus indicator
















[42/322] [chromium] › tests/e2e/cefr-card-reference.spec.js:1642:9 › SHARED-CARD-001/002 reference vs approved LF/GC targets — findings resolved by the shared card › SC-05 TARGET: reduced-motion preference disables the flip animation
















[43/322] [chromium] › tests/e2e/cefr-card-reference.spec.js:1656:9 › SHARED-CARD-001/002 reference vs approved LF/GC targets — findings resolved by the shared card › SC-06 TARGET (Enter): the card is keyboard-reachable and Enter reveals it exactly once
















[44/322] [chromium] › tests/e2e/cefr-card-reference.spec.js:1695:9 › SHARED-CARD-001/002 reference vs approved LF/GC targets — findings resolved by the shared card › SC-06 TARGET (Space): the card is keyboard-reachable and Space reveals it exactly once
















[45/322] [chromium] › tests/e2e/cefr-card-reference.spec.js:1730:9 › SHARED-CARD-001/002 reference vs approved LF/GC targets — findings resolved by the shared card › SC-07 TARGET: guided card uses the ordinary card shell with tap-to-flip reveal (GC-UI-001/002)
















[46/322] [chromium] › tests/e2e/cefr-card-reference.spec.js:1750:9 › SHARED-CARD-002 shared presentation — shell sharing and card-level keyboard activation › SC2-SHELL: ordinary and Guided modes render the SAME core card shell (GC-TEST-009)






























[47/322] [chromium] › tests/e2e/cefr-card-reference.spec.js:1802:9 › SHARED-CARD-002 shared presentation — shell sharing and card-level keyboard activation › SC2-KEY-ENTER: guided card is keyboard-reachable; Enter reveals exactly once; duplicate Enter never grades or advances
















[48/322] [chromium] › tests/e2e/cefr-card-reference.spec.js:1836:9 › SHARED-CARD-002 shared presentation — shell sharing and card-level keyboard activation › SC2-KEY-SPACE: guided card Space reveals exactly once; duplicate Space never grades or advances














[49/322] [chromium] › tests/e2e/cefr-card-reference.spec.js:1896:9 › SHARED-CARD-002-C1 corrections — owner-review findings › C1-A11Y-001 (SC2-C1-A11Y-001): icon-only Speak and Favorite affordances expose stable descriptive accessible names














[50/322] [chromium] › tests/e2e/cefr-card-reference.spec.js:1924:9 › SHARED-CARD-002-C1 corrections — owner-review findings › C1-A11Y-002 (SC2-C1-A11Y-002, ordinary): the inactive face is inert — unreachable by Tab, absent from the accessibility tree, restored on flip-back
















[51/322] [chromium] › tests/e2e/cefr-card-reference.spec.js:1987:9 › SHARED-CARD-002-C1 corrections — owner-review findings › C1-A11Y-002 (SC2-C1-A11Y-002, guided): the revealed guided back exposes its controls while the hidden front stays inert
















[52/322] [chromium] › tests/e2e/cefr-card-reference.spec.js:2005:9 › SHARED-CARD-002-C1 corrections — owner-review findings › C1-A11Y-003 (SC2-C1-A11Y-003): guided card semantics stay truthful — keyboard-reachable reveal, then no stale actionable reveal affordance
















[53/322] [chromium] › tests/e2e/cefr-card-reference.spec.js:2051:9 › SHARED-CARD-002-C1 corrections — owner-review findings › C1-DESIGN-001 (SC2-C1-DESIGN-001): example translations render through the language-neutral line with direction metadata
















[54/322] [chromium] › tests/e2e/cefr-cards.spec.js:461:9 › SHARED-CARD-003 A1 ordinary card — real dataset › SC3-A1-SHELL: words flashcards render through the shared card shell with level-owned controls and no verbs deck





















[55/322] [chromium] › tests/e2e/cefr-cards.spec.js:508:9 › SHARED-CARD-003 A1 ordinary card — real dataset › SC3-A1-EXAMPLE: revealed back shows the real first German example with its real translation (AC-05)





















[56/322] [chromium] › tests/e2e/cefr-cards.spec.js:534:9 › SHARED-CARD-003 A1 ordinary card — real dataset › SC3-A1-FACES: German-front and translation-front behavior with safe language metadata





















[57/322] [chromium] › tests/e2e/cefr-cards.spec.js:565:9 › SHARED-CARD-003 A1 ordinary card — real dataset › SC3-A1-SECRECY-DOM: translation-front card subtree carries no German answer, example, or audio metadata before reveal (AC-06)





















[58/322] [chromium] › tests/e2e/cefr-cards.spec.js:586:9 › SHARED-CARD-003 A1 ordinary card — real dataset › SC3-A1-SECRECY-AUDIO: front speak never speaks the hidden German answer before reveal





















[59/322] [chromium] › tests/e2e/cefr-cards.spec.js:613:9 › SHARED-CARD-003 A1 ordinary card — real dataset › SC3-A1-FAV: favorite affordance — descriptive name, truthful aria-pressed, immediate and refreshed persistence, no flip or grade

































[60/322] [chromium] › tests/e2e/cefr-cards.spec.js:648:9 › SHARED-CARD-003 A1 ordinary card — real dataset › SC3-A1-SRS-WRITE: Known and Still Learning write the exact original unit IDs with no wrong-unit writes (AC-17 analog)





















[61/322] [chromium] › tests/e2e/cefr-cards.spec.js:683:9 › SHARED-CARD-003 A1 ordinary card — real dataset › SC3-A1-NAV: filters, shuffle toggle, previous/next navigation and the card counter




















[62/322] [chromium] › tests/e2e/cefr-cards.spec.js:718:9 › SHARED-CARD-003 A1 ordinary card — real dataset › SC3-A1-SESSION: session completion shows the finished state, records the session, and restart works





















[63/322] [chromium] › tests/e2e/cefr-cards.spec.js:759:9 › SHARED-CARD-003 A1 ordinary card — synthetic edge cases › SC3-A1-SYNTH-NOEX: no-example card renders no example box and no stale content from the previous card




















[64/322] [chromium] › tests/e2e/cefr-cards.spec.js:784:9 › SHARED-CARD-003 A1 ordinary card — synthetic edge cases › SC3-A1-SYNTH-MULTI: multiple-example card shows exactly the first example


















[65/322] [chromium] › tests/e2e/cefr-cards.spec.js:799:9 › SHARED-CARD-003 A1 ordinary card — synthetic edge cases › SC3-A1-SYNTH-EX-WO-TR: example without a translation shows the sentence only, never an empty line




















[66/322] [chromium] › tests/e2e/cefr-cards.spec.js:820:9 › SHARED-CARD-003 B2 ordinary card — real dataset › SC3-B2-MIXED: unit-1 card back shows the German answer, the first real example and its actual mixed translation (AC-05)





















[67/322] [chromium] › tests/e2e/cefr-cards.spec.js:853:9 › SHARED-CARD-003 B2 ordinary card — real dataset › SC3-B2-EN-ONLY: real English-only translation card carries ltr + lang=en and never a false Arabic label





















[68/322] [chromium] › tests/e2e/cefr-cards.spec.js:886:9 › SHARED-CARD-003 B2 ordinary card — real dataset › SC3-B2-NOEX: real no-example card (unit 69) renders the answer with no example block





















[69/322] [chromium] › tests/e2e/cefr-cards.spec.js:901:9 › SHARED-CARD-003 B2 ordinary card — real dataset › SC3-B2-EX-NO-TR: real sentence example without a translation shows the sentence only




















[70/322] [chromium] › tests/e2e/cefr-cards.spec.js:922:9 › SHARED-CARD-003 B2 ordinary card — real dataset › SC3-B2-SECRECY: translation-front B2 card hides the German answer and example before reveal (AC-06)




















[71/322] [chromium] › tests/e2e/cefr-cards.spec.js:951:9 › SHARED-CARD-003 B2 ordinary card — real dataset › SC3-B2-ID-PERSISTENCE: grading writes the exact B2 unit ID under the B2 storage key only





















[72/322] [chromium] › tests/e2e/cefr-cards.spec.js:975:9 › SHARED-CARD-003 B2 ordinary card — real dataset › SC3-B2-UNIT-SWITCH: B2 unit switching updates the card scope and titles




















[73/322] [chromium] › tests/e2e/cefr-cards.spec.js:990:9 › SHARED-CARD-003 B2 ordinary card — real dataset › SC3-B2-A11Y-TOOLBAR: B2 toolbar controls are keyboard-focusable with a visible indicator and 44x44 targets (AC-09)





















[74/322] [chromium] › tests/e2e/cefr-cards.spec.js:1047:9 › SHARED-CARD-003 B2 ordinary card — synthetic language edges › SC3-B2-SYNTH-AR: Arabic-only translation renders rtl + lang=ar and is never labeled English




















[75/322] [chromium] › tests/e2e/cefr-cards.spec.js:1078:9 › SHARED-CARD-003 B2 ordinary card — synthetic language edges › SC3-B2-SYNTH-MIXED: mixed translation and multiple examples — dir=auto, no lang, first example only

















[76/322] [chromium] › tests/e2e/cefr-cards.spec.js:1103:9 › SHARED-CARD-003 B2 ordinary card — synthetic language edges › SC3-B2-SYNTH-NOEX-EN: English-only no-example card renders safely




















[77/322] [chromium] › tests/e2e/cefr-cards.spec.js:1117:9 › SHARED-CARD-003 B2 ordinary card — synthetic language edges › SC3-B2-SYNTH-MISSING-TR: missing translation renders a truthful placeholder and never a false language




















[78/322] [chromium] › tests/e2e/cefr-cards.spec.js:1149:9 › SHARED-CARD-003 B2 ordinary card — synthetic language edges › SC3-B2-SYNTH-VOICE: Arabic and mixed display text are never spoken through any voice




















[79/322] [chromium] › tests/e2e/cefr-cards.spec.js:1197:9 › SHARED-CARD-003 interaction and accessibility (A1) › SC3-INT-POINTER: pointer click flips front to back and back to front (AC-07)





















[80/322] [chromium] › tests/e2e/cefr-cards.spec.js:1211:9 › SHARED-CARD-003 interaction and accessibility (A1) › SC3-INT-ENTER: the card is keyboard-reachable and Enter flips it exactly once





















[81/322] [chromium] › tests/e2e/cefr-cards.spec.js:1232:9 › SHARED-CARD-003 interaction and accessibility (A1) › SC3-INT-SPACE: Space flips the card exactly once and never scrolls the page




















[82/322] [chromium] › tests/e2e/cefr-cards.spec.js:1246:9 › SHARED-CARD-003 interaction and accessibility (A1) › SC3-INT-CONTROLS: Enter on a focused card control runs only that control — zero flip transitions





















[83/322] [chromium] › tests/e2e/cefr-cards.spec.js:1266:9 › SHARED-CARD-003 interaction and accessibility (A1) › SC3-INT-GRADE-DOUBLE: keyboard Enter on Known grades exactly once — no duplicate write or double advance





















[84/322] [chromium] › tests/e2e/cefr-cards.spec.js:1288:9 › SHARED-CARD-003 interaction and accessibility (A1) › SC3-INT-BACK-CONTROLS: revealed-back controls never flip, grade, or advance the card (AC-08)



















[85/322] [chromium] › tests/e2e/cefr-cards.spec.js:1326:9 › SHARED-CARD-003 interaction and accessibility (A1) › SC3-A11Y-INERT: only the displayed face is focusable and exposed — inert faces, AX-tree exclusion, flip-back restore (AC-09/SC2-C1 analog)





















[86/322] [chromium] › tests/e2e/cefr-cards.spec.js:1384:9 › SHARED-CARD-003 interaction and accessibility (A1) › SC3-A11Y-NAMES: icon-only card controls expose descriptive accessible names and truthful aria-pressed





















[87/322] [chromium] › tests/e2e/cefr-cards.spec.js:1409:9 › SHARED-CARD-003 interaction and accessibility (A1) › SC3-A11Y-FOCUS: keyboard-focused card and toolbar controls match :focus-visible and paint a visible indicator (AC-09)




















[88/322] [chromium] › tests/e2e/cefr-cards.spec.js:1449:9 › SHARED-CARD-003 interaction and accessibility (A1) › SC3-A11Y-TARGETS: card and toolbar touch targets are at least 44x44 CSS pixels (AC-09)





















[89/322] [chromium] › tests/e2e/cefr-cards.spec.js:1481:9 › SHARED-CARD-003 interaction and accessibility (A1) › SC3-A11Y-REDUCED-MOTION: reduced-motion preference disables the flip transition but not the flip





















[90/322] [chromium] › tests/e2e/cefr-cards.spec.js:1518:9 › SHARED-CARD-003 interaction and accessibility (A1) › SC3-THEME: light and dark themes both render the card and keep the flip behavior





















[91/322] [chromium] › tests/e2e/cefr-cards.spec.js:1540:9 › SHARED-CARD-003 interaction and accessibility (A1) › SC3-OVERFLOW: no horizontal overflow on the front or the revealed mixed-content back (AC-09)



















[92/322] [chromium] › tests/e2e/cefr-cards.spec.js:1563:9 › SHARED-CARD-003 interaction and accessibility (A1) › SC3-CONSOLE: both level pages boot the shared card with a clean console










































[93/322] [chromium] › tests/e2e/cefr-cards.spec.js:1583:9 › SHARED-CARD-003 regression — phrases, conversation, source boundary › SC3-REG-PHRASES-TAB: the Phrases tab still renders phrase cards (LF-NAV / AC-10)






















[94/322] [chromium] › tests/e2e/cefr-cards.spec.js:1593:9 › SHARED-CARD-003 regression — phrases, conversation, source boundary › SC3-REG-PHRASE-FLASHCARDS: phrase flashcards keep the legacy card behavior, grading and phrase counters






















[95/322] [chromium] › tests/e2e/cefr-cards.spec.js:1623:9 › SHARED-CARD-003 regression — phrases, conversation, source boundary › SC3-REG-CONVERSATION: the Conversation tab still renders scenes





















[96/322] [chromium] › tests/e2e/cefr-cards.spec.js:1631:9 › SHARED-CARD-003 regression — phrases, conversation, source boundary › SC3-REG-B2-MISSING: B2 phrases and conversation tabs show their configured empty states
























[97/322] [chromium] › tests/e2e/cefr-cards.spec.js:1641:9 › SHARED-CARD-003 regression — phrases, conversation, source boundary › SC3-REG-SOURCE-BOUNDARY: a unit switch from phrase flashcards re-routes word grades to word storage (AC-17/AC-10)






















[98/322] [chromium] › tests/e2e/cefr-cards.spec.js:1668:9 › SHARED-CARD-003 regression — phrases, conversation, source boundary › SC3-REG-MODE-SWAP: words and phrases flashcard modes swap their card DOM with no duplicate ids






















[99/322] [chromium] › tests/e2e/cefr-cards.spec.js:1707:9 › SHARED-CARD-003 regression — phrases, conversation, source boundary › SC3-REG-A1-UNIT-SWITCH: A1 unit switching updates the card scope and grades the exact unit-2 ID





















[100/322] [chromium] › tests/e2e/favorites-filters.spec.js:15:3 › Favorites and Filters State › Toggling filters should not remove favorites























[101/322] [chromium] › tests/e2e/phrases-conversations.spec.js:86:7 › Phrases and Conversations E2E Suite › Load App, default tabs, and existing words behavior























[102/322] [chromium] › tests/e2e/phrases-conversations.spec.js:109:7 › Phrases and Conversations E2E Suite › Phrases Tab Rendering and Flashcards
























[103/322] [chromium] › tests/e2e/phrases-conversations.spec.js:146:7 › Phrases and Conversations E2E Suite › SpeechQueue Play All, Stop, and Navigation Cleanup
























[104/322] [chromium] › tests/e2e/phrases-conversations.spec.js:199:7 › Phrases and Conversations E2E Suite › Conversation clean text and Missing Content Graceful State
























[105/322] [chromium] › tests/e2e/phrases-conversations.spec.js:234:7 › Phrases and Conversations E2E Suite › Phrases Hide and Guess Practice Controls
























[106/322] [chromium] › tests/e2e/phrases-conversations.spec.js:326:7 › Phrases and Conversations E2E Suite › Mobile viewport layout verification
[107/322] [chromium] › tests/e2e/phrases-conversations.spec.js:339:7 › Phrases and Conversations E2E Suite › Dashboard and Phrases tab progress stats model















































[108/322] [chromium] › tests/e2e/phrases-conversations.spec.js:407:7 › Phrases and Conversations E2E Suite › Mobile sidebar navigation works with real UI clicks
[109/322] [chromium] › tests/e2e/phrases-conversations.spec.js:479:7 › Phrases and Conversations E2E Suite › SpeechQueue advances through multiple items correctly
























[110/322] [chromium] › tests/e2e/phrases-conversations.spec.js:513:7 › Phrases and Conversations E2E Suite › SpeechQueue stop during 250ms delay cancels correctly
























[111/322] [chromium] › tests/e2e/phrases-conversations.spec.js:545:7 › Phrases and Conversations E2E Suite › SpeechQueue rapid stop-and-restart works correctly























[112/322] [chromium] › tests/e2e/phrases-conversations.spec.js:582:7 › Phrases and Conversations E2E Suite › SpeechQueue completes all items and fires onFinished
























[113/322] [chromium] › tests/e2e/srs.spec.js:70:7 › Spaced Repetition System (SRS) E2E Suite › SRS Level Progression and Time Machine Verification






















[chromium] › tests/e2e/srs.spec.js:70:7 › Spaced Repetition System (SRS) E2E Suite › SRS Level Progression and Time Machine Verification
[Browser Console log] 🎙️ Selected German Voice: Mock Voice


[Browser Console log] ✅ [A1] Config loaded: 📚 A1 German

[Browser Console log] ✅ Firebase initialized for appId: german-a1-app

[Browser Console log] 🚀 DOM loaded / App booting.

[Browser Console log] 📱 Using offline mode

[Browser Console log] [WP-010] Migration complete. Version set to 1.

[Browser Console log] ✅ Engines initialized with 30 words in Unit 1


[Browser Console log] 🎙️ Selected German Voice: Mock Voice

[Browser Console log] ✅ [A1] Config loaded: 📚 A1 German

[Browser Console log] ✅ Firebase initialized for appId: german-a1-app

[Browser Console log] 🚀 DOM loaded / App booting.

[Browser Console log] 📱 Using offline mode

[Browser Console log] ✅ Engines initialized with 30 words in Unit 1


[Browser Console log] 🎙️ Selected German Voice: Mock Voice

[Browser Console log] ✅ [A1] Config loaded: 📚 A1 German

[Browser Console log] ✅ Firebase initialized for appId: german-a1-app

[Browser Console log] 🚀 DOM loaded / App booting.

[Browser Console log] 📱 Using offline mode

[Browser Console log] ✅ Engines initialized with 30 words in Unit 1

[114/322] [chromium] › tests/e2e/verb-guided-challenge.spec.js:137:9 › Guided Challenge E2E Suite › starts guided challenge and shows the acquisition phase with intro cards


















[115/322] [chromium] › tests/e2e/verb-guided-challenge.spec.js:146:9 › Guided Challenge E2E Suite › keeps the hidden acquisition pool at eight or fewer verbs


















[116/322] [chromium] › tests/e2e/verb-guided-challenge.spec.js:186:9 › Guided Challenge E2E Suite › forgot during acquisition never repeats immediately


















[117/322] [chromium] › tests/e2e/verb-guided-challenge.spec.js:212:9 › Guided Challenge E2E Suite › recognition phase prompts German → English and ends with the First Win


















[118/322] [chromium] › tests/e2e/verb-guided-challenge.spec.js:266:9 › Guided Challenge E2E Suite › production phase prompts English → German and ends with the Second Win

















[119/322] [chromium] › tests/e2e/verb-guided-challenge.spec.js:315:9 › Guided Challenge E2E Suite › restart challenge explicitly resets the session

















[120/322] [chromium] › tests/e2e/verb-guided-challenge.spec.js:331:9 › Guided Challenge E2E Suite › resumes the session after a refresh



















[121/322] [chromium] › tests/e2e/verb-guided-challenge.spec.js:348:9 › Guided Challenge E2E Suite › legacy knownVerbIds aliases are migrated to canonical ids with a backup


















[122/322] [chromium] › tests/e2e/verb-guided-challenge.spec.js:375:9 › Guided Challenge E2E Suite › daily review with no due verbs shows a toast instead of opening


















[123/322] [chromium] › tests/e2e/verb-guided-challenge.spec.js:382:9 › Guided Challenge E2E Suite › daily review with due verbs serves recognition then production tracks



















[124/322] [chromium] › tests/e2e/verb-guided-challenge.spec.js:428:9 › Guided Challenge E2E Suite › no browser console errors during the guided flow
















[125/322] [chromium] › tests/e2e/verb-guided-challenge.spec.js:445:9 › Guided Challenge E2E Suite › verbLearning mastery is committed only when a whole phase wins


















[126/322] [chromium] › tests/e2e/verb-guided-challenge.spec.js:517:9 › Guided Challenge E2E Suite › GC-01: independent review track ordering and no skipped production when track lengths match
















[127/322] [chromium] › tests/e2e/verb-guided-challenge.spec.js:563:9 › Guided Challenge E2E Suite › T3: canonical-ID migration through real loading lifecycle


































[128/322] [chromium] › tests/e2e/verb-guided-challenge.spec.js:712:9 › Guided Challenge E2E Suite › GC-06: double reveal does not wipe or replace frozen recall latency


















[129/322] [chromium] › tests/e2e/verb-guided-challenge.spec.js:736:9 › Guided Challenge E2E Suite › GC-07: daily review progress indicator advances card-by-card per terminal completion



















[130/322] [chromium] › tests/e2e/verb-guided-challenge.spec.js:771:9 › Guided Challenge E2E Suite › GC-08: one terminal review outcome applies to exactly one SRS track, once, and completion needs every due card


















[131/322] [chromium] › tests/e2e/verb-guided-challenge.spec.js:837:9 › Guided Challenge E2E Suite › GC-09: two click attempts on the same grade button apply exactly one grade



















[132/322] [chromium] › tests/e2e/verb-guided-challenge.spec.js:942:9 › Guided Challenge E2E Suite › GC-11: two click attempts on the same Intro button introduce exactly one card


















[133/322] [chromium] › tests/e2e/verb-guided-challenge.spec.js:1036:9 › Guided Challenge E2E Suite › R1: Daily Review does not render a Restart button or Restart action in any state



















[134/322] [chromium] › tests/e2e/verb-guided-challenge.spec.js:1088:9 › Guided Challenge E2E Suite › R2: Resume Daily Review after refresh restores the exact production-phase state


















[135/322] [chromium] › tests/e2e/verb-guided-challenge.spec.js:1265:9 › Guided Challenge E2E Suite › R3: Guided Challenge (learning) still keeps Restart and works end-to-end


















[136/322] [chromium] › tests/e2e/verbs-audio.spec.js:72:7 › AUDIO-002 Verbs Autoplay Adapter (deterministic speech mocks) › [AUDIO-002] real controller speaks the exact planned sequence with per-step language


















[137/322] [chromium] › tests/e2e/verbs-audio.spec.js:111:7 › AUDIO-002 Verbs Autoplay Adapter (deterministic speech mocks) › [AUDIO-002] pause and resume keep the current position without skipping or duplicating an item


















[138/322] [chromium] › tests/e2e/verbs-audio.spec.js:150:7 › AUDIO-002 Verbs Autoplay Adapter (deterministic speech mocks) › [AUDIO-002] stop cancels future speech, clears highlights, hides the floating player, and resets the controls














[139/322] [chromium] › tests/e2e/verbs-audio.spec.js:179:7 › AUDIO-002 Verbs Autoplay Adapter (deterministic speech mocks) › [AUDIO-002] completing the queue resets the controls exactly once and speaks every planned step exactly once


















[140/322] [chromium] › tests/e2e/verbs-audio.spec.js:210:7 › AUDIO-002 Verbs Autoplay Adapter (deterministic speech mocks) › [AUDIO-002] row-play starts at that row and syncs the Start-At dropdown


















[141/322] [chromium] › tests/e2e/verbs-audio.spec.js:222:7 › AUDIO-002 Verbs Autoplay Adapter (deterministic speech mocks) › [AUDIO-002] a rapid restart replaces the queue exactly once and stale utterance callbacks cannot disturb it


















[142/322] [chromium] › tests/e2e/verbs-audio.spec.js:248:7 › AUDIO-002 Verbs Autoplay Adapter (deterministic speech mocks) › [AUDIO-002] individual pronunciation stops the autoplay queue and speaks only that item


















[143/322] [chromium] › tests/e2e/verbs-audio.spec.js:262:7 › AUDIO-002 Verbs Autoplay Adapter (deterministic speech mocks) › [AUDIO-002] an empty filtered queue never enters the playing state


















[144/322] [chromium] › tests/e2e/verbs-audio.spec.js:292:7 › AUDIO-002 Verbs Autoplay Adapter (deterministic speech mocks) › [AUDIO-002-C1] selecting another deck cancels the running autoplay and leaves the new deck intact


















[145/322] [chromium] › tests/e2e/verbs-audio.spec.js:333:7 › AUDIO-002 Verbs Autoplay Adapter (deterministic speech mocks) › [AUDIO-002-C1] a paused autoplay session is cancelled, not resumed, when the deck changes
















[146/322] [chromium] › tests/e2e/verbs-audio.spec.js:359:7 › AUDIO-002 Verbs Autoplay Adapter (deterministic speech mocks) › [AUDIO-002-C1] a search that empties the queue cancels autoplay at input time and Play stays a clean no-op

















[147/322] [chromium] › tests/e2e/verbs-audio.spec.js:382:7 › AUDIO-002 Verbs Autoplay Adapter (deterministic speech mocks) › [AUDIO-002-C1] a search that changes the result set cancels the old queue; only current verbs can speak















[148/322] [chromium] › tests/e2e/verbs-audio.spec.js:414:7 › AUDIO-002 Verbs Autoplay Adapter (deterministic speech mocks) › [AUDIO-002-C1] starting playback with an empty controller queue stops a previous session instead of leaving it alive















[149/322] [chromium] › tests/e2e/verbs-audio.spec.js:431:7 › AUDIO-002 Verbs Autoplay Adapter (deterministic speech mocks) › [AUDIO-002-C1] a start attempt producing an empty planned sequence stops a previous session instead of leaving it alive

















[150/322] [chromium] › tests/e2e/verbs-audio.spec.js:452:7 › AUDIO-002 Verbs Autoplay Adapter (deterministic speech mocks) › [AUDIO-002-C1] navigating to another view cancels autoplay and hides the floating player


















[151/322] [chromium] › tests/e2e/verbs-audio.spec.js:476:7 › AUDIO-002 Verbs Autoplay Adapter (deterministic speech mocks) › [AUDIO-002-C1] a stale callback from the replaced queue cannot advance the new session after navigation















[152/322] [chromium] › tests/e2e/verbs-dashboard-trophies.spec.js:87:7 › Verbs Dashboard & Trophy Shelf E2E Suite (WP-041) › marking a brand-new flashcard as Known records activity for today on the verbs page



















[153/322] [chromium] › tests/e2e/verbs-dashboard-trophies.spec.js:122:7 › Verbs Dashboard & Trophy Shelf E2E Suite (WP-041) › listening to 15+ verbs via TTS counts as a learning day on the verbs page



















[154/322] [chromium] › tests/e2e/verbs-dashboard-trophies.spec.js:152:7 › Verbs Dashboard & Trophy Shelf E2E Suite (WP-041) › trophy shelf renders cards and shows earned deck trophies from seeded progress



















[155/322] [chromium] › tests/e2e/verbs-dashboard-trophies.spec.js:172:7 › Verbs Dashboard & Trophy Shelf E2E Suite (WP-041) › leaderboard view renders the shared table and is reachable via nav and switchView



















[156/322] [chromium] › tests/e2e/verbs.spec.js:9:7 › Top German Verbs Mastery E2E Suite (Card Recycling & Custom Auto-Play TTS) › should recycle Still Learning card to the end of queue and advance to next card
















[157/322] [chromium] › tests/e2e/verbs.spec.js:24:7 › Top German Verbs Mastery E2E Suite (Card Recycling & Custom Auto-Play TTS) › should pronounce example sentence when clicking on German sentence text in List View


















[158/322] [chromium] › tests/e2e/verbs.spec.js:33:7 › Top German Verbs Mastery E2E Suite (Card Recycling & Custom Auto-Play TTS) › should configure custom Auto-Play Audio sequence (repeat count, English TTS, start location)

















[159/322] [chromium] › tests/e2e/verbs.spec.js:69:7 › Top German Verbs Mastery E2E Suite (Card Recycling & Custom Auto-Play TTS) › should start Auto-Play from a specific row when clicking play button ▶


















[160/322] [chromium] › tests/e2e/verbs.spec.js:86:7 › Top German Verbs Mastery E2E Suite (Card Recycling & Custom Auto-Play TTS) › should toggle Favorites Only mode in Flashcards view














[161/322] [chromium] › tests/e2e/words-audio.spec.js:48:3 › Words Play All Audio Feature › Play all words highlights rows and respects filters























  1) [chromium] › tests/e2e/words-audio.spec.js:48:3 › Words Play All Audio Feature › Play all words highlights rows and respects filters

    Error: expect(received).toBe(expected) // Object.is equality

    Expected: 0
    Received: 1

      75 |     // Check if highlights are cleared
      76 |     const highlightedRows = await page.$$('#glossary-tbody tr.highlighted-speech');
    > 77 |     expect(highlightedRows.length).toBe(0);
         |                                    ^
      78 |   });
      79 | });
      80 |
        at /home/z/my-project/words-list-v2/tests/e2e/words-audio.spec.js:77:36

    Error Context: test-results/words-audio-Words-Play-All-61530-s-rows-and-respects-filters-chromium/error-context.md



(node:14303) Warning: The 'NO_COLOR' env is ignored due to the 'FORCE_COLOR' env being set.
(Use `node --trace-warnings ...` to show where the warning was created)

[162/322] [Mobile Chrome] › tests/e2e/activity-streak.spec.js:76:7 › Learning Activity / Streak Tracker E2E Suite › marking a brand-new flashcard as Known records activity for today






















[Mobile Chrome] › tests/e2e/activity-streak.spec.js:76:7 › Learning Activity / Streak Tracker E2E Suite › marking a brand-new flashcard as Known records activity for today
[Browser Console log] 🎙️ Selected German Voice: Mock Voice


[Browser Console log] ✅ [A1] Config loaded: 📚 A1 German

[Browser Console log] ✅ Firebase initialized for appId: german-a1-app

[Browser Console log] 🚀 DOM loaded / App booting.

[Browser Console log] 📱 Using offline mode

[Browser Console log] [WP-010] Migration complete. Version set to 1.

[Browser Console log] ✅ Engines initialized with 30 words in Unit 1






















[163/322] [Mobile Chrome] › tests/e2e/activity-streak.spec.js:117:7 › Learning Activity / Streak Tracker E2E Suite › re-marking an already-known card does not double-count activity






















[Mobile Chrome] › tests/e2e/activity-streak.spec.js:117:7 › Learning Activity / Streak Tracker E2E Suite › re-marking an already-known card does not double-count activity
[Browser Console log] 🎙️ Selected German Voice: Mock Voice


[Browser Console log] ✅ [A1] Config loaded: 📚 A1 German

[Browser Console log] ✅ Firebase initialized for appId: german-a1-app

[Browser Console log] 🚀 DOM loaded / App booting.

[Browser Console log] 📱 Using offline mode

[Browser Console log] [WP-010] Migration complete. Version set to 1.

[Browser Console log] ✅ Engines initialized with 30 words in Unit 1

[164/322] [Mobile Chrome] › tests/e2e/activity-streak.spec.js:145:7 › Learning Activity / Streak Tracker E2E Suite › listening to 15+ words via TTS counts as a learning day without flashcards





















[Mobile Chrome] › tests/e2e/activity-streak.spec.js:145:7 › Learning Activity / Streak Tracker E2E Suite › listening to 15+ words via TTS counts as a learning day without flashcards
[Browser Console log] 🎙️ Selected German Voice: Mock Voice

[Browser Console log] ✅ [A1] Config loaded: 📚 A1 German

[Browser Console log] ✅ Firebase initialized for appId: german-a1-app

[Browser Console log] 🚀 DOM loaded / App booting.

[Browser Console log] 📱 Using offline mode

[Browser Console log] [WP-010] Migration complete. Version set to 1.

[Browser Console log] ✅ Engines initialized with 30 words in Unit 1
























[165/322] [Mobile Chrome] › tests/e2e/activity-streak.spec.js:187:7 › Learning Activity / Streak Tracker E2E Suite › streak is preserved when today has no activity but yesterday does






















[Mobile Chrome] › tests/e2e/activity-streak.spec.js:187:7 › Learning Activity / Streak Tracker E2E Suite › streak is preserved when today has no activity but yesterday does
[Browser Console log] 🎙️ Selected German Voice: Mock Voice


[Browser Console log] ✅ [A1] Config loaded: 📚 A1 German

[Browser Console log] ✅ Firebase initialized for appId: german-a1-app

[Browser Console log] 🚀 DOM loaded / App booting.

























[166/322] [Mobile Chrome] › tests/e2e/cefr-card-reference.spec.js:548:9 › SHARED-CARD-001 ordinary card reference — synthetic edge-case deck › CHAR-01: ordinary card shell, front/back faces and below-card controls
















[167/322] [Mobile Chrome] › tests/e2e/cefr-card-reference.spec.js:582:9 › SHARED-CARD-001 ordinary card reference — synthetic edge-case deck › CHAR-02: pointer click flips front to back and back to front
















[168/322] [Mobile Chrome] › tests/e2e/cefr-card-reference.spec.js:605:9 › SHARED-CARD-001 ordinary card reference — synthetic edge-case deck › CHAR-03 (TARGET, SC-02 resolved): back shows ONLY the first example with its translation always visible
















[169/322] [Mobile Chrome] › tests/e2e/cefr-card-reference.spec.js:630:9 › SHARED-CARD-001 ordinary card reference — synthetic edge-case deck › CHAR-04: single-example verb shows exactly that example and translation
















[170/322] [Mobile Chrome] › tests/e2e/cefr-card-reference.spec.js:647:9 › SHARED-CARD-001 ordinary card reference — synthetic edge-case deck › CHAR-05: zero-example verb renders no example box, chip, or stale content (safe no-example state)
















[171/322] [Mobile Chrome] › tests/e2e/cefr-card-reference.spec.js:669:9 › SHARED-CARD-001 ordinary card reference — synthetic edge-case deck › CHAR-06: German-only example verb shows the example but no EN chip
















[172/322] [Mobile Chrome] › tests/e2e/cefr-card-reference.spec.js:686:9 › SHARED-CARD-001 ordinary card reference — synthetic edge-case deck › CHAR-07 (TARGET, SC-02 resolved): example-direction backs show the first example with its always-visible translation
















[173/322] [Mobile Chrome] › tests/e2e/cefr-card-reference.spec.js:712:9 › SHARED-CARD-001 ordinary card reference — synthetic edge-case deck › CHAR-08: zero-example verb in example direction renders no example box and no stale content
















[174/322] [Mobile Chrome] › tests/e2e/cefr-card-reference.spec.js:732:9 › SHARED-CARD-001 ordinary card reference — synthetic edge-case deck › CHAR-09 (TARGET, SC-01 resolved): en-to-de front carries no German answer in the DOM, metadata, or audio
















[175/322] [Mobile Chrome] › tests/e2e/cefr-card-reference.spec.js:769:9 › SHARED-CARD-001 ordinary card reference — synthetic edge-case deck › CHAR-09b (TARGET, AC-06): after reveal the en-to-de back shows the German answer and the first example
















[176/322] [Mobile Chrome] › tests/e2e/cefr-card-reference.spec.js:787:9 › SHARED-CARD-001 ordinary card reference — synthetic edge-case deck › CHAR-10: front favorite toggles the star, persists, and does not flip, grade, or advance
















[177/322] [Mobile Chrome] › tests/e2e/cefr-card-reference.spec.js:815:9 › SHARED-CARD-001 ordinary card reference — synthetic edge-case deck › CHAR-11: back favorite keeps the card revealed and changes only the favorite
















[178/322] [Mobile Chrome] › tests/e2e/cefr-card-reference.spec.js:835:9 › SHARED-CARD-001 ordinary card reference — synthetic edge-case deck › CHAR-12 (TARGET, AC-08): revealed-back controls never flip, grade, or advance the card
















[179/322] [Mobile Chrome] › tests/e2e/cefr-card-reference.spec.js:875:9 › SHARED-CARD-001 ordinary card reference — synthetic edge-case deck › CHAR-13: grade controls are the only card actions that grade and advance (by design)
















[180/322] [Mobile Chrome] › tests/e2e/cefr-card-reference.spec.js:898:9 › SHARED-CARD-001 ordinary card reference — synthetic edge-case deck › CHAR-14 (TARGET, SC-06 resolved): full keyboard traversal reaches every card control INCLUDING the flip surface
















[181/322] [Mobile Chrome] › tests/e2e/cefr-card-reference.spec.js:927:9 › SHARED-CARD-001 ordinary card reference — synthetic edge-case deck › CHAR-14a (finding SC-06, Enter): with keyboard focus on a card control, Enter runs only that control — zero reveal transitions
















[182/322] [Mobile Chrome] › tests/e2e/cefr-card-reference.spec.js:972:9 › SHARED-CARD-001 ordinary card reference — synthetic edge-case deck › CHAR-14b (finding SC-06, Space): with keyboard focus on a card control, Space runs only that control — zero reveal transitions
















[183/322] [Mobile Chrome] › tests/e2e/cefr-card-reference.spec.js:1009:9 › SHARED-CARD-001 ordinary card reference — synthetic edge-case deck › CHAR-15 (TARGET, SC-03 resolved): primary card touch targets are at least 44x44 CSS pixels
















[184/322] [Mobile Chrome] › tests/e2e/cefr-card-reference.spec.js:1034:9 › SHARED-CARD-001 ordinary card reference — synthetic edge-case deck › CHAR-16 (TARGET, SC-04 resolved): keyboard-focused card controls match :focus-visible and paint a visible indicator
















[185/322] [Mobile Chrome] › tests/e2e/cefr-card-reference.spec.js:1090:9 › SHARED-CARD-001 ordinary card reference — synthetic edge-case deck › CHAR-17 (TARGET, SC-05 resolved): reduced-motion preference disables the flip transition
















[186/322] [Mobile Chrome] › tests/e2e/cefr-card-reference.spec.js:1130:9 › SHARED-CARD-001 ordinary card reference — synthetic edge-case deck › CHAR-18 (TARGET, AC-09): no horizontal overflow at the current viewport with a content-heavy back
















[187/322] [Mobile Chrome] › tests/e2e/cefr-card-reference.spec.js:1160:9 › SHARED-CARD-001 ordinary card reference — synthetic edge-case deck › CHAR-19 (TARGET): real modules boot with a clean console and a live engine export















[188/322] [Mobile Chrome] › tests/e2e/cefr-card-reference.spec.js:1180:9 › SHARED-CARD-001 ordinary card reference — real published dataset › CHAR-20: real deck 1 renders the reference shell and the first example with its translation on the back
















[189/322] [Mobile Chrome] › tests/e2e/cefr-card-reference.spec.js:1201:9 › SHARED-CARD-001 guided card reference — synthetic deck › CHAR-21 (TARGET, SC-07 resolved): guided intro uses the shared card shell with adapter-owned controls















[190/322] [Mobile Chrome] › tests/e2e/cefr-card-reference.spec.js:1227:9 › SHARED-CARD-001 guided card reference — synthetic deck › CHAR-22 (TARGET, SC-07 resolved): guided recall uses the shared shell with tap-to-flip reveal
















[191/322] [Mobile Chrome] › tests/e2e/cefr-card-reference.spec.js:1260:9 › SHARED-CARD-001 guided card reference — synthetic deck › CHAR-23 (TARGET, GC-UI-005 analog): German-front recall keeps the English answer out of the DOM until reveal
















[192/322] [Mobile Chrome] › tests/e2e/cefr-card-reference.spec.js:1289:9 › SHARED-CARD-001 guided card reference — synthetic deck › CHAR-24 (TARGET, AC-06): production front leaks no German answer anywhere in the guided subtree
















[193/322] [Mobile Chrome] › tests/e2e/cefr-card-reference.spec.js:1364:9 › SHARED-CARD-001 guided card reference — synthetic deck › CHAR-25 (TARGET, AC-08 analog): guided Listen speaks the served verb without grading or advancing
















[194/322] [Mobile Chrome] › tests/e2e/cefr-card-reference.spec.js:1389:9 › SHARED-CARD-001 guided card reference — synthetic deck › CHAR-26a (TARGET, GC-UI-009): guided Enter — keyboard-navigated Reveal Answer reveals exactly once; duplicate Enter neither grades nor advances
















[195/322] [Mobile Chrome] › tests/e2e/cefr-card-reference.spec.js:1426:9 › SHARED-CARD-001 guided card reference — synthetic deck › CHAR-26b (TARGET, GC-UI-009): guided Space — keyboard-navigated Reveal Answer reveals exactly once; duplicate Space neither grades nor advances
















[196/322] [Mobile Chrome] › tests/e2e/cefr-card-reference.spec.js:1457:9 › SHARED-CARD-001 guided card reference — synthetic deck › CHAR-27: guided intro example boundaries — every fixture verb is introduced with correct example presence













[197/322] [Mobile Chrome] › tests/e2e/cefr-card-reference.spec.js:1490:9 › SHARED-CARD-001 guided card reference — synthetic deck › CHAR-28 (TARGET, AC-09): guided view has no horizontal overflow at the current viewport
















[198/322] [Mobile Chrome] › tests/e2e/cefr-card-reference.spec.js:1524:9 › SHARED-CARD-001/002 reference vs approved LF/GC targets — findings resolved by the shared card › SC-01 TARGET (DOM secrecy): the pre-reveal en-to-de card subtree carries no German answer text or metadata anywhere
















[199/322] [Mobile Chrome] › tests/e2e/cefr-card-reference.spec.js:1544:9 › SHARED-CARD-001/002 reference vs approved LF/GC targets — findings resolved by the shared card › SC-01 TARGET (audio secrecy): pre-reveal German-answer audio is unavailable in en-to-de mode












[200/322] [Mobile Chrome] › tests/e2e/cefr-card-reference.spec.js:1574:9 › SHARED-CARD-001/002 reference vs approved LF/GC targets — findings resolved by the shared card › SC-02 TARGET: revealed back shows only the first example with its translation always visible
















[201/322] [Mobile Chrome] › tests/e2e/cefr-card-reference.spec.js:1589:9 › SHARED-CARD-001/002 reference vs approved LF/GC targets — findings resolved by the shared card › SC-03 TARGET: primary card touch targets are at least 44x44 CSS pixels
















[202/322] [Mobile Chrome] › tests/e2e/cefr-card-reference.spec.js:1607:9 › SHARED-CARD-001/002 reference vs approved LF/GC targets — findings resolved by the shared card › SC-04 TARGET: keyboard-focused card controls paint a visible focus indicator
















[203/322] [Mobile Chrome] › tests/e2e/cefr-card-reference.spec.js:1642:9 › SHARED-CARD-001/002 reference vs approved LF/GC targets — findings resolved by the shared card › SC-05 TARGET: reduced-motion preference disables the flip animation
















[204/322] [Mobile Chrome] › tests/e2e/cefr-card-reference.spec.js:1656:9 › SHARED-CARD-001/002 reference vs approved LF/GC targets — findings resolved by the shared card › SC-06 TARGET (Enter): the card is keyboard-reachable and Enter reveals it exactly once
















[205/322] [Mobile Chrome] › tests/e2e/cefr-card-reference.spec.js:1695:9 › SHARED-CARD-001/002 reference vs approved LF/GC targets — findings resolved by the shared card › SC-06 TARGET (Space): the card is keyboard-reachable and Space reveals it exactly once















[206/322] [Mobile Chrome] › tests/e2e/cefr-card-reference.spec.js:1730:9 › SHARED-CARD-001/002 reference vs approved LF/GC targets — findings resolved by the shared card › SC-07 TARGET: guided card uses the ordinary card shell with tap-to-flip reveal (GC-UI-001/002)
















[207/322] [Mobile Chrome] › tests/e2e/cefr-card-reference.spec.js:1750:9 › SHARED-CARD-002 shared presentation — shell sharing and card-level keyboard activation › SC2-SHELL: ordinary and Guided modes render the SAME core card shell (GC-TEST-009)































[208/322] [Mobile Chrome] › tests/e2e/cefr-card-reference.spec.js:1802:9 › SHARED-CARD-002 shared presentation — shell sharing and card-level keyboard activation › SC2-KEY-ENTER: guided card is keyboard-reachable; Enter reveals exactly once; duplicate Enter never grades or advances















[209/322] [Mobile Chrome] › tests/e2e/cefr-card-reference.spec.js:1836:9 › SHARED-CARD-002 shared presentation — shell sharing and card-level keyboard activation › SC2-KEY-SPACE: guided card Space reveals exactly once; duplicate Space never grades or advances
















[210/322] [Mobile Chrome] › tests/e2e/cefr-card-reference.spec.js:1896:9 › SHARED-CARD-002-C1 corrections — owner-review findings › C1-A11Y-001 (SC2-C1-A11Y-001): icon-only Speak and Favorite affordances expose stable descriptive accessible names













[211/322] [Mobile Chrome] › tests/e2e/cefr-card-reference.spec.js:1924:9 › SHARED-CARD-002-C1 corrections — owner-review findings › C1-A11Y-002 (SC2-C1-A11Y-002, ordinary): the inactive face is inert — unreachable by Tab, absent from the accessibility tree, restored on flip-back
















[212/322] [Mobile Chrome] › tests/e2e/cefr-card-reference.spec.js:1987:9 › SHARED-CARD-002-C1 corrections — owner-review findings › C1-A11Y-002 (SC2-C1-A11Y-002, guided): the revealed guided back exposes its controls while the hidden front stays inert
















[213/322] [Mobile Chrome] › tests/e2e/cefr-card-reference.spec.js:2005:9 › SHARED-CARD-002-C1 corrections — owner-review findings › C1-A11Y-003 (SC2-C1-A11Y-003): guided card semantics stay truthful — keyboard-reachable reveal, then no stale actionable reveal affordance















[214/322] [Mobile Chrome] › tests/e2e/cefr-card-reference.spec.js:2051:9 › SHARED-CARD-002-C1 corrections — owner-review findings › C1-DESIGN-001 (SC2-C1-DESIGN-001): example translations render through the language-neutral line with direction metadata
















[215/322] [Mobile Chrome] › tests/e2e/cefr-cards.spec.js:461:9 › SHARED-CARD-003 A1 ordinary card — real dataset › SC3-A1-SHELL: words flashcards render through the shared card shell with level-owned controls and no verbs deck




















[216/322] [Mobile Chrome] › tests/e2e/cefr-cards.spec.js:508:9 › SHARED-CARD-003 A1 ordinary card — real dataset › SC3-A1-EXAMPLE: revealed back shows the real first German example with its real translation (AC-05)




















[217/322] [Mobile Chrome] › tests/e2e/cefr-cards.spec.js:534:9 › SHARED-CARD-003 A1 ordinary card — real dataset › SC3-A1-FACES: German-front and translation-front behavior with safe language metadata





















[218/322] [Mobile Chrome] › tests/e2e/cefr-cards.spec.js:565:9 › SHARED-CARD-003 A1 ordinary card — real dataset › SC3-A1-SECRECY-DOM: translation-front card subtree carries no German answer, example, or audio metadata before reveal (AC-06)





















[219/322] [Mobile Chrome] › tests/e2e/cefr-cards.spec.js:586:9 › SHARED-CARD-003 A1 ordinary card — real dataset › SC3-A1-SECRECY-AUDIO: front speak never speaks the hidden German answer before reveal


















[220/322] [Mobile Chrome] › tests/e2e/cefr-cards.spec.js:613:9 › SHARED-CARD-003 A1 ordinary card — real dataset › SC3-A1-FAV: favorite affordance — descriptive name, truthful aria-pressed, immediate and refreshed persistence, no flip or grade








































[221/322] [Mobile Chrome] › tests/e2e/cefr-cards.spec.js:648:9 › SHARED-CARD-003 A1 ordinary card — real dataset › SC3-A1-SRS-WRITE: Known and Still Learning write the exact original unit IDs with no wrong-unit writes (AC-17 analog)





















[222/322] [Mobile Chrome] › tests/e2e/cefr-cards.spec.js:683:9 › SHARED-CARD-003 A1 ordinary card — real dataset › SC3-A1-NAV: filters, shuffle toggle, previous/next navigation and the card counter





















[223/322] [Mobile Chrome] › tests/e2e/cefr-cards.spec.js:718:9 › SHARED-CARD-003 A1 ordinary card — real dataset › SC3-A1-SESSION: session completion shows the finished state, records the session, and restart works




















[224/322] [Mobile Chrome] › tests/e2e/cefr-cards.spec.js:759:9 › SHARED-CARD-003 A1 ordinary card — synthetic edge cases › SC3-A1-SYNTH-NOEX: no-example card renders no example box and no stale content from the previous card



















[225/322] [Mobile Chrome] › tests/e2e/cefr-cards.spec.js:784:9 › SHARED-CARD-003 A1 ordinary card — synthetic edge cases › SC3-A1-SYNTH-MULTI: multiple-example card shows exactly the first example


















[226/322] [Mobile Chrome] › tests/e2e/cefr-cards.spec.js:799:9 › SHARED-CARD-003 A1 ordinary card — synthetic edge cases › SC3-A1-SYNTH-EX-WO-TR: example without a translation shows the sentence only, never an empty line




















[227/322] [Mobile Chrome] › tests/e2e/cefr-cards.spec.js:820:9 › SHARED-CARD-003 B2 ordinary card — real dataset › SC3-B2-MIXED: unit-1 card back shows the German answer, the first real example and its actual mixed translation (AC-05)





















[228/322] [Mobile Chrome] › tests/e2e/cefr-cards.spec.js:853:9 › SHARED-CARD-003 B2 ordinary card — real dataset › SC3-B2-EN-ONLY: real English-only translation card carries ltr + lang=en and never a false Arabic label





















[229/322] [Mobile Chrome] › tests/e2e/cefr-cards.spec.js:886:9 › SHARED-CARD-003 B2 ordinary card — real dataset › SC3-B2-NOEX: real no-example card (unit 69) renders the answer with no example block





















[230/322] [Mobile Chrome] › tests/e2e/cefr-cards.spec.js:901:9 › SHARED-CARD-003 B2 ordinary card — real dataset › SC3-B2-EX-NO-TR: real sentence example without a translation shows the sentence only





















[231/322] [Mobile Chrome] › tests/e2e/cefr-cards.spec.js:922:9 › SHARED-CARD-003 B2 ordinary card — real dataset › SC3-B2-SECRECY: translation-front B2 card hides the German answer and example before reveal (AC-06)





















[232/322] [Mobile Chrome] › tests/e2e/cefr-cards.spec.js:951:9 › SHARED-CARD-003 B2 ordinary card — real dataset › SC3-B2-ID-PERSISTENCE: grading writes the exact B2 unit ID under the B2 storage key only



















[233/322] [Mobile Chrome] › tests/e2e/cefr-cards.spec.js:975:9 › SHARED-CARD-003 B2 ordinary card — real dataset › SC3-B2-UNIT-SWITCH: B2 unit switching updates the card scope and titles





















[234/322] [Mobile Chrome] › tests/e2e/cefr-cards.spec.js:990:9 › SHARED-CARD-003 B2 ordinary card — real dataset › SC3-B2-A11Y-TOOLBAR: B2 toolbar controls are keyboard-focusable with a visible indicator and 44x44 targets (AC-09)





















[235/322] [Mobile Chrome] › tests/e2e/cefr-cards.spec.js:1047:9 › SHARED-CARD-003 B2 ordinary card — synthetic language edges › SC3-B2-SYNTH-AR: Arabic-only translation renders rtl + lang=ar and is never labeled English

















[236/322] [Mobile Chrome] › tests/e2e/cefr-cards.spec.js:1078:9 › SHARED-CARD-003 B2 ordinary card — synthetic language edges › SC3-B2-SYNTH-MIXED: mixed translation and multiple examples — dir=auto, no lang, first example only




















[237/322] [Mobile Chrome] › tests/e2e/cefr-cards.spec.js:1103:9 › SHARED-CARD-003 B2 ordinary card — synthetic language edges › SC3-B2-SYNTH-NOEX-EN: English-only no-example card renders safely


















[238/322] [Mobile Chrome] › tests/e2e/cefr-cards.spec.js:1117:9 › SHARED-CARD-003 B2 ordinary card — synthetic language edges › SC3-B2-SYNTH-MISSING-TR: missing translation renders a truthful placeholder and never a false language




















[239/322] [Mobile Chrome] › tests/e2e/cefr-cards.spec.js:1149:9 › SHARED-CARD-003 B2 ordinary card — synthetic language edges › SC3-B2-SYNTH-VOICE: Arabic and mixed display text are never spoken through any voice




















[240/322] [Mobile Chrome] › tests/e2e/cefr-cards.spec.js:1197:9 › SHARED-CARD-003 interaction and accessibility (A1) › SC3-INT-POINTER: pointer click flips front to back and back to front (AC-07)





















[241/322] [Mobile Chrome] › tests/e2e/cefr-cards.spec.js:1211:9 › SHARED-CARD-003 interaction and accessibility (A1) › SC3-INT-ENTER: the card is keyboard-reachable and Enter flips it exactly once





















[242/322] [Mobile Chrome] › tests/e2e/cefr-cards.spec.js:1232:9 › SHARED-CARD-003 interaction and accessibility (A1) › SC3-INT-SPACE: Space flips the card exactly once and never scrolls the page




















[243/322] [Mobile Chrome] › tests/e2e/cefr-cards.spec.js:1246:9 › SHARED-CARD-003 interaction and accessibility (A1) › SC3-INT-CONTROLS: Enter on a focused card control runs only that control — zero flip transitions





















[244/322] [Mobile Chrome] › tests/e2e/cefr-cards.spec.js:1266:9 › SHARED-CARD-003 interaction and accessibility (A1) › SC3-INT-GRADE-DOUBLE: keyboard Enter on Known grades exactly once — no duplicate write or double advance





















[245/322] [Mobile Chrome] › tests/e2e/cefr-cards.spec.js:1288:9 › SHARED-CARD-003 interaction and accessibility (A1) › SC3-INT-BACK-CONTROLS: revealed-back controls never flip, grade, or advance the card (AC-08)




















[246/322] [Mobile Chrome] › tests/e2e/cefr-cards.spec.js:1326:9 › SHARED-CARD-003 interaction and accessibility (A1) › SC3-A11Y-INERT: only the displayed face is focusable and exposed — inert faces, AX-tree exclusion, flip-back restore (AC-09/SC2-C1 analog)





















[247/322] [Mobile Chrome] › tests/e2e/cefr-cards.spec.js:1384:9 › SHARED-CARD-003 interaction and accessibility (A1) › SC3-A11Y-NAMES: icon-only card controls expose descriptive accessible names and truthful aria-pressed





















[248/322] [Mobile Chrome] › tests/e2e/cefr-cards.spec.js:1409:9 › SHARED-CARD-003 interaction and accessibility (A1) › SC3-A11Y-FOCUS: keyboard-focused card and toolbar controls match :focus-visible and paint a visible indicator (AC-09)





















[249/322] [Mobile Chrome] › tests/e2e/cefr-cards.spec.js:1449:9 › SHARED-CARD-003 interaction and accessibility (A1) › SC3-A11Y-TARGETS: card and toolbar touch targets are at least 44x44 CSS pixels (AC-09)





















[250/322] [Mobile Chrome] › tests/e2e/cefr-cards.spec.js:1481:9 › SHARED-CARD-003 interaction and accessibility (A1) › SC3-A11Y-REDUCED-MOTION: reduced-motion preference disables the flip transition but not the flip





















[251/322] [Mobile Chrome] › tests/e2e/cefr-cards.spec.js:1518:9 › SHARED-CARD-003 interaction and accessibility (A1) › SC3-THEME: light and dark themes both render the card and keep the flip behavior





















[252/322] [Mobile Chrome] › tests/e2e/cefr-cards.spec.js:1540:9 › SHARED-CARD-003 interaction and accessibility (A1) › SC3-OVERFLOW: no horizontal overflow on the front or the revealed mixed-content back (AC-09)



















[253/322] [Mobile Chrome] › tests/e2e/cefr-cards.spec.js:1563:9 › SHARED-CARD-003 interaction and accessibility (A1) › SC3-CONSOLE: both level pages boot the shared card with a clean console










































[254/322] [Mobile Chrome] › tests/e2e/cefr-cards.spec.js:1583:9 › SHARED-CARD-003 regression — phrases, conversation, source boundary › SC3-REG-PHRASES-TAB: the Phrases tab still renders phrase cards (LF-NAV / AC-10)






















[255/322] [Mobile Chrome] › tests/e2e/cefr-cards.spec.js:1593:9 › SHARED-CARD-003 regression — phrases, conversation, source boundary › SC3-REG-PHRASE-FLASHCARDS: phrase flashcards keep the legacy card behavior, grading and phrase counters






















[256/322] [Mobile Chrome] › tests/e2e/cefr-cards.spec.js:1623:9 › SHARED-CARD-003 regression — phrases, conversation, source boundary › SC3-REG-CONVERSATION: the Conversation tab still renders scenes






















[257/322] [Mobile Chrome] › tests/e2e/cefr-cards.spec.js:1631:9 › SHARED-CARD-003 regression — phrases, conversation, source boundary › SC3-REG-B2-MISSING: B2 phrases and conversation tabs show their configured empty states

























[258/322] [Mobile Chrome] › tests/e2e/cefr-cards.spec.js:1641:9 › SHARED-CARD-003 regression — phrases, conversation, source boundary › SC3-REG-SOURCE-BOUNDARY: a unit switch from phrase flashcards re-routes word grades to word storage (AC-17/AC-10)






















[259/322] [Mobile Chrome] › tests/e2e/cefr-cards.spec.js:1668:9 › SHARED-CARD-003 regression — phrases, conversation, source boundary › SC3-REG-MODE-SWAP: words and phrases flashcard modes swap their card DOM with no duplicate ids






















[260/322] [Mobile Chrome] › tests/e2e/cefr-cards.spec.js:1707:9 › SHARED-CARD-003 regression — phrases, conversation, source boundary › SC3-REG-A1-UNIT-SWITCH: A1 unit switching updates the card scope and grades the exact unit-2 ID





















[261/322] [Mobile Chrome] › tests/e2e/favorites-filters.spec.js:15:3 › Favorites and Filters State › Toggling filters should not remove favorites























[262/322] [Mobile Chrome] › tests/e2e/phrases-conversations.spec.js:86:7 › Phrases and Conversations E2E Suite › Load App, default tabs, and existing words behavior





















[263/322] [Mobile Chrome] › tests/e2e/phrases-conversations.spec.js:109:7 › Phrases and Conversations E2E Suite › Phrases Tab Rendering and Flashcards
























[264/322] [Mobile Chrome] › tests/e2e/phrases-conversations.spec.js:146:7 › Phrases and Conversations E2E Suite › SpeechQueue Play All, Stop, and Navigation Cleanup
























[265/322] [Mobile Chrome] › tests/e2e/phrases-conversations.spec.js:199:7 › Phrases and Conversations E2E Suite › Conversation clean text and Missing Content Graceful State
























[266/322] [Mobile Chrome] › tests/e2e/phrases-conversations.spec.js:234:7 › Phrases and Conversations E2E Suite › Phrases Hide and Guess Practice Controls























[267/322] [Mobile Chrome] › tests/e2e/phrases-conversations.spec.js:326:7 › Phrases and Conversations E2E Suite › Mobile viewport layout verification





















[268/322] [Mobile Chrome] › tests/e2e/phrases-conversations.spec.js:339:7 › Phrases and Conversations E2E Suite › Dashboard and Phrases tab progress stats model














































[269/322] [Mobile Chrome] › tests/e2e/phrases-conversations.spec.js:407:7 › Phrases and Conversations E2E Suite › Mobile sidebar navigation works with real UI clicks












































[270/322] [Mobile Chrome] › tests/e2e/phrases-conversations.spec.js:479:7 › Phrases and Conversations E2E Suite › SpeechQueue advances through multiple items correctly
























[271/322] [Mobile Chrome] › tests/e2e/phrases-conversations.spec.js:513:7 › Phrases and Conversations E2E Suite › SpeechQueue stop during 250ms delay cancels correctly
























[272/322] [Mobile Chrome] › tests/e2e/phrases-conversations.spec.js:545:7 › Phrases and Conversations E2E Suite › SpeechQueue rapid stop-and-restart works correctly
























[273/322] [Mobile Chrome] › tests/e2e/phrases-conversations.spec.js:582:7 › Phrases and Conversations E2E Suite › SpeechQueue completes all items and fires onFinished























[274/322] [Mobile Chrome] › tests/e2e/srs.spec.js:70:7 › Spaced Repetition System (SRS) E2E Suite › SRS Level Progression and Time Machine Verification

















[Mobile Chrome] › tests/e2e/srs.spec.js:70:7 › Spaced Repetition System (SRS) E2E Suite › SRS Level Progression and Time Machine Verification
[Browser Console log] 🎙️ Selected German Voice: Mock Voice


[Browser Console log] ✅ [A1] Config loaded: 📚 A1 German

[Browser Console log] ✅ Firebase initialized for appId: german-a1-app

[Browser Console log] 🚀 DOM loaded / App booting.

[Browser Console log] 📱 Using offline mode

[Browser Console log] [WP-010] Migration complete. Version set to 1.

[Browser Console log] ✅ Engines initialized with 30 words in Unit 1


[Browser Console log] 🎙️ Selected German Voice: Mock Voice

[Browser Console log] ✅ [A1] Config loaded: 📚 A1 German

[Browser Console log] ✅ Firebase initialized for appId: german-a1-app

[Browser Console log] 🚀 DOM loaded / App booting.

[Browser Console log] 📱 Using offline mode

[Browser Console log] ✅ Engines initialized with 30 words in Unit 1


[Browser Console log] 🎙️ Selected German Voice: Mock Voice

[Browser Console log] ✅ [A1] Config loaded: 📚 A1 German

[Browser Console log] ✅ Firebase initialized for appId: german-a1-app

[Browser Console log] 🚀 DOM loaded / App booting.

[Browser Console log] 📱 Using offline mode

[Browser Console log] ✅ Engines initialized with 30 words in Unit 1

[275/322] [Mobile Chrome] › tests/e2e/verb-guided-challenge.spec.js:137:9 › Guided Challenge E2E Suite › starts guided challenge and shows the acquisition phase with intro cards


















[276/322] [Mobile Chrome] › tests/e2e/verb-guided-challenge.spec.js:146:9 › Guided Challenge E2E Suite › keeps the hidden acquisition pool at eight or fewer verbs


















[277/322] [Mobile Chrome] › tests/e2e/verb-guided-challenge.spec.js:186:9 › Guided Challenge E2E Suite › forgot during acquisition never repeats immediately


















[278/322] [Mobile Chrome] › tests/e2e/verb-guided-challenge.spec.js:212:9 › Guided Challenge E2E Suite › recognition phase prompts German → English and ends with the First Win


















[279/322] [Mobile Chrome] › tests/e2e/verb-guided-challenge.spec.js:266:9 › Guided Challenge E2E Suite › production phase prompts English → German and ends with the Second Win
















[280/322] [Mobile Chrome] › tests/e2e/verb-guided-challenge.spec.js:315:9 › Guided Challenge E2E Suite › restart challenge explicitly resets the session


















[281/322] [Mobile Chrome] › tests/e2e/verb-guided-challenge.spec.js:331:9 › Guided Challenge E2E Suite › resumes the session after a refresh



















[282/322] [Mobile Chrome] › tests/e2e/verb-guided-challenge.spec.js:348:9 › Guided Challenge E2E Suite › legacy knownVerbIds aliases are migrated to canonical ids with a backup


















[283/322] [Mobile Chrome] › tests/e2e/verb-guided-challenge.spec.js:375:9 › Guided Challenge E2E Suite › daily review with no due verbs shows a toast instead of opening


















[284/322] [Mobile Chrome] › tests/e2e/verb-guided-challenge.spec.js:382:9 › Guided Challenge E2E Suite › daily review with due verbs serves recognition then production tracks



















[285/322] [Mobile Chrome] › tests/e2e/verb-guided-challenge.spec.js:428:9 › Guided Challenge E2E Suite › no browser console errors during the guided flow















[286/322] [Mobile Chrome] › tests/e2e/verb-guided-challenge.spec.js:445:9 › Guided Challenge E2E Suite › verbLearning mastery is committed only when a whole phase wins

















[287/322] [Mobile Chrome] › tests/e2e/verb-guided-challenge.spec.js:517:9 › Guided Challenge E2E Suite › GC-01: independent review track ordering and no skipped production when track lengths match


















[288/322] [Mobile Chrome] › tests/e2e/verb-guided-challenge.spec.js:563:9 › Guided Challenge E2E Suite › T3: canonical-ID migration through real loading lifecycle


































[289/322] [Mobile Chrome] › tests/e2e/verb-guided-challenge.spec.js:712:9 › Guided Challenge E2E Suite › GC-06: double reveal does not wipe or replace frozen recall latency

















[290/322] [Mobile Chrome] › tests/e2e/verb-guided-challenge.spec.js:736:9 › Guided Challenge E2E Suite › GC-07: daily review progress indicator advances card-by-card per terminal completion



















[291/322] [Mobile Chrome] › tests/e2e/verb-guided-challenge.spec.js:771:9 › Guided Challenge E2E Suite › GC-08: one terminal review outcome applies to exactly one SRS track, once, and completion needs every due card



















[292/322] [Mobile Chrome] › tests/e2e/verb-guided-challenge.spec.js:837:9 › Guided Challenge E2E Suite › GC-09: two click attempts on the same grade button apply exactly one grade



















[293/322] [Mobile Chrome] › tests/e2e/verb-guided-challenge.spec.js:942:9 › Guided Challenge E2E Suite › GC-11: two click attempts on the same Intro button introduce exactly one card

















[294/322] [Mobile Chrome] › tests/e2e/verb-guided-challenge.spec.js:1036:9 › Guided Challenge E2E Suite › R1: Daily Review does not render a Restart button or Restart action in any state



















[295/322] [Mobile Chrome] › tests/e2e/verb-guided-challenge.spec.js:1088:9 › Guided Challenge E2E Suite › R2: Resume Daily Review after refresh restores the exact production-phase state




















[296/322] [Mobile Chrome] › tests/e2e/verb-guided-challenge.spec.js:1265:9 › Guided Challenge E2E Suite › R3: Guided Challenge (learning) still keeps Restart and works end-to-end


















[297/322] [Mobile Chrome] › tests/e2e/verbs-audio.spec.js:72:7 › AUDIO-002 Verbs Autoplay Adapter (deterministic speech mocks) › [AUDIO-002] real controller speaks the exact planned sequence with per-step language


















[298/322] [Mobile Chrome] › tests/e2e/verbs-audio.spec.js:111:7 › AUDIO-002 Verbs Autoplay Adapter (deterministic speech mocks) › [AUDIO-002] pause and resume keep the current position without skipping or duplicating an item


















[299/322] [Mobile Chrome] › tests/e2e/verbs-audio.spec.js:150:7 › AUDIO-002 Verbs Autoplay Adapter (deterministic speech mocks) › [AUDIO-002] stop cancels future speech, clears highlights, hides the floating player, and resets the controls


















[300/322] [Mobile Chrome] › tests/e2e/verbs-audio.spec.js:179:7 › AUDIO-002 Verbs Autoplay Adapter (deterministic speech mocks) › [AUDIO-002] completing the queue resets the controls exactly once and speaks every planned step exactly once

















[301/322] [Mobile Chrome] › tests/e2e/verbs-audio.spec.js:210:7 › AUDIO-002 Verbs Autoplay Adapter (deterministic speech mocks) › [AUDIO-002] row-play starts at that row and syncs the Start-At dropdown


















[302/322] [Mobile Chrome] › tests/e2e/verbs-audio.spec.js:222:7 › AUDIO-002 Verbs Autoplay Adapter (deterministic speech mocks) › [AUDIO-002] a rapid restart replaces the queue exactly once and stale utterance callbacks cannot disturb it


















[303/322] [Mobile Chrome] › tests/e2e/verbs-audio.spec.js:248:7 › AUDIO-002 Verbs Autoplay Adapter (deterministic speech mocks) › [AUDIO-002] individual pronunciation stops the autoplay queue and speaks only that item


















[304/322] [Mobile Chrome] › tests/e2e/verbs-audio.spec.js:262:7 › AUDIO-002 Verbs Autoplay Adapter (deterministic speech mocks) › [AUDIO-002] an empty filtered queue never enters the playing state

















[305/322] [Mobile Chrome] › tests/e2e/verbs-audio.spec.js:292:7 › AUDIO-002 Verbs Autoplay Adapter (deterministic speech mocks) › [AUDIO-002-C1] selecting another deck cancels the running autoplay and leaves the new deck intact


















[306/322] [Mobile Chrome] › tests/e2e/verbs-audio.spec.js:333:7 › AUDIO-002 Verbs Autoplay Adapter (deterministic speech mocks) › [AUDIO-002-C1] a paused autoplay session is cancelled, not resumed, when the deck changes

















[307/322] [Mobile Chrome] › tests/e2e/verbs-audio.spec.js:359:7 › AUDIO-002 Verbs Autoplay Adapter (deterministic speech mocks) › [AUDIO-002-C1] a search that empties the queue cancels autoplay at input time and Play stays a clean no-op


















[308/322] [Mobile Chrome] › tests/e2e/verbs-audio.spec.js:382:7 › AUDIO-002 Verbs Autoplay Adapter (deterministic speech mocks) › [AUDIO-002-C1] a search that changes the result set cancels the old queue; only current verbs can speak


















[309/322] [Mobile Chrome] › tests/e2e/verbs-audio.spec.js:414:7 › AUDIO-002 Verbs Autoplay Adapter (deterministic speech mocks) › [AUDIO-002-C1] starting playback with an empty controller queue stops a previous session instead of leaving it alive


















[310/322] [Mobile Chrome] › tests/e2e/verbs-audio.spec.js:431:7 › AUDIO-002 Verbs Autoplay Adapter (deterministic speech mocks) › [AUDIO-002-C1] a start attempt producing an empty planned sequence stops a previous session instead of leaving it alive


















[311/322] [Mobile Chrome] › tests/e2e/verbs-audio.spec.js:452:7 › AUDIO-002 Verbs Autoplay Adapter (deterministic speech mocks) › [AUDIO-002-C1] navigating to another view cancels autoplay and hides the floating player


















[312/322] [Mobile Chrome] › tests/e2e/verbs-audio.spec.js:476:7 › AUDIO-002 Verbs Autoplay Adapter (deterministic speech mocks) › [AUDIO-002-C1] a stale callback from the replaced queue cannot advance the new session after navigation


















[313/322] [Mobile Chrome] › tests/e2e/verbs-dashboard-trophies.spec.js:87:7 › Verbs Dashboard & Trophy Shelf E2E Suite (WP-041) › marking a brand-new flashcard as Known records activity for today on the verbs page


















[314/322] [Mobile Chrome] › tests/e2e/verbs-dashboard-trophies.spec.js:122:7 › Verbs Dashboard & Trophy Shelf E2E Suite (WP-041) › listening to 15+ verbs via TTS counts as a learning day on the verbs page



















[315/322] [Mobile Chrome] › tests/e2e/verbs-dashboard-trophies.spec.js:152:7 › Verbs Dashboard & Trophy Shelf E2E Suite (WP-041) › trophy shelf renders cards and shows earned deck trophies from seeded progress



















[316/322] [Mobile Chrome] › tests/e2e/verbs-dashboard-trophies.spec.js:172:7 › Verbs Dashboard & Trophy Shelf E2E Suite (WP-041) › leaderboard view renders the shared table and is reachable via nav and switchView



















[317/322] [Mobile Chrome] › tests/e2e/verbs.spec.js:9:7 › Top German Verbs Mastery E2E Suite (Card Recycling & Custom Auto-Play TTS) › should recycle Still Learning card to the end of queue and advance to next card















[318/322] [Mobile Chrome] › tests/e2e/verbs.spec.js:24:7 › Top German Verbs Mastery E2E Suite (Card Recycling & Custom Auto-Play TTS) › should pronounce example sentence when clicking on German sentence text in List View


















[319/322] [Mobile Chrome] › tests/e2e/verbs.spec.js:33:7 › Top German Verbs Mastery E2E Suite (Card Recycling & Custom Auto-Play TTS) › should configure custom Auto-Play Audio sequence (repeat count, English TTS, start location)

















[320/322] [Mobile Chrome] › tests/e2e/verbs.spec.js:69:7 › Top German Verbs Mastery E2E Suite (Card Recycling & Custom Auto-Play TTS) › should start Auto-Play from a specific row when clicking play button ▶


















[321/322] [Mobile Chrome] › tests/e2e/verbs.spec.js:86:7 › Top German Verbs Mastery E2E Suite (Card Recycling & Custom Auto-Play TTS) › should toggle Favorites Only mode in Flashcards view

















[322/322] [Mobile Chrome] › tests/e2e/words-audio.spec.js:48:3 › Words Play All Audio Feature › Play all words highlights rows and respects filters




















  2) [Mobile Chrome] › tests/e2e/words-audio.spec.js:48:3 › Words Play All Audio Feature › Play all words highlights rows and respects filters

    Error: expect(received).toBe(expected) // Object.is equality

    Expected: 0
    Received: 1

      75 |     // Check if highlights are cleared
      76 |     const highlightedRows = await page.$$('#glossary-tbody tr.highlighted-speech');
    > 77 |     expect(highlightedRows.length).toBe(0);
         |                                    ^
      78 |   });
      79 | });
      80 |
        at /home/z/my-project/words-list-v2/tests/e2e/words-audio.spec.js:77:36

    Error Context: test-results/words-audio-Words-Play-All-61530-s-rows-and-respects-filters-Mobile-Chrome/error-context.md


  2 failed
    [chromium] › tests/e2e/words-audio.spec.js:48:3 › Words Play All Audio Feature › Play all words highlights rows and respects filters
    [Mobile Chrome] › tests/e2e/words-audio.spec.js:48:3 › Words Play All Audio Feature › Play all words highlights rows and respects filters
  1 skipped
  319 passed (9.1m)
