✔ AUDIO-001-C1: zero items produces an empty step list with no warnings (1.673388ms)
✔ AUDIO-001-C1: one item without examples and defaults produces one German term step (0.402521ms)
✔ AUDIO-001-C1: many items with default options produce one term step per item in source order (0.187356ms)
✔ AUDIO-001-C1: normalized A1-shaped card with translationLanguage "en" emits term then English term-translation (0.207636ms)
✔ AUDIO-001-C1: normalized B2 mixed card with translationLanguage "mixed" emits term, en, then ar term-translations (0.21468ms)
✔ AUDIO-001-C1: Arabic-only normalized card with translationLanguage "ar" emits term then Arabic term-translation, never English (0.157316ms)
✔ AUDIO-001-C1: null translationLanguage emits no term-translation step and no warning even when translation text exists (0.132796ms)
✔ AUDIO-001-C1: a stale synthetic card.language property is ignored; term translation follows card.translationLanguage (0.163924ms)
✔ AUDIO-001-C1: a card produced by the actual A1 parser plans term, en term-translation, example, and en example-translation steps (0.191817ms)
✔ AUDIO-001-C1: a mixed card produced by the actual B2 parser plans term, en/ar term-translations, and en/ar example-translations (0.265821ms)
✔ AUDIO-001-C1: an Arabic-only card produced by the actual B2 parser plans term, Arabic term-translation, example, and Arabic example-translation (0.178577ms)
✔ AUDIO-001-C1: a real A1 dataset card plans term, en term-translation, example, and en example-translation steps (0.12938ms)
✔ AUDIO-001-C1: a real B2 dataset card keeps slash alternatives in one en step and splits its mixed example into en and ar steps (0.129432ms)
✔ AUDIO-001-C1: card.language is neither required nor introduced on normalized cards (0.340831ms)
✔ AUDIO-001-C1: two items with repeatCount 2 emit item 1 both repeats then item 2 both repeats (Verbs autoplay order) (0.144358ms)
✔ AUDIO-001-C1: each item repetition contains its term, requested translation, and requested examples before the next repetition or item (0.223761ms)
✔ AUDIO-001-C1: repeatCount 3 on one item emits the term three times with ascending repeatIndex (0.078385ms)
✔ AUDIO-001-C1: startIndex 0 plays the full sequence with original indices (0.083657ms)
✔ AUDIO-001-C1: startIndex in the middle retains the original item indices 1 and 2 without re-basing (0.108688ms)
✔ AUDIO-001-C1: startIndex at the last item plays exactly that item with its original index (0.072199ms)
✔ AUDIO-001-C1: startIndex out of range produces an empty step list with an OUT_OF_RANGE_START_INDEX warning (0.088418ms)
✔ AUDIO-001-C1: item ids and original indices stay stable across repeats after a startIndex (0.126173ms)
✔ AUDIO-001-C1: exampleMode none omits all example steps (0.09927ms)
✔ AUDIO-001-C1: exampleMode first emits only the first example (0.091732ms)
✔ AUDIO-001-C1: exampleMode all emits every example in source order (0.114223ms)
✔ AUDIO-001-C1: includeTranslation=false (default) omits term-translation steps even when text is available (0.068991ms)
✔ AUDIO-001-C1: empty English term-translation is skipped with a SKIPPED_EMPTY_TEXT warning, no substitution (0.112792ms)
✔ AUDIO-001-C1: empty German term text is skipped with a SKIPPED_EMPTY_TEXT warning (0.125504ms)
✔ AUDIO-001-C1: English slash alternatives are kept intact in one English step and never split or reclassified (0.073952ms)
✔ AUDIO-001-C1: mixed-language example translation emits example, en-translation, ar-translation as separate steps (0.12059ms)
✔ AUDIO-001-C1: invalid exampleMode throws InvalidSpeechPlanOptionError (0.456765ms)
✔ AUDIO-001-C1: repeatCount 0 throws InvalidSpeechPlanOptionError (0.143637ms)
✔ AUDIO-001-C1: negative repeatCount throws InvalidSpeechPlanOptionError (0.137503ms)
✔ AUDIO-001-C1: non-boolean includeTranslation throws InvalidSpeechPlanOptionError (0.115475ms)
✔ AUDIO-001-C1: negative startIndex throws InvalidSpeechPlanOptionError (0.114131ms)
✔ AUDIO-001-C1: non-integer startIndex throws InvalidSpeechPlanOptionError (0.145683ms)
✔ AUDIO-001-C1: items not an array throws InvalidSpeechPlanOptionError (0.08737ms)
✔ AUDIO-001-C1: planSpeechSequence never mutates items, cards, examples, or options (0.214766ms)
✔ AUDIO-001-C1: two calls with the same inputs produce deep-equal results (fresh arrays each call) (0.161067ms)
✔ AUDIO-001-C1: deterministic item-major ordering holds for many items with repeats and translations (0.119807ms)
ℹ tests 40
ℹ suites 0
ℹ pass 40
ℹ fail 0
ℹ cancelled 0
ℹ skipped 0
ℹ todo 0
ℹ duration_ms 124.672604
