
> german-words-list2-v2@1.0.0 test:units
> node --test "tests/unit/**/*.test.mjs"

✔ LEVEL-DATA-012: normalized mixed translations speak only the English field (4.373968ms)
✔ LEVEL-DATA-013: normalized Arabic-only translations are never sent to an English voice (1.117261ms)
✔ LEVEL-DATA-014: legacy cards without normalized speech fields keep English playback (1.842179ms)
✔ SHARED-CARD-003 unit: translationDisplayAttrs derives direction and language metadata (SC3/LF-CARD) (1.545129ms)
✔ SHARED-CARD-003 unit: firstExample returns exactly the first structured example or null (0.997317ms)
✔ LEVEL-DATA-001: A1 retains the German and translated first example (1.745924ms)
✔ LEVEL-DATA-002: B2 retains bilingual display text without mislabeling it as English-only (0.355437ms)
✔ LEVEL-DATA-002A: slash-separated English alternatives stay English-only (0.186082ms)
✔ LEVEL-DATA-002B: Arabic-only translations expose only Arabic speech text (0.152052ms)
✔ LEVEL-DATA-003: cards without examples expose empty collections without changing legacy fields (0.270224ms)
✔ LEVEL-DATA-004: real A1 and B2 configs retain units, IDs, and example fields (4.405336ms)
✔ LEVEL-DATA-005: real A1 and B2 configs pass the normalized vocabulary validator (12.509969ms)
✔ LEVEL-DATA-006: content-sensitive snapshots detect unit counts and accidental reordering (43.07874ms)
✔ LEVEL-DATA-007: validator rejects duplicate IDs, unit mismatches, and broken examples (0.663809ms)
✔ LEVEL-DATA-008: validator rejects duplicate words and inconsistent normalized aliases (0.362293ms)
✔ LEVEL-DATA-009: duplicate-word allowances are exact and become stale when the data changes (0.321761ms)
✔ LEVEL-DATA-010: legacy level progress loads with stable IDs still present in normalized data (3.919661ms)
✔ LEVEL-DATA-011: a level config cannot omit its level identity (0.226102ms)
✔ SHARED-CARD-002 unit: unrevealed front renders the shell with an empty lazy back face (1.129291ms)
✔ SHARED-CARD-002 unit: lazy revealed back carries the answer content and the flipped state (0.180042ms)
✔ SHARED-CARD-002 unit: example block renders ONLY the first example with its translation always visible (SC-02) (0.246162ms)
✔ SHARED-CARD-002 unit: example block without a translation shows the sentence and no translation line (0.13644ms)
✔ SHARED-CARD-002 unit: no-example state renders nothing — no stale or placeholder content (0.10991ms)
✔ SHARED-CARD-002 unit: adapter-specific actions are placed below the card, verbatim (0.220785ms)
✔ SHARED-CARD-002 unit: the renderer has no storage/scheduler/persistence/DOM dependency (FP-DESIGN-009) (0.397811ms)
✔ SHARED-CARD-002 unit: safe escaping — example data is sanitized in text and attributes (0.165078ms)
✔ SHARED-CARD-002 unit: hidden metadata — the favorite button carries no card id and a hidden hint carries no text (SC-01b/d) (0.419196ms)
✔ SHARED-CARD-002 unit: non-flippable presentation card exposes no flip affordance (0.23488ms)
✔ SHARED-CARD-002-C1 unit: icon-only Speak and Favorite affordances expose stable descriptive accessible names (SC2-C1-A11Y-001) (0.154583ms)
✔ SHARED-CARD-002-C1 unit: only the displayed face is exposed — the hidden back renders inert until flipped, and an inert front is supported (SC2-C1-A11Y-002) (0.159851ms)
✔ SHARED-CARD-002-C1 unit: a non-activatable card keeps both faces but exposes no activation affordance (SC2-C1-A11Y-003) (0.128384ms)
✔ SHARED-CARD-002-C1 unit: example translations are language-neutral — English, Arabic, mixed and missing metadata render safely (SC2-C1-DESIGN-001) (0.329459ms)
✔ AUDIO-001-C1: zero items produces an empty step list with no warnings (1.759073ms)
✔ AUDIO-001-C1: one item without examples and defaults produces one German term step (0.440638ms)
✔ AUDIO-001-C1: many items with default options produce one term step per item in source order (0.196807ms)
✔ AUDIO-001-C1: normalized A1-shaped card with translationLanguage "en" emits term then English term-translation (0.226615ms)
✔ AUDIO-001-C1: normalized B2 mixed card with translationLanguage "mixed" emits term, en, then ar term-translations (0.185443ms)
✔ AUDIO-001-C1: Arabic-only normalized card with translationLanguage "ar" emits term then Arabic term-translation, never English (0.15296ms)
✔ AUDIO-001-C1: null translationLanguage emits no term-translation step and no warning even when translation text exists (3.473856ms)
✔ AUDIO-001-C1: a stale synthetic card.language property is ignored; term translation follows card.translationLanguage (0.176194ms)
✔ AUDIO-001-C1: a card produced by the actual A1 parser plans term, en term-translation, example, and en example-translation steps (0.170503ms)
✔ AUDIO-001-C1: a mixed card produced by the actual B2 parser plans term, en/ar term-translations, and en/ar example-translations (0.227981ms)
✔ AUDIO-001-C1: an Arabic-only card produced by the actual B2 parser plans term, Arabic term-translation, example, and Arabic example-translation (0.207358ms)
✔ AUDIO-001-C1: a real A1 dataset card plans term, en term-translation, example, and en example-translation steps (0.142367ms)
✔ AUDIO-001-C1: a real B2 dataset card keeps slash alternatives in one en step and splits its mixed example into en and ar steps (0.170625ms)
✔ AUDIO-001-C1: card.language is neither required nor introduced on normalized cards (0.294517ms)
✔ AUDIO-001-C1: two items with repeatCount 2 emit item 1 both repeats then item 2 both repeats (Verbs autoplay order) (0.146343ms)
✔ AUDIO-001-C1: each item repetition contains its term, requested translation, and requested examples before the next repetition or item (0.257923ms)
✔ AUDIO-001-C1: repeatCount 3 on one item emits the term three times with ascending repeatIndex (0.105452ms)
✔ AUDIO-001-C1: startIndex 0 plays the full sequence with original indices (0.096265ms)
✔ AUDIO-001-C1: startIndex in the middle retains the original item indices 1 and 2 without re-basing (0.069158ms)
✔ AUDIO-001-C1: startIndex at the last item plays exactly that item with its original index (0.064902ms)
✔ AUDIO-001-C1: startIndex out of range produces an empty step list with an OUT_OF_RANGE_START_INDEX warning (0.135111ms)
✔ AUDIO-001-C1: item ids and original indices stay stable across repeats after a startIndex (0.153115ms)
✔ AUDIO-001-C1: exampleMode none omits all example steps (0.121805ms)
✔ AUDIO-001-C1: exampleMode first emits only the first example (0.122418ms)
✔ AUDIO-001-C1: exampleMode all emits every example in source order (0.103137ms)
✔ AUDIO-001-C1: includeTranslation=false (default) omits term-translation steps even when text is available (0.078928ms)
✔ AUDIO-001-C1: empty English term-translation is skipped with a SKIPPED_EMPTY_TEXT warning, no substitution (0.108342ms)
✔ AUDIO-001-C1: empty German term text is skipped with a SKIPPED_EMPTY_TEXT warning (0.088656ms)
✔ AUDIO-001-C1: English slash alternatives are kept intact in one English step and never split or reclassified (0.103267ms)
✔ AUDIO-001-C1: mixed-language example translation emits example, en-translation, ar-translation as separate steps (0.128324ms)
✔ AUDIO-001-C1: invalid exampleMode throws InvalidSpeechPlanOptionError (0.422965ms)
✔ AUDIO-001-C1: repeatCount 0 throws InvalidSpeechPlanOptionError (0.101175ms)
✔ AUDIO-001-C1: negative repeatCount throws InvalidSpeechPlanOptionError (0.121649ms)
✔ AUDIO-001-C1: non-boolean includeTranslation throws InvalidSpeechPlanOptionError (0.146706ms)
✔ AUDIO-001-C1: negative startIndex throws InvalidSpeechPlanOptionError (0.086497ms)
✔ AUDIO-001-C1: non-integer startIndex throws InvalidSpeechPlanOptionError (0.111094ms)
✔ AUDIO-001-C1: items not an array throws InvalidSpeechPlanOptionError (0.106257ms)
✔ AUDIO-001-C1: planSpeechSequence never mutates items, cards, examples, or options (0.213901ms)
✔ AUDIO-001-C1: two calls with the same inputs produce deep-equal results (fresh arrays each call) (0.103269ms)
✔ AUDIO-001-C1: deterministic item-major ordering holds for many items with repeats and translations (0.111312ms)
✔ schema version is bumped to 2 for per-track merging (0.912425ms)
✔ trackNumericTime returns null for a track that does not exist (0.17973ms)
✔ trackNumericTime falls back to record updatedAt for legacy explicit win (0.106589ms)
✔ trackNumericTime prefers the explicit track timestamp (0.096529ms)
✔ mergeVerbRecord joins per-track data without an explicit track timestamp (0.277539ms)
✔ mergeVerbRecord keeps the newer explicit recognition track (0.502702ms)
✔ mergeVerbRecord does not invent an SRS track that never existed (0.177315ms)
✔ mergeVerbLearning preserves both sides and sessions (0.30167ms)
✔ GC-11: schema version 2 default, upgrade, and merge produce version 2 (1.278664ms)
✔ GC-15: mergeVerbLearning handles complete track conflict matrix independently (3.552296ms)
✔ mergeVerbRecord: newer recognition SRS/timestamp cannot erase an older recognition win (0.257735ms)
✔ mergeVerbRecord: newer production SRS/timestamp cannot erase an older production win (0.144653ms)
✔ normalizeVerbLearning upgrades old, missing, and invalid versions, never downgrades newer ones (1.647806ms)
✔ mergeVerbLearning returns the highest schema version and never downgrades (0.802455ms)
✔ mergeVerbLearning with undefined and null inputs returns a safe version-2 default (0.81286ms)
✔ acquisition seeds a hidden rolling pool capped at eight (1.486054ms)
✔ pool never exceeds eight throughout a full lesson (3.204916ms)
✔ a ready acquisition word leaves the pool and the next unseen word enters (0.309979ms)
✔ forgot during acquisition never repeats without intervening cards (0.197892ms)
✔ recognition phase only starts once every acquisition word is ready (0.206153ms)
✔ acquisition completes and the pool stays rolling to recognition for 50 verbs (0.534014ms)
✔ fast recognition passes on the first official attempt (0.168987ms)
✔ slow recognition is scheduled again and never passes (0.134827ms)
✔ forgot during recognition requires recovery before passing (0.434797ms)
✔ forgot during recognition cannot pass after zero fast recalls (0.377723ms)
✔ production challenge stays independent from recognition (0.281251ms)
✔ full deck drives recognition, then production to the final second win (0.228056ms)
✔ review session serves recognition then production tracks and completes (0.608562ms)
✔ review session that starts on production serves production first (0.183418ms)
✔ finishSession seals a session so it can never start again (0.099364ms)
✔ recognition direction remains German→English throughout the phase (0.141238ms)
✔ production prompts use English→German direction (no German on front) (0.093392ms)
✔ phase order is stable across sessions so refresh does not reshuffle (0.118379ms)
✔ review session serves recognition items before production items (0.757662ms)
✔ only a valid positive finite latency counts as fast (0.2018ms)
✔ GC-10: completedTracks is modified only by completeReviewTrack and not by startReviewTrack or nextPresentation (0.182036ms)
✔ GC-19: learning and review sessions are isolated and sealed on completion (0.160945ms)
✔ T2-unit: per-track review orders are stored separately and ID-set mismatch regenerates (0.397829ms)
✔ T4-unit: monotonic recall latency — edge values never count as fast (0.223093ms)
✔ T5-unit: a replayed terminal event is a complete no-op (no turn, no retry, no scoring) (0.300889ms)
✔ T5-unit: a replayed acquisition win is a complete no-op (0.169496ms)
✔ T5-unit: completeIntro replay and wrong-phase calls are complete no-ops (0.195458ms)
✔ T5-unit: grading a pending card inside a sealed session is a complete no-op (0.167706ms)
ℹ tests 115
ℹ suites 0
ℹ pass 115
ℹ fail 0
ℹ cancelled 0
ℹ skipped 0
ℹ todo 0
ℹ duration_ms 564.944944

