
> german-words-list2-v2@1.0.0 test:units
> node --test "tests/unit/**/*.test.mjs"

✔ AUDIO-003 unit: the vocabulary filter rule mirrors the glossary semantics (0.935843ms)
✔ AUDIO-003 unit: the vocabulary filter never mutates its inputs (0.773087ms)
✔ AUDIO-003 unit: planned steps map to queue records with word identity, language, and labels (0.302306ms)
✔ AUDIO-003 unit: mapping never mutates the steps or the cards (0.206101ms)
✔ AUDIO-003 unit: mapping validates its inputs like the planner boundary (0.476762ms)
✔ AUDIO-003 unit: real A1 card plans and maps to the exact four-step record sequence (0.473807ms)
✔ AUDIO-003 unit: a real B2 mixed card maps to separately tagged English and Arabic records (0.218724ms)
✔ AUDIO-003 unit: an Arabic-only B2 card never substitutes English and maps the Arabic steps (0.21721ms)
✔ AUDIO-003 unit: repeat ordering emits every repetition of an item before the next item (0.157777ms)
✔ AUDIO-003 unit: example mode all queues every structured example in order (synthetic multi-example card) (0.318496ms)
✔ AUDIO-003 unit: cards with no speakable text plan to an empty record list without inventing speech (0.205201ms)
✔ AUDIO-003-C1 unit: a stable start-at id resolves to its exact index in the speakable list (0.118808ms)
✔ AUDIO-003-C1 unit: a missing, empty, or no-longer-in-scope id falls back to the first card (0.096157ms)
✔ AUDIO-003-C1 unit: an empty collection has no valid start and invalid input throws (0.103875ms)
✔ AUDIO-003-C1 unit: resolution never mutates the card list (0.085758ms)
✔ LEVEL-DATA-012: normalized mixed translations speak only the English field (3.765152ms)
✔ LEVEL-DATA-013: normalized Arabic-only translations are never sent to an English voice (1.099435ms)
✔ LEVEL-DATA-014: legacy cards without normalized speech fields keep English playback (1.641636ms)
✔ SHARED-CARD-003 unit: translationDisplayAttrs derives direction and language metadata (SC3/LF-CARD) (1.481781ms)
✔ SHARED-CARD-003 unit: firstExample returns exactly the first structured example or null (0.941629ms)
✔ LEVEL-DATA-001: A1 retains the German and translated first example (1.612353ms)
✔ LEVEL-DATA-002: B2 retains bilingual display text without mislabeling it as English-only (0.3122ms)
✔ LEVEL-DATA-002A: slash-separated English alternatives stay English-only (0.17278ms)
✔ LEVEL-DATA-002B: Arabic-only translations expose only Arabic speech text (0.128242ms)
✔ LEVEL-DATA-003: cards without examples expose empty collections without changing legacy fields (0.232277ms)
✔ LEVEL-DATA-004: real A1 and B2 configs retain units, IDs, and example fields (4.318193ms)
✔ LEVEL-DATA-005: real A1 and B2 configs pass the normalized vocabulary validator (13.505235ms)
✔ LEVEL-DATA-006: content-sensitive snapshots detect unit counts and accidental reordering (42.987145ms)
✔ LEVEL-DATA-007: validator rejects duplicate IDs, unit mismatches, and broken examples (0.438665ms)
✔ LEVEL-DATA-008: validator rejects duplicate words and inconsistent normalized aliases (0.330611ms)
✔ LEVEL-DATA-009: duplicate-word allowances are exact and become stale when the data changes (0.243567ms)
✔ LEVEL-DATA-010: legacy level progress loads with stable IDs still present in normalized data (3.258162ms)
✔ LEVEL-DATA-011: a level config cannot omit its level identity (0.170486ms)
✔ REVIEW-001 case 1 (LR-AGG): no progress yields empty due and favorites with all-unit zero counts (2.087502ms)
✔ REVIEW-001 case 2 (AC-13): unseen cards without any SRS record are never due (0.242285ms)
✔ REVIEW-001 case 3 (AC-13): a well-formed level-0 record is not due and reports no diagnostic (0.348438ms)
✔ REVIEW-001 case 4 (AC-13): levels 1-5 are due when nextReviewDate is exactly equal to the injected clock (0.397395ms)
✔ REVIEW-001 case 5 (AC-13): future nextReviewDate cards are not due and report no diagnostic (0.174736ms)
✔ REVIEW-001 case 6 (AC-13): mastered level-6 records are not due even with a past date (0.179314ms)
✔ REVIEW-001 case 7 (AC-13): invalid or missing nextReviewDate values are ignored and reported (0.378983ms)
✔ REVIEW-001 case 8 (AC-13): malformed SRS state is ignored and reported without crashing (0.294879ms)
✔ REVIEW-001 case 9 (AC-14): duplicate stored favorite IDs count once and are reported (0.323813ms)
✔ REVIEW-001 case 10 (AC-14): unknown and stale IDs are ignored and reported in both sources (1.064636ms)
✔ REVIEW-001 case 11 (AC-13): the same local ID in two different levels cannot cross into the result (0.362318ms)
✔ REVIEW-001 case 12 (AC-14): optional unit filtering contains only the requested unit (0.797219ms)
✔ REVIEW-001 case 13 (AC-14): due and favorites overlap without coupling the sources (0.212761ms)
✔ REVIEW-001 case 14 (LR-AGG): empty vocabulary yields empty results without diagnostics for structure (0.167018ms)
✔ REVIEW-001 case 15 (AC-14): candidate order follows vocabulary source order, not stored order (0.278876ms)
✔ REVIEW-001 case 16 (AC-14): inputs are never mutated (0.237255ms)
✔ REVIEW-001 case 17 (LR-AGG): invalid top-level arguments and clock values throw TypeError (0.830337ms)
✔ REVIEW-001 case 18 (LR-AGG): malformed, unit-mismatched, and duplicate vocabulary cards are ignored and reported (0.242504ms)
✔ SHARED-CARD-002 unit: unrevealed front renders the shell with an empty lazy back face (1.025954ms)
✔ SHARED-CARD-002 unit: lazy revealed back carries the answer content and the flipped state (0.162406ms)
✔ SHARED-CARD-002 unit: example block renders ONLY the first example with its translation always visible (SC-02) (0.226911ms)
✔ SHARED-CARD-002 unit: example block without a translation shows the sentence and no translation line (0.119204ms)
✔ SHARED-CARD-002 unit: no-example state renders nothing — no stale or placeholder content (0.102213ms)
✔ SHARED-CARD-002 unit: adapter-specific actions are placed below the card, verbatim (0.178412ms)
✔ SHARED-CARD-002 unit: the renderer has no storage/scheduler/persistence/DOM dependency (FP-DESIGN-009) (0.360864ms)
✔ SHARED-CARD-002 unit: safe escaping — example data is sanitized in text and attributes (0.136423ms)
✔ SHARED-CARD-002 unit: hidden metadata — the favorite button carries no card id and a hidden hint carries no text (SC-01b/d) (0.362006ms)
✔ SHARED-CARD-002 unit: non-flippable presentation card exposes no flip affordance (0.202773ms)
✔ SHARED-CARD-002-C1 unit: icon-only Speak and Favorite affordances expose stable descriptive accessible names (SC2-C1-A11Y-001) (0.146482ms)
✔ SHARED-CARD-002-C1 unit: only the displayed face is exposed — the hidden back renders inert until flipped, and an inert front is supported (SC2-C1-A11Y-002) (0.115561ms)
✔ SHARED-CARD-002-C1 unit: a non-activatable card keeps both faces but exposes no activation affordance (SC2-C1-A11Y-003) (0.133098ms)
✔ SHARED-CARD-002-C1 unit: example translations are language-neutral — English, Arabic, mixed and missing metadata render safely (SC2-C1-DESIGN-001) (0.291412ms)
✔ AUDIO-001-C1: zero items produces an empty step list with no warnings (1.575575ms)
✔ AUDIO-001-C1: one item without examples and defaults produces one German term step (0.382493ms)
✔ AUDIO-001-C1: many items with default options produce one term step per item in source order (0.182911ms)
✔ AUDIO-001-C1: normalized A1-shaped card with translationLanguage "en" emits term then English term-translation (0.212263ms)
✔ AUDIO-001-C1: normalized B2 mixed card with translationLanguage "mixed" emits term, en, then ar term-translations (0.191588ms)
✔ AUDIO-001-C1: Arabic-only normalized card with translationLanguage "ar" emits term then Arabic term-translation, never English (0.145812ms)
✔ AUDIO-001-C1: null translationLanguage emits no term-translation step and no warning even when translation text exists (0.122355ms)
✔ AUDIO-001-C1: a stale synthetic card.language property is ignored; term translation follows card.translationLanguage (0.175237ms)
✔ AUDIO-001-C1: a card produced by the actual A1 parser plans term, en term-translation, example, and en example-translation steps (0.160801ms)
✔ AUDIO-001-C1: a mixed card produced by the actual B2 parser plans term, en/ar term-translations, and en/ar example-translations (0.341977ms)
✔ AUDIO-001-C1: an Arabic-only card produced by the actual B2 parser plans term, Arabic term-translation, example, and Arabic example-translation (0.253277ms)
✔ AUDIO-001-C1: a real A1 dataset card plans term, en term-translation, example, and en example-translation steps (0.136435ms)
✔ AUDIO-001-C1: a real B2 dataset card keeps slash alternatives in one en step and splits its mixed example into en and ar steps (0.175727ms)
✔ AUDIO-001-C1: card.language is neither required nor introduced on normalized cards (0.263406ms)
✔ AUDIO-001-C1: two items with repeatCount 2 emit item 1 both repeats then item 2 both repeats (Verbs autoplay order) (0.112113ms)
✔ AUDIO-001-C1: each item repetition contains its term, requested translation, and requested examples before the next repetition or item (0.200947ms)
✔ AUDIO-001-C1: repeatCount 3 on one item emits the term three times with ascending repeatIndex (0.107816ms)
✔ AUDIO-001-C1: startIndex 0 plays the full sequence with original indices (0.087551ms)
✔ AUDIO-001-C1: startIndex in the middle retains the original item indices 1 and 2 without re-basing (0.082908ms)
✔ AUDIO-001-C1: startIndex at the last item plays exactly that item with its original index (0.069847ms)
✔ AUDIO-001-C1: startIndex out of range produces an empty step list with an OUT_OF_RANGE_START_INDEX warning (0.08768ms)
✔ AUDIO-001-C1: item ids and original indices stay stable across repeats after a startIndex (0.110105ms)
✔ AUDIO-001-C1: exampleMode none omits all example steps (0.090365ms)
✔ AUDIO-001-C1: exampleMode first emits only the first example (0.080119ms)
✔ AUDIO-001-C1: exampleMode all emits every example in source order (0.081914ms)
✔ AUDIO-001-C1: includeTranslation=false (default) omits term-translation steps even when text is available (0.062974ms)
✔ AUDIO-001-C1: empty English term-translation is skipped with a SKIPPED_EMPTY_TEXT warning, no substitution (0.109067ms)
✔ AUDIO-001-C1: empty German term text is skipped with a SKIPPED_EMPTY_TEXT warning (0.078917ms)
✔ AUDIO-001-C1: English slash alternatives are kept intact in one English step and never split or reclassified (0.083118ms)
✔ AUDIO-001-C1: mixed-language example translation emits example, en-translation, ar-translation as separate steps (0.113876ms)
✔ AUDIO-001-C1: invalid exampleMode throws InvalidSpeechPlanOptionError (0.372895ms)
✔ AUDIO-001-C1: repeatCount 0 throws InvalidSpeechPlanOptionError (0.097432ms)
✔ AUDIO-001-C1: negative repeatCount throws InvalidSpeechPlanOptionError (0.117665ms)
✔ AUDIO-001-C1: non-boolean includeTranslation throws InvalidSpeechPlanOptionError (0.090757ms)
✔ AUDIO-001-C1: negative startIndex throws InvalidSpeechPlanOptionError (0.10691ms)
✔ AUDIO-001-C1: non-integer startIndex throws InvalidSpeechPlanOptionError (0.108663ms)
✔ AUDIO-001-C1: items not an array throws InvalidSpeechPlanOptionError (0.10544ms)
✔ AUDIO-001-C1: planSpeechSequence never mutates items, cards, examples, or options (0.211016ms)
✔ AUDIO-001-C1: two calls with the same inputs produce deep-equal results (fresh arrays each call) (0.104238ms)
✔ AUDIO-001-C1: deterministic item-major ordering holds for many items with repeats and translations (0.12186ms)
✔ schema version is bumped to 2 for per-track merging (0.844426ms)
✔ trackNumericTime returns null for a track that does not exist (0.191265ms)
✔ trackNumericTime falls back to record updatedAt for legacy explicit win (0.10284ms)
✔ trackNumericTime prefers the explicit track timestamp (0.098395ms)
✔ mergeVerbRecord joins per-track data without an explicit track timestamp (0.26171ms)
✔ mergeVerbRecord keeps the newer explicit recognition track (0.394489ms)
✔ mergeVerbRecord does not invent an SRS track that never existed (0.146973ms)
✔ mergeVerbLearning preserves both sides and sessions (0.295757ms)
✔ GC-11: schema version 2 default, upgrade, and merge produce version 2 (1.243586ms)
✔ GC-15: mergeVerbLearning handles complete track conflict matrix independently (0.353639ms)
✔ mergeVerbRecord: newer recognition SRS/timestamp cannot erase an older recognition win (0.151111ms)
✔ mergeVerbRecord: newer production SRS/timestamp cannot erase an older production win (0.128675ms)
✔ normalizeVerbLearning upgrades old, missing, and invalid versions, never downgrades newer ones (1.510859ms)
✔ mergeVerbLearning returns the highest schema version and never downgrades (0.752238ms)
✔ mergeVerbLearning with undefined and null inputs returns a safe version-2 default (0.672386ms)
✔ acquisition seeds a hidden rolling pool capped at eight (1.298749ms)
✔ pool never exceeds eight throughout a full lesson (2.866808ms)
✔ a ready acquisition word leaves the pool and the next unseen word enters (0.291889ms)
✔ forgot during acquisition never repeats without intervening cards (0.180114ms)
✔ recognition phase only starts once every acquisition word is ready (0.191278ms)
✔ acquisition completes and the pool stays rolling to recognition for 50 verbs (0.495263ms)
✔ fast recognition passes on the first official attempt (0.160361ms)
✔ slow recognition is scheduled again and never passes (0.1287ms)
✔ forgot during recognition requires recovery before passing (0.29784ms)
✔ forgot during recognition cannot pass after zero fast recalls (0.256784ms)
✔ production challenge stays independent from recognition (0.199201ms)
✔ full deck drives recognition, then production to the final second win (0.223438ms)
✔ review session serves recognition then production tracks and completes (0.567021ms)
✔ review session that starts on production serves production first (0.558786ms)
✔ finishSession seals a session so it can never start again (0.149931ms)
✔ recognition direction remains German→English throughout the phase (0.151692ms)
✔ production prompts use English→German direction (no German on front) (0.089868ms)
✔ phase order is stable across sessions so refresh does not reshuffle (0.113834ms)
✔ review session serves recognition items before production items (0.695488ms)
✔ only a valid positive finite latency counts as fast (0.175268ms)
✔ GC-10: completedTracks is modified only by completeReviewTrack and not by startReviewTrack or nextPresentation (0.135951ms)
✔ GC-19: learning and review sessions are isolated and sealed on completion (0.127161ms)
✔ T2-unit: per-track review orders are stored separately and ID-set mismatch regenerates (0.314615ms)
✔ T4-unit: monotonic recall latency — edge values never count as fast (0.183676ms)
✔ T5-unit: a replayed terminal event is a complete no-op (no turn, no retry, no scoring) (0.276903ms)
✔ T5-unit: a replayed acquisition win is a complete no-op (0.163887ms)
✔ T5-unit: completeIntro replay and wrong-phase calls are complete no-ops (0.200419ms)
✔ T5-unit: grading a pending card inside a sealed session is a complete no-op (0.189817ms)
SpeechQueue: Speech error occurred synthesis-failed
SpeechQueue: Watchdog fired — advancing.
SpeechQueue: Watchdog fired — advancing.
✔ AUDIO-002 A1: default controls plan term, English translation, and first-example steps per repetition in item-major order (3.165336ms)
✔ AUDIO-002 A2: repeatCount 3 emits three full repetitions of a verb before anything else (0.335541ms)
✔ AUDIO-002 A3: exampleMode none emits only the term and translation steps (0.196236ms)
✔ AUDIO-002 A4: exampleMode first emits only the first example pair (0.325222ms)
✔ AUDIO-002 A5: exampleMode all emits every example pair in source order (0.193532ms)
✔ AUDIO-002 A6: include-English unchecked omits every English translation step (0.173281ms)
✔ AUDIO-002 A7: the Start-At dropdown selection begins the plan at that queue position (0.177021ms)
✔ AUDIO-002 A8: a row-play startIndex begins at that row and syncs the Start-At dropdown (0.167325ms)
✔ AUDIO-002 A9: out-of-range start values clamp to the last verb instead of producing an empty queue (0.500483ms)
✔ AUDIO-002 A10: planned queue items carry the stable verb identity, the planner language, and the text (0.261997ms)
✔ AUDIO-002 A11: verbs with missing text are skipped by the planner without substituting another language (0.283007ms)
✔ AUDIO-002 A12 (revised by AUDIO-002-C1): an empty planned sequence never starts the queue and restores the resting control state (0.225842ms)
✔ AUDIO-002 B1: playAll speaks each item once in order, highlights each item, and fires completion exactly once at drain (1.186171ms)
✔ AUDIO-002 B2: stop during the delayed-speak window prevents any utterance (0.170555ms)
✔ AUDIO-002 B3: pause preserves the cursor and queue; a stale onend cannot advance or complete the paused queue (0.458686ms)
✔ AUDIO-002 B4: resume after a pause during the speak delay re-speaks the current item exactly once (0.189805ms)
✔ AUDIO-002 B5: canceled and interrupted utterance errors do not advance; a genuine error advances (0.814816ms)
✔ AUDIO-002 B6: the watchdog advances a stuck utterance and is cleared by pause (0.266205ms)
✔ AUDIO-002 B7: the no-synthesis fallback advances items with highlight and completes at drain (0.18603ms)
✔ AUDIO-002 B8: pause and stop fully cancel the pending no-synthesis fallback timer (0.184968ms)
✔ AUDIO-002 B9: rapid restart speaks the replacement queue first item exactly once (0.188559ms)
✔ AUDIO-002 B10: stale callbacks from a replaced queue cannot advance or complete the replacement (0.288933ms)
✔ AUDIO-002 B11: playAll with an empty list stops and cleans the current queue without firing completion (0.141921ms)
✔ AUDIO-002-C1 U1: changing the deck cancels the running autoplay session before the new deck is presented (0.692767ms)
✔ AUDIO-002-C1 U2: switching the view away from the autoplay context cancels the session (0.233052ms)
✔ AUDIO-002-C1 U3: starting playback with an empty controller queue stops a previous session instead of leaving it alive (0.157154ms)
✔ AUDIO-002-C1 U4: a start attempt producing an empty planned sequence stops a previous session instead of leaving it alive (0.170176ms)
✔ AUDIO-002-C1 U5: a paused session is cancelled, not resumed, when the deck changes (0.180843ms)
✔ AUDIO-002-C1 U6: loadDeck cancels the real SpeechQueue so stale utterance callbacks can neither advance after navigation nor disturb the replacement (controller + real queue) (1.615939ms)
ℹ tests 177
ℹ suites 0
ℹ pass 177
ℹ fail 0
ℹ cancelled 0
ℹ skipped 0
ℹ todo 0
ℹ duration_ms 763.92034
npm notice
npm notice New major version of npm available! 11.17.0 -> 12.0.2
npm notice Changelog: https://github.com/npm/cli/releases/tag/v12.0.2
npm notice To update run: npm install -g npm@12.0.2
npm notice
