> german-words-list2-v2@1.0.0 test:units
> node --test "tests/unit/**/*.test.mjs"

✔ LEVEL-DATA-012: normalized mixed translations speak only the English field (4.150893ms)
✔ LEVEL-DATA-013: normalized Arabic-only translations are never sent to an English voice (1.114647ms)
✔ LEVEL-DATA-014: legacy cards without normalized speech fields keep English playback (1.936941ms)
✔ SHARED-CARD-003 unit: translationDisplayAttrs derives direction and language metadata (SC3/LF-CARD) (1.54641ms)
✔ SHARED-CARD-003 unit: firstExample returns exactly the first structured example or null (1.060726ms)
✔ LEVEL-DATA-001: A1 retains the German and translated first example (1.708629ms)
✔ LEVEL-DATA-002: B2 retains bilingual display text without mislabeling it as English-only (0.378377ms)
✔ LEVEL-DATA-002A: slash-separated English alternatives stay English-only (0.174537ms)
✔ LEVEL-DATA-002B: Arabic-only translations expose only Arabic speech text (0.155881ms)
✔ LEVEL-DATA-003: cards without examples expose empty collections without changing legacy fields (0.309461ms)
✔ LEVEL-DATA-004: real A1 and B2 configs retain units, IDs, and example fields (5.099793ms)
✔ LEVEL-DATA-005: real A1 and B2 configs pass the normalized vocabulary validator (14.131317ms)
✔ LEVEL-DATA-006: content-sensitive snapshots detect unit counts and accidental reordering (35.442411ms)
✔ LEVEL-DATA-007: validator rejects duplicate IDs, unit mismatches, and broken examples (0.468372ms)
✔ LEVEL-DATA-008: validator rejects duplicate words and inconsistent normalized aliases (0.319641ms)
✔ LEVEL-DATA-009: duplicate-word allowances are exact and become stale when the data changes (0.356613ms)
✔ LEVEL-DATA-010: legacy level progress loads with stable IDs still present in normalized data (3.466126ms)
✔ LEVEL-DATA-011: a level config cannot omit its level identity (0.197097ms)
✔ SHARED-CARD-002 unit: unrevealed front renders the shell with an empty lazy back face (1.057585ms)
✔ SHARED-CARD-002 unit: lazy revealed back carries the answer content and the flipped state (0.177257ms)
✔ SHARED-CARD-002 unit: example block renders ONLY the first example with its translation always visible (SC-02) (0.230737ms)
✔ SHARED-CARD-002 unit: example block without a translation shows the sentence and no translation line (0.154446ms)
✔ SHARED-CARD-002 unit: no-example state renders nothing — no stale or placeholder content (0.105782ms)
✔ SHARED-CARD-002 unit: adapter-specific actions are placed below the card, verbatim (0.177076ms)
✔ SHARED-CARD-002 unit: the renderer has no storage/scheduler/persistence/DOM dependency (FP-DESIGN-009) (0.372251ms)
✔ SHARED-CARD-002 unit: safe escaping — example data is sanitized in text and attributes (0.172391ms)
✔ SHARED-CARD-002 unit: hidden metadata — the favorite button carries no card id and a hidden hint carries no text (SC-01b/d) (0.369918ms)
✔ SHARED-CARD-002 unit: non-flippable presentation card exposes no flip affordance (0.234213ms)
✔ SHARED-CARD-002-C1 unit: icon-only Speak and Favorite affordances expose stable descriptive accessible names (SC2-C1-A11Y-001) (0.174206ms)
✔ SHARED-CARD-002-C1 unit: only the displayed face is exposed — the hidden back renders inert until flipped, and an inert front is supported (SC2-C1-A11Y-002) (0.124457ms)
✔ SHARED-CARD-002-C1 unit: a non-activatable card keeps both faces but exposes no activation affordance (SC2-C1-A11Y-003) (0.120528ms)
✔ SHARED-CARD-002-C1 unit: example translations are language-neutral — English, Arabic, mixed and missing metadata render safely (SC2-C1-DESIGN-001) (1.167377ms)
✔ schema version is bumped to 2 for per-track merging (0.84938ms)
✔ trackNumericTime returns null for a track that does not exist (0.231708ms)
✔ trackNumericTime falls back to record updatedAt for legacy explicit win (0.128845ms)
✔ trackNumericTime prefers the explicit track timestamp (0.109925ms)
✔ mergeVerbRecord joins per-track data without an explicit track timestamp (0.268147ms)
✔ mergeVerbRecord keeps the newer explicit recognition track (0.477401ms)
✔ mergeVerbRecord does not invent an SRS track that never existed (0.169794ms)
✔ mergeVerbLearning preserves both sides and sessions (0.537622ms)
✔ GC-11: schema version 2 default, upgrade, and merge produce version 2 (1.318936ms)
✔ GC-15: mergeVerbLearning handles complete track conflict matrix independently (0.370641ms)
✔ mergeVerbRecord: newer recognition SRS/timestamp cannot erase an older recognition win (0.216087ms)
✔ mergeVerbRecord: newer production SRS/timestamp cannot erase an older production win (0.167145ms)
✔ normalizeVerbLearning upgrades old, missing, and invalid versions, never downgrades newer ones (2.778029ms)
✔ mergeVerbLearning returns the highest schema version and never downgrades (0.806327ms)
✔ mergeVerbLearning with undefined and null inputs returns a safe version-2 default (0.714605ms)
✔ acquisition seeds a hidden rolling pool capped at eight (2.159484ms)
✔ pool never exceeds eight throughout a full lesson (7.206311ms)
✔ a ready acquisition word leaves the pool and the next unseen word enters (0.515858ms)
✔ forgot during acquisition never repeats without intervening cards (0.358739ms)
✔ recognition phase only starts once every acquisition word is ready (0.417991ms)
✔ acquisition completes and the pool stays rolling to recognition for 50 verbs (0.982525ms)
✔ fast recognition passes on the first official attempt (0.353412ms)
✔ slow recognition is scheduled again and never passes (0.302211ms)
✔ forgot during recognition requires recovery before passing (0.367363ms)
✔ forgot during recognition cannot pass after zero fast recalls (0.554221ms)
✔ production challenge stays independent from recognition (0.462404ms)
✔ full deck drives recognition, then production to the final second win (0.466477ms)
✔ review session serves recognition then production tracks and completes (1.068172ms)
✔ review session that starts on production serves production first (0.392271ms)
✔ finishSession seals a session so it can never start again (0.266404ms)
✔ recognition direction remains German→English throughout the phase (0.313158ms)
✔ production prompts use English→German direction (no German on front) (0.245994ms)
✔ phase order is stable across sessions so refresh does not reshuffle (0.248386ms)
✔ review session serves recognition items before production items (5.477171ms)
✔ only a valid positive finite latency counts as fast (0.389243ms)
✔ GC-10: completedTracks is modified only by completeReviewTrack and not by startReviewTrack or nextPresentation (0.268931ms)
✔ GC-19: learning and review sessions are isolated and sealed on completion (0.293072ms)
✔ T2-unit: per-track review orders are stored separately and ID-set mismatch regenerates (0.673511ms)
✔ T4-unit: monotonic recall latency — edge values never count as fast (0.453137ms)
✔ T5-unit: a replayed terminal event is a complete no-op (no turn, no retry, no scoring) (0.672199ms)
✔ T5-unit: a replayed acquisition win is a complete no-op (0.429056ms)
✔ T5-unit: completeIntro replay and wrong-phase calls are complete no-ops (0.39663ms)
✔ T5-unit: grading a pending card inside a sealed session is a complete no-op (2.069855ms)
ℹ tests 75
ℹ suites 0
ℹ pass 75
ℹ fail 0
ℹ cancelled 0
ℹ skipped 0
ℹ todo 0
ℹ duration_ms 486.221198
