Running 92 tests using 1 worker

(node:16569) Warning: The 'NO_COLOR' env is ignored due to the 'FORCE_COLOR' env being set.
(Use `node --trace-warnings ...` to show where the warning was created)
  ✓   1 [chromium] › tests/e2e/cefr-cards.spec.js:461:9 › SHARED-CARD-003 A1 ordinary card — real dataset › SC3-A1-SHELL: words flashcards render through the shared card shell with level-owned controls and no verbs deck (873ms)
  ✓   2 [chromium] › tests/e2e/cefr-cards.spec.js:508:9 › SHARED-CARD-003 A1 ordinary card — real dataset › SC3-A1-EXAMPLE: revealed back shows the real first German example with its real translation (AC-05) (809ms)
  ✓   3 [chromium] › tests/e2e/cefr-cards.spec.js:534:9 › SHARED-CARD-003 A1 ordinary card — real dataset › SC3-A1-FACES: German-front and translation-front behavior with safe language metadata (897ms)
  ✓   4 [chromium] › tests/e2e/cefr-cards.spec.js:565:9 › SHARED-CARD-003 A1 ordinary card — real dataset › SC3-A1-SECRECY-DOM: translation-front card subtree carries no German answer, example, or audio metadata before reveal (AC-06) (790ms)
  ✓   5 [chromium] › tests/e2e/cefr-cards.spec.js:586:9 › SHARED-CARD-003 A1 ordinary card — real dataset › SC3-A1-SECRECY-AUDIO: front speak never speaks the hidden German answer before reveal (1.7s)
  ✓   6 [chromium] › tests/e2e/cefr-cards.spec.js:613:9 › SHARED-CARD-003 A1 ordinary card — real dataset › SC3-A1-FAV: favorite affordance — descriptive name, truthful aria-pressed, immediate and refreshed persistence, no flip or grade (1.3s)
  ✓   7 [chromium] › tests/e2e/cefr-cards.spec.js:648:9 › SHARED-CARD-003 A1 ordinary card — real dataset › SC3-A1-SRS-WRITE: Known and Still Learning write the exact original unit IDs with no wrong-unit writes (AC-17 analog) (846ms)
  ✓   8 [chromium] › tests/e2e/cefr-cards.spec.js:683:9 › SHARED-CARD-003 A1 ordinary card — real dataset › SC3-A1-NAV: filters, shuffle toggle, previous/next navigation and the card counter (6.4s)
  ✓   9 [chromium] › tests/e2e/cefr-cards.spec.js:718:9 › SHARED-CARD-003 A1 ordinary card — real dataset › SC3-A1-SESSION: session completion shows the finished state, records the session, and restart works (987ms)
  ✓  10 [chromium] › tests/e2e/cefr-cards.spec.js:759:9 › SHARED-CARD-003 A1 ordinary card — synthetic edge cases › SC3-A1-SYNTH-NOEX: no-example card renders no example box and no stale content from the previous card (4.8s)
  ✓  11 [chromium] › tests/e2e/cefr-cards.spec.js:784:9 › SHARED-CARD-003 A1 ordinary card — synthetic edge cases › SC3-A1-SYNTH-MULTI: multiple-example card shows exactly the first example (4.9s)
  ✓  12 [chromium] › tests/e2e/cefr-cards.spec.js:799:9 › SHARED-CARD-003 A1 ordinary card — synthetic edge cases › SC3-A1-SYNTH-EX-WO-TR: example without a translation shows the sentence only, never an empty line (5.0s)
  ✓  13 [chromium] › tests/e2e/cefr-cards.spec.js:820:9 › SHARED-CARD-003 B2 ordinary card — real dataset › SC3-B2-MIXED: unit-1 card back shows the German answer, the first real example and its actual mixed translation (AC-05) (802ms)
  ✓  14 [chromium] › tests/e2e/cefr-cards.spec.js:853:9 › SHARED-CARD-003 B2 ordinary card — real dataset › SC3-B2-EN-ONLY: real English-only translation card carries ltr + lang=en and never a false Arabic label (784ms)
  ✓  15 [chromium] › tests/e2e/cefr-cards.spec.js:886:9 › SHARED-CARD-003 B2 ordinary card — real dataset › SC3-B2-NOEX: real no-example card (unit 69) renders the answer with no example block (773ms)
  ✓  16 [chromium] › tests/e2e/cefr-cards.spec.js:901:9 › SHARED-CARD-003 B2 ordinary card — real dataset › SC3-B2-EX-NO-TR: real sentence example without a translation shows the sentence only (722ms)
  ✓  17 [chromium] › tests/e2e/cefr-cards.spec.js:922:9 › SHARED-CARD-003 B2 ordinary card — real dataset › SC3-B2-SECRECY: translation-front B2 card hides the German answer and example before reveal (AC-06) (857ms)
  ✓  18 [chromium] › tests/e2e/cefr-cards.spec.js:951:9 › SHARED-CARD-003 B2 ordinary card — real dataset › SC3-B2-ID-PERSISTENCE: grading writes the exact B2 unit ID under the B2 storage key only (769ms)
  ✓  19 [chromium] › tests/e2e/cefr-cards.spec.js:975:9 › SHARED-CARD-003 B2 ordinary card — real dataset › SC3-B2-UNIT-SWITCH: B2 unit switching updates the card scope and titles (716ms)
  ✓  20 [chromium] › tests/e2e/cefr-cards.spec.js:990:9 › SHARED-CARD-003 B2 ordinary card — real dataset › SC3-B2-A11Y-TOOLBAR: B2 toolbar controls are keyboard-focusable with a visible indicator and 44x44 targets (AC-09) (1.1s)
  ✓  21 [chromium] › tests/e2e/cefr-cards.spec.js:1047:9 › SHARED-CARD-003 B2 ordinary card — synthetic language edges › SC3-B2-SYNTH-AR: Arabic-only translation renders rtl + lang=ar and is never labeled English (839ms)
  ✓  22 [chromium] › tests/e2e/cefr-cards.spec.js:1078:9 › SHARED-CARD-003 B2 ordinary card — synthetic language edges › SC3-B2-SYNTH-MIXED: mixed translation and multiple examples — dir=auto, no lang, first example only (4.8s)
  ✓  23 [chromium] › tests/e2e/cefr-cards.spec.js:1103:9 › SHARED-CARD-003 B2 ordinary card — synthetic language edges › SC3-B2-SYNTH-NOEX-EN: English-only no-example card renders safely (5.0s)
  ✓  24 [chromium] › tests/e2e/cefr-cards.spec.js:1117:9 › SHARED-CARD-003 B2 ordinary card — synthetic language edges › SC3-B2-SYNTH-MISSING-TR: missing translation renders a truthful placeholder and never a false language (5.1s)
  ✓  25 [chromium] › tests/e2e/cefr-cards.spec.js:1149:9 › SHARED-CARD-003 B2 ordinary card — synthetic language edges › SC3-B2-SYNTH-VOICE: Arabic and mixed display text are never spoken through any voice (5.6s)
  ✓  26 [chromium] › tests/e2e/cefr-cards.spec.js:1197:9 › SHARED-CARD-003 interaction and accessibility (A1) › SC3-INT-POINTER: pointer click flips front to back and back to front (AC-07) (1.7s)
  ✓  27 [chromium] › tests/e2e/cefr-cards.spec.js:1211:9 › SHARED-CARD-003 interaction and accessibility (A1) › SC3-INT-ENTER: the card is keyboard-reachable and Enter flips it exactly once (705ms)
  ✓  28 [chromium] › tests/e2e/cefr-cards.spec.js:1232:9 › SHARED-CARD-003 interaction and accessibility (A1) › SC3-INT-SPACE: Space flips the card exactly once and never scrolls the page (706ms)
  ✓  29 [chromium] › tests/e2e/cefr-cards.spec.js:1246:9 › SHARED-CARD-003 interaction and accessibility (A1) › SC3-INT-CONTROLS: Enter on a focused card control runs only that control — zero flip transitions (691ms)
  ✓  30 [chromium] › tests/e2e/cefr-cards.spec.js:1266:9 › SHARED-CARD-003 interaction and accessibility (A1) › SC3-INT-GRADE-DOUBLE: keyboard Enter on Known grades exactly once — no duplicate write or double advance (722ms)
  ✓  31 [chromium] › tests/e2e/cefr-cards.spec.js:1288:9 › SHARED-CARD-003 interaction and accessibility (A1) › SC3-INT-BACK-CONTROLS: revealed-back controls never flip, grade, or advance the card (AC-08) (1.7s)
  ✓  32 [chromium] › tests/e2e/cefr-cards.spec.js:1326:9 › SHARED-CARD-003 interaction and accessibility (A1) › SC3-A11Y-INERT: only the displayed face is focusable and exposed — inert faces, AX-tree exclusion, flip-back restore (AC-09/SC2-C1 analog) (1.4s)
  ✓  33 [chromium] › tests/e2e/cefr-cards.spec.js:1384:9 › SHARED-CARD-003 interaction and accessibility (A1) › SC3-A11Y-NAMES: icon-only card controls expose descriptive accessible names and truthful aria-pressed (756ms)
  ✓  34 [chromium] › tests/e2e/cefr-cards.spec.js:1409:9 › SHARED-CARD-003 interaction and accessibility (A1) › SC3-A11Y-FOCUS: keyboard-focused card and toolbar controls match :focus-visible and paint a visible indicator (AC-09) (985ms)
  ✓  35 [chromium] › tests/e2e/cefr-cards.spec.js:1449:9 › SHARED-CARD-003 interaction and accessibility (A1) › SC3-A11Y-TARGETS: card and toolbar touch targets are at least 44x44 CSS pixels (AC-09) (808ms)
  ✓  36 [chromium] › tests/e2e/cefr-cards.spec.js:1481:9 › SHARED-CARD-003 interaction and accessibility (A1) › SC3-A11Y-REDUCED-MOTION: reduced-motion preference disables the flip transition but not the flip (475ms)
  ✓  37 [chromium] › tests/e2e/cefr-cards.spec.js:1518:9 › SHARED-CARD-003 interaction and accessibility (A1) › SC3-THEME: light and dark themes both render the card and keep the flip behavior (843ms)
  ✓  38 [chromium] › tests/e2e/cefr-cards.spec.js:1540:9 › SHARED-CARD-003 interaction and accessibility (A1) › SC3-OVERFLOW: no horizontal overflow on the front or the revealed mixed-content back (AC-09) (729ms)
  ✓  39 [chromium] › tests/e2e/cefr-cards.spec.js:1563:9 › SHARED-CARD-003 interaction and accessibility (A1) › SC3-CONSOLE: both level pages boot the shared card with a clean console (942ms)
  ✓  40 [chromium] › tests/e2e/cefr-cards.spec.js:1583:9 › SHARED-CARD-003 regression — phrases, conversation, source boundary › SC3-REG-PHRASES-TAB: the Phrases tab still renders phrase cards (LF-NAV / AC-10) (460ms)
  ✓  41 [chromium] › tests/e2e/cefr-cards.spec.js:1593:9 › SHARED-CARD-003 regression — phrases, conversation, source boundary › SC3-REG-PHRASE-FLASHCARDS: phrase flashcards keep the legacy card behavior, grading and phrase counters (559ms)
  ✓  42 [chromium] › tests/e2e/cefr-cards.spec.js:1623:9 › SHARED-CARD-003 regression — phrases, conversation, source boundary › SC3-REG-CONVERSATION: the Conversation tab still renders scenes (425ms)
  ✓  43 [chromium] › tests/e2e/cefr-cards.spec.js:1631:9 › SHARED-CARD-003 regression — phrases, conversation, source boundary › SC3-REG-B2-MISSING: B2 phrases and conversation tabs show their configured empty states (614ms)
  ✓  44 [chromium] › tests/e2e/cefr-cards.spec.js:1641:9 › SHARED-CARD-003 regression — phrases, conversation, source boundary › SC3-REG-SOURCE-BOUNDARY: a unit switch from phrase flashcards re-routes word grades to word storage (AC-17/AC-10) (569ms)
  ✓  45 [chromium] › tests/e2e/cefr-cards.spec.js:1668:9 › SHARED-CARD-003 regression — phrases, conversation, source boundary › SC3-REG-MODE-SWAP: words and phrases flashcard modes swap their card DOM with no duplicate ids (923ms)
  ✓  46 [chromium] › tests/e2e/cefr-cards.spec.js:1707:9 › SHARED-CARD-003 regression — phrases, conversation, source boundary › SC3-REG-A1-UNIT-SWITCH: A1 unit switching updates the card scope and grades the exact unit-2 ID (866ms)
(node:18309) Warning: The 'NO_COLOR' env is ignored due to the 'FORCE_COLOR' env being set.
(Use `node --trace-warnings ...` to show where the warning was created)
  ✓  47 [Mobile Chrome] › tests/e2e/cefr-cards.spec.js:461:9 › SHARED-CARD-003 A1 ordinary card — real dataset › SC3-A1-SHELL: words flashcards render through the shared card shell with level-owned controls and no verbs deck (709ms)
  ✓  48 [Mobile Chrome] › tests/e2e/cefr-cards.spec.js:508:9 › SHARED-CARD-003 A1 ordinary card — real dataset › SC3-A1-EXAMPLE: revealed back shows the real first German example with its real translation (AC-05) (659ms)
  ✓  49 [Mobile Chrome] › tests/e2e/cefr-cards.spec.js:534:9 › SHARED-CARD-003 A1 ordinary card — real dataset › SC3-A1-FACES: German-front and translation-front behavior with safe language metadata (799ms)
  ✓  50 [Mobile Chrome] › tests/e2e/cefr-cards.spec.js:565:9 › SHARED-CARD-003 A1 ordinary card — real dataset › SC3-A1-SECRECY-DOM: translation-front card subtree carries no German answer, example, or audio metadata before reveal (AC-06) (541ms)
  ✓  51 [Mobile Chrome] › tests/e2e/cefr-cards.spec.js:586:9 › SHARED-CARD-003 A1 ordinary card — real dataset › SC3-A1-SECRECY-AUDIO: front speak never speaks the hidden German answer before reveal (1.6s)
  ✓  52 [Mobile Chrome] › tests/e2e/cefr-cards.spec.js:613:9 › SHARED-CARD-003 A1 ordinary card — real dataset › SC3-A1-FAV: favorite affordance — descriptive name, truthful aria-pressed, immediate and refreshed persistence, no flip or grade (810ms)
  ✓  53 [Mobile Chrome] › tests/e2e/cefr-cards.spec.js:648:9 › SHARED-CARD-003 A1 ordinary card — real dataset › SC3-A1-SRS-WRITE: Known and Still Learning write the exact original unit IDs with no wrong-unit writes (AC-17 analog) (525ms)
  ✓  54 [Mobile Chrome] › tests/e2e/cefr-cards.spec.js:683:9 › SHARED-CARD-003 A1 ordinary card — real dataset › SC3-A1-NAV: filters, shuffle toggle, previous/next navigation and the card counter (5.2s)
  ✓  55 [Mobile Chrome] › tests/e2e/cefr-cards.spec.js:718:9 › SHARED-CARD-003 A1 ordinary card — real dataset › SC3-A1-SESSION: session completion shows the finished state, records the session, and restart works (652ms)
  ✓  56 [Mobile Chrome] › tests/e2e/cefr-cards.spec.js:759:9 › SHARED-CARD-003 A1 ordinary card — synthetic edge cases › SC3-A1-SYNTH-NOEX: no-example card renders no example box and no stale content from the previous card (4.6s)
  ✓  57 [Mobile Chrome] › tests/e2e/cefr-cards.spec.js:784:9 › SHARED-CARD-003 A1 ordinary card — synthetic edge cases › SC3-A1-SYNTH-MULTI: multiple-example card shows exactly the first example (4.7s)
  ✓  58 [Mobile Chrome] › tests/e2e/cefr-cards.spec.js:799:9 › SHARED-CARD-003 A1 ordinary card — synthetic edge cases › SC3-A1-SYNTH-EX-WO-TR: example without a translation shows the sentence only, never an empty line (4.7s)
  ✓  59 [Mobile Chrome] › tests/e2e/cefr-cards.spec.js:820:9 › SHARED-CARD-003 B2 ordinary card — real dataset › SC3-B2-MIXED: unit-1 card back shows the German answer, the first real example and its actual mixed translation (AC-05) (562ms)
  ✓  60 [Mobile Chrome] › tests/e2e/cefr-cards.spec.js:853:9 › SHARED-CARD-003 B2 ordinary card — real dataset › SC3-B2-EN-ONLY: real English-only translation card carries ltr + lang=en and never a false Arabic label (510ms)
  ✓  61 [Mobile Chrome] › tests/e2e/cefr-cards.spec.js:886:9 › SHARED-CARD-003 B2 ordinary card — real dataset › SC3-B2-NOEX: real no-example card (unit 69) renders the answer with no example block (591ms)
  ✓  62 [Mobile Chrome] › tests/e2e/cefr-cards.spec.js:901:9 › SHARED-CARD-003 B2 ordinary card — real dataset › SC3-B2-EX-NO-TR: real sentence example without a translation shows the sentence only (513ms)
  ✓  63 [Mobile Chrome] › tests/e2e/cefr-cards.spec.js:922:9 › SHARED-CARD-003 B2 ordinary card — real dataset › SC3-B2-SECRECY: translation-front B2 card hides the German answer and example before reveal (AC-06) (646ms)
  ✓  64 [Mobile Chrome] › tests/e2e/cefr-cards.spec.js:951:9 › SHARED-CARD-003 B2 ordinary card — real dataset › SC3-B2-ID-PERSISTENCE: grading writes the exact B2 unit ID under the B2 storage key only (825ms)
  ✓  65 [Mobile Chrome] › tests/e2e/cefr-cards.spec.js:975:9 › SHARED-CARD-003 B2 ordinary card — real dataset › SC3-B2-UNIT-SWITCH: B2 unit switching updates the card scope and titles (530ms)
  ✓  66 [Mobile Chrome] › tests/e2e/cefr-cards.spec.js:990:9 › SHARED-CARD-003 B2 ordinary card — real dataset › SC3-B2-A11Y-TOOLBAR: B2 toolbar controls are keyboard-focusable with a visible indicator and 44x44 targets (AC-09) (1.0s)
  ✓  67 [Mobile Chrome] › tests/e2e/cefr-cards.spec.js:1047:9 › SHARED-CARD-003 B2 ordinary card — synthetic language edges › SC3-B2-SYNTH-AR: Arabic-only translation renders rtl + lang=ar and is never labeled English (627ms)
  ✓  68 [Mobile Chrome] › tests/e2e/cefr-cards.spec.js:1078:9 › SHARED-CARD-003 B2 ordinary card — synthetic language edges › SC3-B2-SYNTH-MIXED: mixed translation and multiple examples — dir=auto, no lang, first example only (4.5s)
  ✓  69 [Mobile Chrome] › tests/e2e/cefr-cards.spec.js:1103:9 › SHARED-CARD-003 B2 ordinary card — synthetic language edges › SC3-B2-SYNTH-NOEX-EN: English-only no-example card renders safely (4.7s)
  ✓  70 [Mobile Chrome] › tests/e2e/cefr-cards.spec.js:1117:9 › SHARED-CARD-003 B2 ordinary card — synthetic language edges › SC3-B2-SYNTH-MISSING-TR: missing translation renders a truthful placeholder and never a false language (4.9s)
  ✓  71 [Mobile Chrome] › tests/e2e/cefr-cards.spec.js:1149:9 › SHARED-CARD-003 B2 ordinary card — synthetic language edges › SC3-B2-SYNTH-VOICE: Arabic and mixed display text are never spoken through any voice (5.5s)
  ✓  72 [Mobile Chrome] › tests/e2e/cefr-cards.spec.js:1197:9 › SHARED-CARD-003 interaction and accessibility (A1) › SC3-INT-POINTER: pointer click flips front to back and back to front (AC-07) (1.4s)
  ✓  73 [Mobile Chrome] › tests/e2e/cefr-cards.spec.js:1211:9 › SHARED-CARD-003 interaction and accessibility (A1) › SC3-INT-ENTER: the card is keyboard-reachable and Enter flips it exactly once (486ms)
  ✓  74 [Mobile Chrome] › tests/e2e/cefr-cards.spec.js:1232:9 › SHARED-CARD-003 interaction and accessibility (A1) › SC3-INT-SPACE: Space flips the card exactly once and never scrolls the page (485ms)
  ✓  75 [Mobile Chrome] › tests/e2e/cefr-cards.spec.js:1246:9 › SHARED-CARD-003 interaction and accessibility (A1) › SC3-INT-CONTROLS: Enter on a focused card control runs only that control — zero flip transitions (605ms)
  ✓  76 [Mobile Chrome] › tests/e2e/cefr-cards.spec.js:1266:9 › SHARED-CARD-003 interaction and accessibility (A1) › SC3-INT-GRADE-DOUBLE: keyboard Enter on Known grades exactly once — no duplicate write or double advance (605ms)
  ✓  77 [Mobile Chrome] › tests/e2e/cefr-cards.spec.js:1288:9 › SHARED-CARD-003 interaction and accessibility (A1) › SC3-INT-BACK-CONTROLS: revealed-back controls never flip, grade, or advance the card (AC-08) (1.8s)
  ✓  78 [Mobile Chrome] › tests/e2e/cefr-cards.spec.js:1326:9 › SHARED-CARD-003 interaction and accessibility (A1) › SC3-A11Y-INERT: only the displayed face is focusable and exposed — inert faces, AX-tree exclusion, flip-back restore (AC-09/SC2-C1 analog) (1.3s)
  ✓  79 [Mobile Chrome] › tests/e2e/cefr-cards.spec.js:1384:9 › SHARED-CARD-003 interaction and accessibility (A1) › SC3-A11Y-NAMES: icon-only card controls expose descriptive accessible names and truthful aria-pressed (526ms)
  ✓  80 [Mobile Chrome] › tests/e2e/cefr-cards.spec.js:1409:9 › SHARED-CARD-003 interaction and accessibility (A1) › SC3-A11Y-FOCUS: keyboard-focused card and toolbar controls match :focus-visible and paint a visible indicator (AC-09) (813ms)
  ✓  81 [Mobile Chrome] › tests/e2e/cefr-cards.spec.js:1449:9 › SHARED-CARD-003 interaction and accessibility (A1) › SC3-A11Y-TARGETS: card and toolbar touch targets are at least 44x44 CSS pixels (AC-09) (571ms)
  ✓  82 [Mobile Chrome] › tests/e2e/cefr-cards.spec.js:1481:9 › SHARED-CARD-003 interaction and accessibility (A1) › SC3-A11Y-REDUCED-MOTION: reduced-motion preference disables the flip transition but not the flip (546ms)
  ✓  83 [Mobile Chrome] › tests/e2e/cefr-cards.spec.js:1518:9 › SHARED-CARD-003 interaction and accessibility (A1) › SC3-THEME: light and dark themes both render the card and keep the flip behavior (639ms)
  ✓  84 [Mobile Chrome] › tests/e2e/cefr-cards.spec.js:1540:9 › SHARED-CARD-003 interaction and accessibility (A1) › SC3-OVERFLOW: no horizontal overflow on the front or the revealed mixed-content back (AC-09) (548ms)
  ✓  85 [Mobile Chrome] › tests/e2e/cefr-cards.spec.js:1563:9 › SHARED-CARD-003 interaction and accessibility (A1) › SC3-CONSOLE: both level pages boot the shared card with a clean console (783ms)
  ✓  86 [Mobile Chrome] › tests/e2e/cefr-cards.spec.js:1583:9 › SHARED-CARD-003 regression — phrases, conversation, source boundary › SC3-REG-PHRASES-TAB: the Phrases tab still renders phrase cards (LF-NAV / AC-10) (446ms)
  ✓  87 [Mobile Chrome] › tests/e2e/cefr-cards.spec.js:1593:9 › SHARED-CARD-003 regression — phrases, conversation, source boundary › SC3-REG-PHRASE-FLASHCARDS: phrase flashcards keep the legacy card behavior, grading and phrase counters (620ms)
  ✓  88 [Mobile Chrome] › tests/e2e/cefr-cards.spec.js:1623:9 › SHARED-CARD-003 regression — phrases, conversation, source boundary › SC3-REG-CONVERSATION: the Conversation tab still renders scenes (419ms)
  ✓  89 [Mobile Chrome] › tests/e2e/cefr-cards.spec.js:1631:9 › SHARED-CARD-003 regression — phrases, conversation, source boundary › SC3-REG-B2-MISSING: B2 phrases and conversation tabs show their configured empty states (464ms)
  ✓  90 [Mobile Chrome] › tests/e2e/cefr-cards.spec.js:1641:9 › SHARED-CARD-003 regression — phrases, conversation, source boundary › SC3-REG-SOURCE-BOUNDARY: a unit switch from phrase flashcards re-routes word grades to word storage (AC-17/AC-10) (538ms)
  ✓  91 [Mobile Chrome] › tests/e2e/cefr-cards.spec.js:1668:9 › SHARED-CARD-003 regression — phrases, conversation, source boundary › SC3-REG-MODE-SWAP: words and phrases flashcard modes swap their card DOM with no duplicate ids (945ms)
  ✓  92 [Mobile Chrome] › tests/e2e/cefr-cards.spec.js:1707:9 › SHARED-CARD-003 regression — phrases, conversation, source boundary › SC3-REG-A1-UNIT-SWITCH: A1 unit switching updates the card scope and grades the exact unit-2 ID (508ms)

  92 passed (2.4m)
