Listing tests:
  [chromium] › cefr-card-reference.spec.js:533:9 › SHARED-CARD-001 ordinary card reference — synthetic edge-case deck › CHAR-01: ordinary card shell, front/back faces and below-card controls
  [chromium] › cefr-card-reference.spec.js:563:9 › SHARED-CARD-001 ordinary card reference — synthetic edge-case deck › CHAR-02: pointer click flips front to back and back to front
  [chromium] › cefr-card-reference.spec.js:586:9 › SHARED-CARD-001 ordinary card reference — synthetic edge-case deck › CHAR-03 (finding SC-02): default back shows ALL German examples and hides translations behind the EN chip
  [chromium] › cefr-card-reference.spec.js:616:9 › SHARED-CARD-001 ordinary card reference — synthetic edge-case deck › CHAR-04: single-example verb shows exactly that example and translation
  [chromium] › cefr-card-reference.spec.js:633:9 › SHARED-CARD-001 ordinary card reference — synthetic edge-case deck › CHAR-05: zero-example verb renders no example box, chip, or stale content (safe no-example state)
  [chromium] › cefr-card-reference.spec.js:655:9 › SHARED-CARD-001 ordinary card reference — synthetic edge-case deck › CHAR-06: German-only example verb shows the example but no EN chip
  [chromium] › cefr-card-reference.spec.js:672:9 › SHARED-CARD-001 ordinary card reference — synthetic edge-case deck › CHAR-07: example-direction backs lead with the first example and its full translation
  [chromium] › cefr-card-reference.spec.js:690:9 › SHARED-CARD-001 ordinary card reference — synthetic edge-case deck › CHAR-08: zero-example verb in example direction states the absence explicitly
  [chromium] › cefr-card-reference.spec.js:705:9 › SHARED-CARD-001 ordinary card reference — synthetic edge-case deck › CHAR-09 (finding SC-01): en-to-de front hides the German answer visually but keeps it in the DOM and speaks it
  [chromium] › cefr-card-reference.spec.js:747:9 › SHARED-CARD-001 ordinary card reference — synthetic edge-case deck › CHAR-09b (TARGET, AC-06): after reveal the en-to-de back shows the German answer and the first example
  [chromium] › cefr-card-reference.spec.js:763:9 › SHARED-CARD-001 ordinary card reference — synthetic edge-case deck › CHAR-10: front favorite toggles the star, persists, and does not flip, grade, or advance
  [chromium] › cefr-card-reference.spec.js:791:9 › SHARED-CARD-001 ordinary card reference — synthetic edge-case deck › CHAR-11: back favorite keeps the card revealed and changes only the favorite
  [chromium] › cefr-card-reference.spec.js:811:9 › SHARED-CARD-001 ordinary card reference — synthetic edge-case deck › CHAR-12 (TARGET, AC-08): revealed-back controls never flip, grade, or advance the card
  [chromium] › cefr-card-reference.spec.js:852:9 › SHARED-CARD-001 ordinary card reference — synthetic edge-case deck › CHAR-13: grade controls are the only card actions that grade and advance (by design)
  [chromium] › cefr-card-reference.spec.js:875:9 › SHARED-CARD-001 ordinary card reference — synthetic edge-case deck › CHAR-14 (finding SC-06): full keyboard traversal reaches card controls but never the flip surface
  [chromium] › cefr-card-reference.spec.js:915:9 › SHARED-CARD-001 ordinary card reference — synthetic edge-case deck › CHAR-14a (finding SC-06, Enter): with keyboard focus on a card control, Enter runs only that control — zero reveal transitions
  [chromium] › cefr-card-reference.spec.js:957:9 › SHARED-CARD-001 ordinary card reference — synthetic edge-case deck › CHAR-14b (finding SC-06, Space): with keyboard focus on a card control, Space runs only that control — zero reveal transitions
  [chromium] › cefr-card-reference.spec.js:994:9 › SHARED-CARD-001 ordinary card reference — synthetic edge-case deck › CHAR-15 (finding SC-03): primary card targets measure below the 44x44 minimum
  [chromium] › cefr-card-reference.spec.js:1013:9 › SHARED-CARD-001 ordinary card reference — synthetic edge-case deck › CHAR-16 (finding SC-04): keyboard-focused card controls match :focus-visible but paint no focus indicator
  [chromium] › cefr-card-reference.spec.js:1070:9 › SHARED-CARD-001 ordinary card reference — synthetic edge-case deck › CHAR-17 (finding SC-05): reduced-motion preference does not reduce the flip transition
  [chromium] › cefr-card-reference.spec.js:1109:9 › SHARED-CARD-001 ordinary card reference — synthetic edge-case deck › CHAR-18 (TARGET, AC-09): no horizontal overflow at the current viewport with a content-heavy back
  [chromium] › cefr-card-reference.spec.js:1139:9 › SHARED-CARD-001 ordinary card reference — synthetic edge-case deck › CHAR-19 (TARGET): real modules boot with a clean console and a live engine export
  [chromium] › cefr-card-reference.spec.js:1159:9 › SHARED-CARD-001 ordinary card reference — real published dataset › CHAR-20: real deck 1 renders the reference shell and first example set on the back
  [chromium] › cefr-card-reference.spec.js:1177:9 › SHARED-CARD-001 guided card reference — synthetic deck › CHAR-21 (finding SC-07): guided card is a separate shell, not the ordinary flashcard
  [chromium] › cefr-card-reference.spec.js:1208:9 › SHARED-CARD-001 guided card reference — synthetic deck › CHAR-22 (finding SC-07): guided reveal is a button action, and card-body clicks do nothing
  [chromium] › cefr-card-reference.spec.js:1242:9 › SHARED-CARD-001 guided card reference — synthetic deck › CHAR-23 (TARGET, GC-UI-005 analog): German-front recall keeps the English answer out of the DOM until reveal
  [chromium] › cefr-card-reference.spec.js:1267:9 › SHARED-CARD-001 guided card reference — synthetic deck › CHAR-24 (TARGET, AC-06): production front leaks no German answer anywhere in the guided subtree
  [chromium] › cefr-card-reference.spec.js:1331:9 › SHARED-CARD-001 guided card reference — synthetic deck › CHAR-25 (TARGET, AC-08 analog): guided Listen speaks the served verb without grading or advancing
  [chromium] › cefr-card-reference.spec.js:1356:9 › SHARED-CARD-001 guided card reference — synthetic deck › CHAR-26a (TARGET, GC-UI-009): guided Enter — keyboard-navigated Reveal Answer reveals exactly once; duplicate Enter neither grades nor advances
  [chromium] › cefr-card-reference.spec.js:1393:9 › SHARED-CARD-001 guided card reference — synthetic deck › CHAR-26b (TARGET, GC-UI-009): guided Space — keyboard-navigated Reveal Answer reveals exactly once; duplicate Space neither grades nor advances
  [chromium] › cefr-card-reference.spec.js:1424:9 › SHARED-CARD-001 guided card reference — synthetic deck › CHAR-27: guided intro example boundaries — every fixture verb is introduced with correct example presence
  [chromium] › cefr-card-reference.spec.js:1457:9 › SHARED-CARD-001 guided card reference — synthetic deck › CHAR-28 (TARGET, AC-09): guided view has no horizontal overflow at the current viewport
  [chromium] › cefr-card-reference.spec.js:1490:10 › SHARED-CARD-001 reference vs approved LF/GC targets — expected failures (product findings) › SC-01 TARGET (DOM secrecy): the pre-reveal en-to-de card subtree carries no German answer text or metadata anywhere
  [chromium] › cefr-card-reference.spec.js:1511:10 › SHARED-CARD-001 reference vs approved LF/GC targets — expected failures (product findings) › SC-01 TARGET (audio secrecy): pre-reveal audio cannot speak the German answer
  [chromium] › cefr-card-reference.spec.js:1527:10 › SHARED-CARD-001 reference vs approved LF/GC targets — expected failures (product findings) › SC-02 TARGET: revealed back shows only the first example with its translation always visible
  [chromium] › cefr-card-reference.spec.js:1540:10 › SHARED-CARD-001 reference vs approved LF/GC targets — expected failures (product findings) › SC-03 TARGET: primary card touch targets are at least 44x44 CSS pixels
  [chromium] › cefr-card-reference.spec.js:1558:10 › SHARED-CARD-001 reference vs approved LF/GC targets — expected failures (product findings) › SC-04 TARGET: keyboard-focused card controls paint a visible focus indicator
  [chromium] › cefr-card-reference.spec.js:1593:10 › SHARED-CARD-001 reference vs approved LF/GC targets — expected failures (product findings) › SC-05 TARGET: reduced-motion preference disables the flip animation
  [chromium] › cefr-card-reference.spec.js:1607:10 › SHARED-CARD-001 reference vs approved LF/GC targets — expected failures (product findings) › SC-06 TARGET (Enter): the card is keyboard-reachable and Enter reveals it exactly once
  [chromium] › cefr-card-reference.spec.js:1646:10 › SHARED-CARD-001 reference vs approved LF/GC targets — expected failures (product findings) › SC-06 TARGET (Space): the card is keyboard-reachable and Space reveals it exactly once
  [chromium] › cefr-card-reference.spec.js:1681:10 › SHARED-CARD-001 reference vs approved LF/GC targets — expected failures (product findings) › SC-07 TARGET: guided card uses the ordinary card shell with tap-to-flip reveal (GC-UI-001/002)
Total: 41 tests in 1 file
