✔ LEVEL-DATA-001: A1 retains the German and translated first example (1.638471ms)
✔ LEVEL-DATA-002: B2 retains bilingual display text without mislabeling it as English-only (0.364207ms)
✔ LEVEL-DATA-002A: slash-separated English alternatives stay English-only (3.441322ms)
✔ LEVEL-DATA-002B: Arabic-only translations expose only Arabic speech text (0.228046ms)
✔ LEVEL-DATA-003: cards without examples expose empty collections without changing legacy fields (0.226607ms)
✔ LEVEL-DATA-004: real A1 and B2 configs retain units, IDs, and example fields (4.989255ms)
✔ LEVEL-DATA-005: real A1 and B2 configs pass the normalized vocabulary validator (12.97396ms)
✔ LEVEL-DATA-006: content-sensitive snapshots detect unit counts and accidental reordering (31.582487ms)
✔ LEVEL-DATA-007: validator rejects duplicate IDs, unit mismatches, and broken examples (0.469481ms)
✔ LEVEL-DATA-008: validator rejects duplicate words and inconsistent normalized aliases (0.381614ms)
✔ LEVEL-DATA-009: duplicate-word allowances are exact and become stale when the data changes (0.270657ms)
✔ LEVEL-DATA-010: legacy level progress loads with stable IDs still present in normalized data (3.648945ms)
✔ LEVEL-DATA-011: a level config cannot omit its level identity (0.189149ms)
ℹ tests 13
ℹ suites 0
ℹ pass 13
ℹ fail 0
ℹ cancelled 0
ℹ skipped 0
ℹ todo 0
ℹ duration_ms 205.776743
