> german-words-list2-v2@1.0.0 test:units
> node --test "tests/unit/**/*.test.mjs"

✔ LEVEL-DATA-012: normalized mixed translations speak only the English field (9.096765ms)
✔ LEVEL-DATA-013: normalized Arabic-only translations are never sent to an English voice (1.140597ms)
✔ LEVEL-DATA-014: legacy cards without normalized speech fields keep English playback (1.922662ms)
✔ SHARED-CARD-003 unit: translationDisplayAttrs derives direction and language metadata (SC3/LF-CARD) (1.556758ms)
✔ SHARED-CARD-003 unit: firstExample returns exactly the first structured example or null (1.04679ms)
✔ LEVEL-DATA-001: A1 retains the German and translated first example (2.61637ms)
✔ LEVEL-DATA-002: B2 retains bilingual display text without mislabeling it as English-only (0.610279ms)
✔ LEVEL-DATA-002A: slash-separated English alternatives stay English-only (0.317694ms)
✔ LEVEL-DATA-002B: Arabic-only translations expose only Arabic speech text (0.368032ms)
✔ LEVEL-DATA-003: cards without examples expose empty collections without changing legacy fields (0.401975ms)
✔ LEVEL-DATA-004: real A1 and B2 configs retain units, IDs, and example fields (7.136774ms)
✔ LEVEL-DATA-005: real A1 and B2 configs pass the normalized vocabulary validator (13.069063ms)
✔ LEVEL-DATA-006: content-sensitive snapshots detect unit counts and accidental reordering (71.753207ms)
✔ LEVEL-DATA-007: validator rejects duplicate IDs, unit mismatches, and broken examples (0.557922ms)
✔ LEVEL-DATA-008: validator rejects duplicate words and inconsistent normalized aliases (0.341846ms)
✔ LEVEL-DATA-009: duplicate-word allowances are exact and become stale when the data changes (0.303405ms)
✔ LEVEL-DATA-010: legacy level progress loads with stable IDs still present in normalized data (3.648193ms)
✔ LEVEL-DATA-011: a level config cannot omit its level identity (0.205973ms)
✔ SHARED-CARD-002 unit: unrevealed front renders the shell with an empty lazy back face (1.050645ms)
✔ SHARED-CARD-002 unit: lazy revealed back carries the answer content and the flipped state (0.159179ms)
✔ SHARED-CARD-002 unit: example block renders ONLY the first example with its translation always visible (SC-02) (0.285917ms)
✔ SHARED-CARD-002 unit: example block without a translation shows the sentence and no translation line (0.1268ms)
✔ SHARED-CARD-002 unit: no-example state renders nothing — no stale or placeholder content (0.107106ms)
✔ SHARED-CARD-002 unit: adapter-specific actions are placed below the card, verbatim (0.174298ms)
✔ SHARED-CARD-002 unit: the renderer has no storage/scheduler/persistence/DOM dependency (FP-DESIGN-009) (0.424858ms)
✔ SHARED-CARD-002 unit: safe escaping — example data is sanitized in text and attributes (0.152022ms)
✔ SHARED-CARD-002 unit: hidden metadata — the favorite button carries no card id and a hidden hint carries no text (SC-01b/d) (0.44571ms)
✔ SHARED-CARD-002 unit: non-flippable presentation card exposes no flip affordance (0.224168ms)
✔ SHARED-CARD-002-C1 unit: icon-only Speak and Favorite affordances expose stable descriptive accessible names (SC2-C1-A11Y-001) (0.173455ms)
✔ SHARED-CARD-002-C1 unit: only the displayed face is exposed — the hidden back renders inert until flipped, and an inert front is supported (SC2-C1-A11Y-002) (0.125001ms)
✔ SHARED-CARD-002-C1 unit: a non-activatable card keeps both faces but exposes no activation affordance (SC2-C1-A11Y-003) (1.100581ms)
✔ SHARED-CARD-002-C1 unit: example translations are language-neutral — English, Arabic, mixed and missing metadata render safely (SC2-C1-DESIGN-001) (0.315662ms)
✔ AUDIO-001: zero items produces an empty step list with no warnings (1.543588ms)
✔ AUDIO-001: one item without examples and defaults produces one German term step (0.409678ms)
✔ AUDIO-001: many items default options produce one term step per item in source order (0.210638ms)
✔ AUDIO-001: repeatCount=2 with two items emits term-1, term-2, term-1, term-2 (outer repeat, inner item) (0.187327ms)
✔ AUDIO-001: repeatCount=3 on one item emits the term three times with ascending repeatIndex (0.205617ms)
✔ AUDIO-001: exampleMode none omits all example steps (0.188449ms)
✔ AUDIO-001: exampleMode first emits only the first example (0.145151ms)
✔ AUDIO-001: exampleMode all emits every example in source order (0.142575ms)
✔ AUDIO-001: includeTranslation=false (default) omits translation steps even when text is available (0.459194ms)
✔ AUDIO-001: includeTranslation=true with English translation emits term then English translation (0.302062ms)
✔ AUDIO-001: empty English translation is skipped with a SKIPPED_EMPTY_TEXT warning, no substitution (0.224035ms)
✔ AUDIO-001: English slash alternatives are kept intact in one English step and never split or reclassified (0.861312ms)
✔ AUDIO-001: Arabic-only translation emits an Arabic-language translation step, never English (0.184957ms)
✔ AUDIO-001: mixed translation language emits two separate steps (en then ar), never one merged step (0.150753ms)
✔ AUDIO-001: mixed-language example translation emits example, en-translation, ar-translation as separate steps (0.115707ms)
✔ AUDIO-001: startIndex 0 plays the full sequence (0.125307ms)
✔ AUDIO-001: startIndex in the middle plays from that item to the end with itemIndex re-based at 0 (0.083795ms)
✔ AUDIO-001: startIndex at the last item plays exactly that item (0.062248ms)
✔ AUDIO-001: startIndex out of range produces an empty step list with an OUT_OF_RANGE_START_INDEX warning (0.081233ms)
✔ AUDIO-001: invalid exampleMode throws InvalidSpeechPlanOptionError (0.44636ms)
✔ AUDIO-001: repeatCount 0 throws InvalidSpeechPlanOptionError (0.113297ms)
✔ AUDIO-001: negative repeatCount throws InvalidSpeechPlanOptionError (0.08181ms)
✔ AUDIO-001: non-boolean includeTranslation throws InvalidSpeechPlanOptionError (0.074833ms)
✔ AUDIO-001: negative startIndex throws InvalidSpeechPlanOptionError (0.070886ms)
✔ AUDIO-001: non-integer startIndex throws InvalidSpeechPlanOptionError (0.08ms)
✔ AUDIO-001: items not an array throws InvalidSpeechPlanOptionError (0.06616ms)
✔ AUDIO-001: every step carries the source card id and correctly-ordered itemIndex/repeatIndex/exampleIndex (0.200529ms)
✔ AUDIO-001: planSpeechSequence never mutates items, cards, examples, or options (0.265621ms)
✔ AUDIO-001: two calls with the same inputs produce deep-equal results (fresh arrays each call) (0.137077ms)
✔ AUDIO-001: deterministic ordering holds for many items with repeats and translations (0.110998ms)
✔ schema version is bumped to 2 for per-track merging (1.03686ms)
✔ trackNumericTime returns null for a track that does not exist (0.23028ms)
✔ trackNumericTime falls back to record updatedAt for legacy explicit win (0.113493ms)
✔ trackNumericTime prefers the explicit track timestamp (0.133956ms)
✔ mergeVerbRecord joins per-track data without an explicit track timestamp (0.282236ms)
✔ mergeVerbRecord keeps the newer explicit recognition track (0.346738ms)
✔ mergeVerbRecord does not invent an SRS track that never existed (0.151122ms)
✔ mergeVerbLearning preserves both sides and sessions (0.318838ms)
✔ GC-11: schema version 2 default, upgrade, and merge produce version 2 (1.25903ms)
✔ GC-15: mergeVerbLearning handles complete track conflict matrix independently (0.38731ms)
✔ mergeVerbRecord: newer recognition SRS/timestamp cannot erase an older recognition win (0.17135ms)
✔ mergeVerbRecord: newer production SRS/timestamp cannot erase an older production win (1.105483ms)
✔ normalizeVerbLearning upgrades old, missing, and invalid versions, never downgrades newer ones (0.802313ms)
✔ mergeVerbLearning returns the highest schema version and never downgrades (0.770908ms)
✔ mergeVerbLearning with undefined and null inputs returns a safe version-2 default (0.69521ms)
✔ acquisition seeds a hidden rolling pool capped at eight (1.347367ms)
✔ pool never exceeds eight throughout a full lesson (2.914993ms)
✔ a ready acquisition word leaves the pool and the next unseen word enters (0.276173ms)
✔ forgot during acquisition never repeats without intervening cards (0.212743ms)
✔ recognition phase only starts once every acquisition word is ready (0.219961ms)
✔ acquisition completes and the pool stays rolling to recognition for 50 verbs (0.653813ms)
✔ fast recognition passes on the first official attempt (0.257679ms)
✔ slow recognition is scheduled again and never passes (0.157276ms)
✔ forgot during recognition requires recovery before passing (0.411255ms)
✔ forgot during recognition cannot pass after zero fast recalls (0.282597ms)
✔ production challenge stays independent from recognition (0.215228ms)
✔ full deck drives recognition, then production to the final second win (0.228796ms)
✔ review session serves recognition then production tracks and completes (0.556294ms)
✔ review session that starts on production serves production first (0.16623ms)
✔ finishSession seals a session so it can never start again (0.104188ms)
✔ recognition direction remains German→English throughout the phase (0.20159ms)
✔ production prompts use English→German direction (no German on front) (0.091934ms)
✔ phase order is stable across sessions so refresh does not reshuffle (0.102419ms)
✔ review session serves recognition items before production items (0.719684ms)
✔ only a valid positive finite latency counts as fast (0.191343ms)
✔ GC-10: completedTracks is modified only by completeReviewTrack and not by startReviewTrack or nextPresentation (0.140953ms)
✔ GC-19: learning and review sessions are isolated and sealed on completion (0.128118ms)
✔ T2-unit: per-track review orders are stored separately and ID-set mismatch regenerates (0.281534ms)
✔ T4-unit: monotonic recall latency — edge values never count as fast (0.218564ms)
✔ T5-unit: a replayed terminal event is a complete no-op (no turn, no retry, no scoring) (0.270276ms)
✔ T5-unit: a replayed acquisition win is a complete no-op (0.158258ms)
✔ T5-unit: completeIntro replay and wrong-phase calls are complete no-ops (0.192196ms)
✔ T5-unit: grading a pending card inside a sealed session is a complete no-op (0.246623ms)
ℹ tests 105
ℹ suites 0
ℹ pass 105
ℹ fail 0
ℹ cancelled 0
ℹ skipped 0
ℹ todo 0
ℹ duration_ms 553.944568
