✔ AUDIO-003 unit: the vocabulary filter rule mirrors the glossary semantics (0.991711ms)
✔ AUDIO-003 unit: the vocabulary filter never mutates its inputs (0.723101ms)
✔ AUDIO-003 unit: planned steps map to queue records with word identity, language, and labels (0.347194ms)
✔ AUDIO-003 unit: mapping never mutates the steps or the cards (0.211341ms)
✔ AUDIO-003 unit: mapping validates its inputs like the planner boundary (0.484183ms)
✔ AUDIO-003 unit: real A1 card plans and maps to the exact four-step record sequence (0.462116ms)
✔ AUDIO-003 unit: a real B2 mixed card maps to separately tagged English and Arabic records (0.205482ms)
✔ AUDIO-003 unit: an Arabic-only B2 card never substitutes English and maps the Arabic steps (0.287941ms)
✔ AUDIO-003 unit: repeat ordering emits every repetition of an item before the next item (0.187833ms)
✔ AUDIO-003 unit: example mode all queues every structured example in order (synthetic multi-example card) (0.314417ms)
✔ AUDIO-003 unit: cards with no speakable text plan to an empty record list without inventing speech (0.239611ms)
✔ AUDIO-003-C1 unit: a stable start-at id resolves to its exact index in the speakable list (0.134355ms)
✔ AUDIO-003-C1 unit: a missing, empty, or no-longer-in-scope id falls back to the first card (0.111004ms)
✔ AUDIO-003-C1 unit: an empty collection has no valid start and invalid input throws (0.113783ms)
✔ AUDIO-003-C1 unit: resolution never mutates the card list (0.092585ms)
✔ LEVEL-DATA-012: normalized mixed translations speak only the English field (4.027458ms)
✔ LEVEL-DATA-013: normalized Arabic-only translations are never sent to an English voice (1.021486ms)
✔ LEVEL-DATA-014: legacy cards without normalized speech fields keep English playback (1.721298ms)
✔ SHARED-CARD-003 unit: translationDisplayAttrs derives direction and language metadata (SC3/LF-CARD) (1.855673ms)
✔ SHARED-CARD-003 unit: firstExample returns exactly the first structured example or null (1.266625ms)
✔ LEVEL-DATA-001: A1 retains the German and translated first example (1.595541ms)
✔ LEVEL-DATA-002: B2 retains bilingual display text without mislabeling it as English-only (0.318285ms)
✔ LEVEL-DATA-002A: slash-separated English alternatives stay English-only (0.171304ms)
✔ LEVEL-DATA-002B: Arabic-only translations expose only Arabic speech text (0.132471ms)
✔ LEVEL-DATA-003: cards without examples expose empty collections without changing legacy fields (0.263472ms)
✔ LEVEL-DATA-004: real A1 and B2 configs retain units, IDs, and example fields (4.892242ms)
✔ LEVEL-DATA-005: real A1 and B2 configs pass the normalized vocabulary validator (14.023822ms)
✔ LEVEL-DATA-006: content-sensitive snapshots detect unit counts and accidental reordering (33.691499ms)
✔ LEVEL-DATA-007: validator rejects duplicate IDs, unit mismatches, and broken examples (0.502819ms)
✔ LEVEL-DATA-008: validator rejects duplicate words and inconsistent normalized aliases (0.447824ms)
✔ LEVEL-DATA-009: duplicate-word allowances are exact and become stale when the data changes (0.305127ms)
✔ LEVEL-DATA-010: legacy level progress loads with stable IDs still present in normalized data (3.621862ms)
✔ LEVEL-DATA-011: a level config cannot omit its level identity (0.226521ms)
✔ REVIEW-001 case 1 (LR-AGG): no progress yields empty due and favorites with all-unit zero counts (2.220819ms)
✔ REVIEW-001 case 2 (AC-13): unseen cards without any SRS record are never due (0.269132ms)
✔ REVIEW-001 case 3 (AC-13): a well-formed level-0 record is not due and reports no diagnostic (0.363215ms)
✔ REVIEW-001 case 4 (AC-13): levels 1-5 are due when nextReviewDate is exactly equal to the injected clock (0.46921ms)
✔ REVIEW-001 case 5 (AC-13): future nextReviewDate cards are not due and report no diagnostic (0.322725ms)
✔ REVIEW-001 case 6 (AC-13): mastered level-6 records are not due even with a past date (0.221645ms)
✔ REVIEW-001 case 7 (AC-13): invalid or missing nextReviewDate values are ignored and reported (0.278998ms)
✔ REVIEW-001 case 8 (AC-13): malformed SRS state is ignored and reported without crashing (0.301765ms)
✔ REVIEW-001 case 9 (AC-14): duplicate stored favorite IDs count once and are reported (1.310744ms)
✔ REVIEW-001 case 10 (AC-14): unknown and stale IDs are ignored and reported in both sources (0.62033ms)
✔ REVIEW-001 case 11 (AC-13): the same local ID in two different levels cannot cross into the result (0.484409ms)
✔ REVIEW-001 case 12 (AC-14): optional unit filtering contains only the requested unit (0.264355ms)
✔ REVIEW-001 case 13 (AC-14): due and favorites overlap without coupling the sources (0.17865ms)
✔ REVIEW-001 case 14 (LR-AGG): empty vocabulary yields empty results without diagnostics for structure (0.184442ms)
✔ REVIEW-001 case 15 (AC-14): candidate order follows vocabulary source order, not stored order (0.26896ms)
✔ REVIEW-001 case 16 (AC-14): inputs are never mutated (0.223006ms)
✔ REVIEW-001 case 17 (LR-AGG): invalid top-level arguments and clock values throw TypeError (0.908819ms)
✔ REVIEW-001 case 18 (LR-AGG): malformed, unit-mismatched, and duplicate vocabulary cards are ignored and reported (0.266468ms)
✔ REVIEW-001-C1 case A (LR-AGG): a class-instance progress object throws TypeError (0.347292ms)
✔ REVIEW-001-C1 case B (LR-AGG): Date and Map used as srsData produce SRS_STATE_MALFORMED (0.16913ms)
✔ REVIEW-001-C1 case C (LR-AGG): a class-instance srsData container with own enumerable SRS entries cannot admit due cards (0.13038ms)
✔ REVIEW-001-C1 case D (LR-AGG): a class-instance SRS record produces SRS_RECORD_MALFORMED (0.202975ms)
✔ REVIEW-001-C1 case E (LR-AGG): a class-instance vocabulary card produces VOCAB_CARD_MALFORMED (0.192421ms)
✔ REVIEW-001-C1 case F (LR-AGG): an ordinary null-prototype dictionary remains supported (0.176443ms)
✔ REVIEW-001-C1 case G (LR-AGG): a genuine cross-realm plain object remains supported (1.221989ms)
✔ SHARED-CARD-002 unit: unrevealed front renders the shell with an empty lazy back face (1.041652ms)
✔ SHARED-CARD-002 unit: lazy revealed back carries the answer content and the flipped state (0.160598ms)
✔ SHARED-CARD-002 unit: example block renders ONLY the first example with its translation always visible (SC-02) (0.220705ms)
✔ SHARED-CARD-002 unit: example block without a translation shows the sentence and no translation line (0.140573ms)
✔ SHARED-CARD-002 unit: no-example state renders nothing — no stale or placeholder content (0.096189ms)
✔ SHARED-CARD-002 unit: adapter-specific actions are placed below the card, verbatim (0.158563ms)
✔ SHARED-CARD-002 unit: the renderer has no storage/scheduler/persistence/DOM dependency (FP-DESIGN-009) (0.371055ms)
✔ SHARED-CARD-002 unit: safe escaping — example data is sanitized in text and attributes (0.140233ms)
✔ SHARED-CARD-002 unit: hidden metadata — the favorite button carries no card id and a hidden hint carries no text (SC-01b/d) (0.360747ms)
✔ SHARED-CARD-002 unit: non-flippable presentation card exposes no flip affordance (0.230432ms)
✔ SHARED-CARD-002-C1 unit: icon-only Speak and Favorite affordances expose stable descriptive accessible names (SC2-C1-A11Y-001) (0.144728ms)
✔ SHARED-CARD-002-C1 unit: only the displayed face is exposed — the hidden back renders inert until flipped, and an inert front is supported (SC2-C1-A11Y-002) (0.126188ms)
✔ SHARED-CARD-002-C1 unit: a non-activatable card keeps both faces but exposes no activation affordance (SC2-C1-A11Y-003) (0.123208ms)
✔ SHARED-CARD-002-C1 unit: example translations are language-neutral — English, Arabic, mixed and missing metadata render safely (SC2-C1-DESIGN-001) (1.049079ms)
✔ AUDIO-001-C1: zero items produces an empty step list with no warnings (1.609349ms)
✔ AUDIO-001-C1: one item without examples and defaults produces one German term step (0.391061ms)
✔ AUDIO-001-C1: many items with default options produce one term step per item in source order (0.187883ms)
✔ AUDIO-001-C1: normalized A1-shaped card with translationLanguage "en" emits term then English term-translation (0.251144ms)
✔ AUDIO-001-C1: normalized B2 mixed card with translationLanguage "mixed" emits term, en, then ar term-translations (0.188461ms)
✔ AUDIO-001-C1: Arabic-only normalized card with translationLanguage "ar" emits term then Arabic term-translation, never English (3.368637ms)
✔ AUDIO-001-C1: null translationLanguage emits no term-translation step and no warning even when translation text exists (0.163125ms)
✔ AUDIO-001-C1: a stale synthetic card.language property is ignored; term translation follows card.translationLanguage (0.175557ms)
✔ AUDIO-001-C1: a card produced by the actual A1 parser plans term, en term-translation, example, and en example-translation steps (0.170206ms)
✔ AUDIO-001-C1: a mixed card produced by the actual B2 parser plans term, en/ar term-translations, and en/ar example-translations (0.242013ms)
✔ AUDIO-001-C1: an Arabic-only card produced by the actual B2 parser plans term, Arabic term-translation, example, and Arabic example-translation (0.171333ms)
✔ AUDIO-001-C1: a real A1 dataset card plans term, en term-translation, example, and en example-translation steps (0.143893ms)
✔ AUDIO-001-C1: a real B2 dataset card keeps slash alternatives in one en step and splits its mixed example into en and ar steps (0.129699ms)
✔ AUDIO-001-C1: card.language is neither required nor introduced on normalized cards (0.282946ms)
✔ AUDIO-001-C1: two items with repeatCount 2 emit item 1 both repeats then item 2 both repeats (Verbs autoplay order) (0.112439ms)
✔ AUDIO-001-C1: each item repetition contains its term, requested translation, and requested examples before the next repetition or item (0.189884ms)
✔ AUDIO-001-C1: repeatCount 3 on one item emits the term three times with ascending repeatIndex (0.071441ms)
✔ AUDIO-001-C1: startIndex 0 plays the full sequence with original indices (0.100299ms)
✔ AUDIO-001-C1: startIndex in the middle retains the original item indices 1 and 2 without re-basing (0.091605ms)
✔ AUDIO-001-C1: startIndex at the last item plays exactly that item with its original index (0.061886ms)
✔ AUDIO-001-C1: startIndex out of range produces an empty step list with an OUT_OF_RANGE_START_INDEX warning (0.102706ms)
✔ AUDIO-001-C1: item ids and original indices stay stable across repeats after a startIndex (0.141635ms)
✔ AUDIO-001-C1: exampleMode none omits all example steps (0.099965ms)
✔ AUDIO-001-C1: exampleMode first emits only the first example (0.079531ms)
✔ AUDIO-001-C1: exampleMode all emits every example in source order (0.080644ms)
✔ AUDIO-001-C1: includeTranslation=false (default) omits term-translation steps even when text is available (0.057011ms)
✔ AUDIO-001-C1: empty English term-translation is skipped with a SKIPPED_EMPTY_TEXT warning, no substitution (0.111507ms)
✔ AUDIO-001-C1: empty German term text is skipped with a SKIPPED_EMPTY_TEXT warning (0.074305ms)
✔ AUDIO-001-C1: English slash alternatives are kept intact in one English step and never split or reclassified (0.061995ms)
✔ AUDIO-001-C1: mixed-language example translation emits example, en-translation, ar-translation as separate steps (0.103123ms)
✔ AUDIO-001-C1: invalid exampleMode throws InvalidSpeechPlanOptionError (0.400351ms)
✔ AUDIO-001-C1: repeatCount 0 throws InvalidSpeechPlanOptionError (0.10053ms)
✔ AUDIO-001-C1: negative repeatCount throws InvalidSpeechPlanOptionError (0.130006ms)
✔ AUDIO-001-C1: non-boolean includeTranslation throws InvalidSpeechPlanOptionError (0.10238ms)
✔ AUDIO-001-C1: negative startIndex throws InvalidSpeechPlanOptionError (0.07498ms)
✔ AUDIO-001-C1: non-integer startIndex throws InvalidSpeechPlanOptionError (0.100003ms)
✔ AUDIO-001-C1: items not an array throws InvalidSpeechPlanOptionError (0.118539ms)
✔ AUDIO-001-C1: planSpeechSequence never mutates items, cards, examples, or options (0.193018ms)
✔ AUDIO-001-C1: two calls with the same inputs produce deep-equal results (fresh arrays each call) (0.094813ms)
✔ AUDIO-001-C1: deterministic item-major ordering holds for many items with repeats and translations (0.106222ms)
✔ schema version is bumped to 2 for per-track merging (0.845871ms)
✔ trackNumericTime returns null for a track that does not exist (0.216916ms)
✔ trackNumericTime falls back to record updatedAt for legacy explicit win (0.153777ms)
✔ trackNumericTime prefers the explicit track timestamp (0.123329ms)
✔ mergeVerbRecord joins per-track data without an explicit track timestamp (0.324391ms)
✔ mergeVerbRecord keeps the newer explicit recognition track (0.43514ms)
✔ mergeVerbRecord does not invent an SRS track that never existed (0.166494ms)
✔ mergeVerbLearning preserves both sides and sessions (0.398661ms)
✔ GC-11: schema version 2 default, upgrade, and merge produce version 2 (1.469229ms)
✔ GC-15: mergeVerbLearning handles complete track conflict matrix independently (0.517783ms)
✔ mergeVerbRecord: newer recognition SRS/timestamp cannot erase an older recognition win (0.206552ms)
✔ mergeVerbRecord: newer production SRS/timestamp cannot erase an older production win (0.133497ms)
✔ normalizeVerbLearning upgrades old, missing, and invalid versions, never downgrades newer ones (1.843586ms)
✔ mergeVerbLearning returns the highest schema version and never downgrades (0.971007ms)
✔ mergeVerbLearning with undefined and null inputs returns a safe version-2 default (0.834192ms)
✔ acquisition seeds a hidden rolling pool capped at eight (1.414691ms)
✔ pool never exceeds eight throughout a full lesson (2.996362ms)
✔ a ready acquisition word leaves the pool and the next unseen word enters (0.303123ms)
✔ forgot during acquisition never repeats without intervening cards (0.216235ms)
✔ recognition phase only starts once every acquisition word is ready (0.202566ms)
✔ acquisition completes and the pool stays rolling to recognition for 50 verbs (0.517626ms)
✔ fast recognition passes on the first official attempt (0.173678ms)
✔ slow recognition is scheduled again and never passes (0.133725ms)
✔ forgot during recognition requires recovery before passing (0.251518ms)
✔ forgot during recognition cannot pass after zero fast recalls (0.25262ms)
✔ production challenge stays independent from recognition (0.252679ms)
✔ full deck drives recognition, then production to the final second win (0.263319ms)
✔ review session serves recognition then production tracks and completes (0.588341ms)
✔ review session that starts on production serves production first (0.180407ms)
✔ finishSession seals a session so it can never start again (0.09524ms)
✔ recognition direction remains German→English throughout the phase (0.143227ms)
✔ production prompts use English→German direction (no German on front) (0.088501ms)
✔ phase order is stable across sessions so refresh does not reshuffle (0.12814ms)
✔ review session serves recognition items before production items (0.712366ms)
✔ only a valid positive finite latency counts as fast (0.201172ms)
✔ GC-10: completedTracks is modified only by completeReviewTrack and not by startReviewTrack or nextPresentation (0.140273ms)
✔ GC-19: learning and review sessions are isolated and sealed on completion (0.13758ms)
✔ T2-unit: per-track review orders are stored separately and ID-set mismatch regenerates (0.323405ms)
✔ T4-unit: monotonic recall latency — edge values never count as fast (0.225666ms)
✔ T5-unit: a replayed terminal event is a complete no-op (no turn, no retry, no scoring) (0.292523ms)
✔ T5-unit: a replayed acquisition win is a complete no-op (0.1642ms)
✔ T5-unit: completeIntro replay and wrong-phase calls are complete no-ops (0.198923ms)
✔ T5-unit: grading a pending card inside a sealed session is a complete no-op (0.173971ms)
SpeechQueue: Speech error occurred synthesis-failed
SpeechQueue: Watchdog fired — advancing.
SpeechQueue: Watchdog fired — advancing.
✔ AUDIO-002 A1: default controls plan term, English translation, and first-example steps per repetition in item-major order (3.312383ms)
✔ AUDIO-002 A2: repeatCount 3 emits three full repetitions of a verb before anything else (0.365469ms)
✔ AUDIO-002 A3: exampleMode none emits only the term and translation steps (0.194159ms)
✔ AUDIO-002 A4: exampleMode first emits only the first example pair (0.303548ms)
✔ AUDIO-002 A5: exampleMode all emits every example pair in source order (0.188733ms)
✔ AUDIO-002 A6: include-English unchecked omits every English translation step (0.172099ms)
✔ AUDIO-002 A7: the Start-At dropdown selection begins the plan at that queue position (0.199829ms)
✔ AUDIO-002 A8: a row-play startIndex begins at that row and syncs the Start-At dropdown (0.182131ms)
✔ AUDIO-002 A9: out-of-range start values clamp to the last verb instead of producing an empty queue (3.510874ms)
✔ AUDIO-002 A10: planned queue items carry the stable verb identity, the planner language, and the text (0.323577ms)
✔ AUDIO-002 A11: verbs with missing text are skipped by the planner without substituting another language (0.303092ms)
✔ AUDIO-002 A12 (revised by AUDIO-002-C1): an empty planned sequence never starts the queue and restores the resting control state (0.216791ms)
✔ AUDIO-002 B1: playAll speaks each item once in order, highlights each item, and fires completion exactly once at drain (1.287186ms)
✔ AUDIO-002 B2: stop during the delayed-speak window prevents any utterance (0.205231ms)
✔ AUDIO-002 B3: pause preserves the cursor and queue; a stale onend cannot advance or complete the paused queue (0.429102ms)
✔ AUDIO-002 B4: resume after a pause during the speak delay re-speaks the current item exactly once (0.230313ms)
✔ AUDIO-002 B5: canceled and interrupted utterance errors do not advance; a genuine error advances (1.03952ms)
✔ AUDIO-002 B6: the watchdog advances a stuck utterance and is cleared by pause (0.348337ms)
✔ AUDIO-002 B7: the no-synthesis fallback advances items with highlight and completes at drain (0.212237ms)
✔ AUDIO-002 B8: pause and stop fully cancel the pending no-synthesis fallback timer (0.18862ms)
✔ AUDIO-002 B9: rapid restart speaks the replacement queue first item exactly once (0.179023ms)
✔ AUDIO-002 B10: stale callbacks from a replaced queue cannot advance or complete the replacement (0.307251ms)
✔ AUDIO-002 B11: playAll with an empty list stops and cleans the current queue without firing completion (0.136424ms)
✔ AUDIO-002-C1 U1: changing the deck cancels the running autoplay session before the new deck is presented (0.725037ms)
✔ AUDIO-002-C1 U2: switching the view away from the autoplay context cancels the session (0.253144ms)
✔ AUDIO-002-C1 U3: starting playback with an empty controller queue stops a previous session instead of leaving it alive (0.152163ms)
✔ AUDIO-002-C1 U4: a start attempt producing an empty planned sequence stops a previous session instead of leaving it alive (0.17126ms)
✔ AUDIO-002-C1 U5: a paused session is cancelled, not resumed, when the deck changes (0.19404ms)
✔ AUDIO-002-C1 U6: loadDeck cancels the real SpeechQueue so stale utterance callbacks can neither advance after navigation nor disturb the replacement (controller + real queue) (1.720416ms)
ℹ tests 184
ℹ suites 0
ℹ pass 184
ℹ fail 0
ℹ cancelled 0
ℹ skipped 0
ℹ todo 0
ℹ duration_ms 778.731878
