Listing tests:
  [chromium] › activity-streak.spec.js:76:7 › Learning Activity / Streak Tracker E2E Suite › marking a brand-new flashcard as Known records activity for today
  [chromium] › activity-streak.spec.js:117:7 › Learning Activity / Streak Tracker E2E Suite › re-marking an already-known card does not double-count activity
  [chromium] › activity-streak.spec.js:145:7 › Learning Activity / Streak Tracker E2E Suite › listening to 15+ words via TTS counts as a learning day without flashcards
  [chromium] › activity-streak.spec.js:187:7 › Learning Activity / Streak Tracker E2E Suite › streak is preserved when today has no activity but yesterday does
  [chromium] › favorites-filters.spec.js:15:3 › Favorites and Filters State › Toggling filters should not remove favorites
  [chromium] › phrases-conversations.spec.js:86:7 › Phrases and Conversations E2E Suite › Load App, default tabs, and existing words behavior
  [chromium] › phrases-conversations.spec.js:109:7 › Phrases and Conversations E2E Suite › Phrases Tab Rendering and Flashcards
  [chromium] › phrases-conversations.spec.js:146:7 › Phrases and Conversations E2E Suite › SpeechQueue Play All, Stop, and Navigation Cleanup
  [chromium] › phrases-conversations.spec.js:199:7 › Phrases and Conversations E2E Suite › Conversation clean text and Missing Content Graceful State
  [chromium] › phrases-conversations.spec.js:234:7 › Phrases and Conversations E2E Suite › Phrases Hide and Guess Practice Controls
  [chromium] › phrases-conversations.spec.js:326:7 › Phrases and Conversations E2E Suite › Mobile viewport layout verification
  [chromium] › phrases-conversations.spec.js:339:7 › Phrases and Conversations E2E Suite › Dashboard and Phrases tab progress stats model
  [chromium] › phrases-conversations.spec.js:407:7 › Phrases and Conversations E2E Suite › Mobile sidebar navigation works with real UI clicks
  [chromium] › phrases-conversations.spec.js:479:7 › Phrases and Conversations E2E Suite › SpeechQueue advances through multiple items correctly
  [chromium] › phrases-conversations.spec.js:513:7 › Phrases and Conversations E2E Suite › SpeechQueue stop during 250ms delay cancels correctly
  [chromium] › phrases-conversations.spec.js:545:7 › Phrases and Conversations E2E Suite › SpeechQueue rapid stop-and-restart works correctly
  [chromium] › phrases-conversations.spec.js:582:7 › Phrases and Conversations E2E Suite › SpeechQueue completes all items and fires onFinished
  [chromium] › srs.spec.js:70:7 › Spaced Repetition System (SRS) E2E Suite › SRS Level Progression and Time Machine Verification
  [chromium] › verb-guided-challenge.spec.js:137:9 › Guided Challenge E2E Suite › starts guided challenge and shows the acquisition phase with intro cards
  [chromium] › verb-guided-challenge.spec.js:146:9 › Guided Challenge E2E Suite › keeps the hidden acquisition pool at eight or fewer verbs
  [chromium] › verb-guided-challenge.spec.js:186:9 › Guided Challenge E2E Suite › forgot during acquisition never repeats immediately
  [chromium] › verb-guided-challenge.spec.js:212:9 › Guided Challenge E2E Suite › recognition phase prompts German → English and ends with the First Win
  [chromium] › verb-guided-challenge.spec.js:266:9 › Guided Challenge E2E Suite › production phase prompts English → German and ends with the Second Win
  [chromium] › verb-guided-challenge.spec.js:315:9 › Guided Challenge E2E Suite › restart challenge explicitly resets the session
  [chromium] › verb-guided-challenge.spec.js:331:9 › Guided Challenge E2E Suite › resumes the session after a refresh
  [chromium] › verb-guided-challenge.spec.js:348:9 › Guided Challenge E2E Suite › legacy knownVerbIds aliases are migrated to canonical ids with a backup
  [chromium] › verb-guided-challenge.spec.js:375:9 › Guided Challenge E2E Suite › daily review with no due verbs shows a toast instead of opening
  [chromium] › verb-guided-challenge.spec.js:382:9 › Guided Challenge E2E Suite › daily review with due verbs serves recognition then production tracks
  [chromium] › verb-guided-challenge.spec.js:428:9 › Guided Challenge E2E Suite › no browser console errors during the guided flow
  [chromium] › verb-guided-challenge.spec.js:445:9 › Guided Challenge E2E Suite › verbLearning mastery is committed only when a whole phase wins
  [chromium] › verb-guided-challenge.spec.js:517:9 › Guided Challenge E2E Suite › GC-01: independent review track ordering and no skipped production when track lengths match
  [chromium] › verb-guided-challenge.spec.js:563:9 › Guided Challenge E2E Suite › T3: canonical-ID migration through real loading lifecycle
  [chromium] › verb-guided-challenge.spec.js:712:9 › Guided Challenge E2E Suite › GC-06: double reveal does not wipe or replace frozen recall latency
  [chromium] › verb-guided-challenge.spec.js:736:9 › Guided Challenge E2E Suite › GC-07: daily review progress indicator advances card-by-card per terminal completion
  [chromium] › verb-guided-challenge.spec.js:771:9 › Guided Challenge E2E Suite › GC-08: one terminal review outcome applies to exactly one SRS track, once, and completion needs every due card
  [chromium] › verb-guided-challenge.spec.js:837:9 › Guided Challenge E2E Suite › GC-09: two click attempts on the same grade button apply exactly one grade
  [chromium] › verb-guided-challenge.spec.js:942:9 › Guided Challenge E2E Suite › GC-11: two click attempts on the same Intro button introduce exactly one card
  [chromium] › verb-guided-challenge.spec.js:1036:9 › Guided Challenge E2E Suite › R1: Daily Review does not render a Restart button or Restart action in any state
  [chromium] › verb-guided-challenge.spec.js:1088:9 › Guided Challenge E2E Suite › R2: Resume Daily Review after refresh restores the exact production-phase state
  [chromium] › verb-guided-challenge.spec.js:1265:9 › Guided Challenge E2E Suite › R3: Guided Challenge (learning) still keeps Restart and works end-to-end
  [chromium] › verbs-dashboard-trophies.spec.js:87:7 › Verbs Dashboard & Trophy Shelf E2E Suite (WP-041) › marking a brand-new flashcard as Known records activity for today on the verbs page
  [chromium] › verbs-dashboard-trophies.spec.js:122:7 › Verbs Dashboard & Trophy Shelf E2E Suite (WP-041) › listening to 15+ verbs via TTS counts as a learning day on the verbs page
  [chromium] › verbs-dashboard-trophies.spec.js:152:7 › Verbs Dashboard & Trophy Shelf E2E Suite (WP-041) › trophy shelf renders cards and shows earned deck trophies from seeded progress
  [chromium] › verbs-dashboard-trophies.spec.js:172:7 › Verbs Dashboard & Trophy Shelf E2E Suite (WP-041) › leaderboard view renders the shared table and is reachable via nav and switchView
  [chromium] › verbs.spec.js:9:7 › Top German Verbs Mastery E2E Suite (Card Recycling & Custom Auto-Play TTS) › should recycle Still Learning card to the end of queue and advance to next card
  [chromium] › verbs.spec.js:24:7 › Top German Verbs Mastery E2E Suite (Card Recycling & Custom Auto-Play TTS) › should pronounce example sentence when clicking on German sentence text in List View
  [chromium] › verbs.spec.js:33:7 › Top German Verbs Mastery E2E Suite (Card Recycling & Custom Auto-Play TTS) › should configure custom Auto-Play Audio sequence (repeat count, English TTS, start location)
  [chromium] › verbs.spec.js:69:7 › Top German Verbs Mastery E2E Suite (Card Recycling & Custom Auto-Play TTS) › should start Auto-Play from a specific row when clicking play button ▶
  [chromium] › verbs.spec.js:86:7 › Top German Verbs Mastery E2E Suite (Card Recycling & Custom Auto-Play TTS) › should toggle Favorites Only mode in Flashcards view
  [chromium] › words-audio.spec.js:48:3 › Words Play All Audio Feature › Play all words highlights rows and respects filters
  [Mobile Chrome] › activity-streak.spec.js:76:7 › Learning Activity / Streak Tracker E2E Suite › marking a brand-new flashcard as Known records activity for today
  [Mobile Chrome] › activity-streak.spec.js:117:7 › Learning Activity / Streak Tracker E2E Suite › re-marking an already-known card does not double-count activity
  [Mobile Chrome] › activity-streak.spec.js:145:7 › Learning Activity / Streak Tracker E2E Suite › listening to 15+ words via TTS counts as a learning day without flashcards
  [Mobile Chrome] › activity-streak.spec.js:187:7 › Learning Activity / Streak Tracker E2E Suite › streak is preserved when today has no activity but yesterday does
  [Mobile Chrome] › favorites-filters.spec.js:15:3 › Favorites and Filters State › Toggling filters should not remove favorites
  [Mobile Chrome] › phrases-conversations.spec.js:86:7 › Phrases and Conversations E2E Suite › Load App, default tabs, and existing words behavior
  [Mobile Chrome] › phrases-conversations.spec.js:109:7 › Phrases and Conversations E2E Suite › Phrases Tab Rendering and Flashcards
  [Mobile Chrome] › phrases-conversations.spec.js:146:7 › Phrases and Conversations E2E Suite › SpeechQueue Play All, Stop, and Navigation Cleanup
  [Mobile Chrome] › phrases-conversations.spec.js:199:7 › Phrases and Conversations E2E Suite › Conversation clean text and Missing Content Graceful State
  [Mobile Chrome] › phrases-conversations.spec.js:234:7 › Phrases and Conversations E2E Suite › Phrases Hide and Guess Practice Controls
  [Mobile Chrome] › phrases-conversations.spec.js:326:7 › Phrases and Conversations E2E Suite › Mobile viewport layout verification
  [Mobile Chrome] › phrases-conversations.spec.js:339:7 › Phrases and Conversations E2E Suite › Dashboard and Phrases tab progress stats model
  [Mobile Chrome] › phrases-conversations.spec.js:407:7 › Phrases and Conversations E2E Suite › Mobile sidebar navigation works with real UI clicks
  [Mobile Chrome] › phrases-conversations.spec.js:479:7 › Phrases and Conversations E2E Suite › SpeechQueue advances through multiple items correctly
  [Mobile Chrome] › phrases-conversations.spec.js:513:7 › Phrases and Conversations E2E Suite › SpeechQueue stop during 250ms delay cancels correctly
  [Mobile Chrome] › phrases-conversations.spec.js:545:7 › Phrases and Conversations E2E Suite › SpeechQueue rapid stop-and-restart works correctly
  [Mobile Chrome] › phrases-conversations.spec.js:582:7 › Phrases and Conversations E2E Suite › SpeechQueue completes all items and fires onFinished
  [Mobile Chrome] › srs.spec.js:70:7 › Spaced Repetition System (SRS) E2E Suite › SRS Level Progression and Time Machine Verification
  [Mobile Chrome] › verb-guided-challenge.spec.js:137:9 › Guided Challenge E2E Suite › starts guided challenge and shows the acquisition phase with intro cards
  [Mobile Chrome] › verb-guided-challenge.spec.js:146:9 › Guided Challenge E2E Suite › keeps the hidden acquisition pool at eight or fewer verbs
  [Mobile Chrome] › verb-guided-challenge.spec.js:186:9 › Guided Challenge E2E Suite › forgot during acquisition never repeats immediately
  [Mobile Chrome] › verb-guided-challenge.spec.js:212:9 › Guided Challenge E2E Suite › recognition phase prompts German → English and ends with the First Win
  [Mobile Chrome] › verb-guided-challenge.spec.js:266:9 › Guided Challenge E2E Suite › production phase prompts English → German and ends with the Second Win
  [Mobile Chrome] › verb-guided-challenge.spec.js:315:9 › Guided Challenge E2E Suite › restart challenge explicitly resets the session
  [Mobile Chrome] › verb-guided-challenge.spec.js:331:9 › Guided Challenge E2E Suite › resumes the session after a refresh
  [Mobile Chrome] › verb-guided-challenge.spec.js:348:9 › Guided Challenge E2E Suite › legacy knownVerbIds aliases are migrated to canonical ids with a backup
  [Mobile Chrome] › verb-guided-challenge.spec.js:375:9 › Guided Challenge E2E Suite › daily review with no due verbs shows a toast instead of opening
  [Mobile Chrome] › verb-guided-challenge.spec.js:382:9 › Guided Challenge E2E Suite › daily review with due verbs serves recognition then production tracks
  [Mobile Chrome] › verb-guided-challenge.spec.js:428:9 › Guided Challenge E2E Suite › no browser console errors during the guided flow
  [Mobile Chrome] › verb-guided-challenge.spec.js:445:9 › Guided Challenge E2E Suite › verbLearning mastery is committed only when a whole phase wins
  [Mobile Chrome] › verb-guided-challenge.spec.js:517:9 › Guided Challenge E2E Suite › GC-01: independent review track ordering and no skipped production when track lengths match
  [Mobile Chrome] › verb-guided-challenge.spec.js:563:9 › Guided Challenge E2E Suite › T3: canonical-ID migration through real loading lifecycle
  [Mobile Chrome] › verb-guided-challenge.spec.js:712:9 › Guided Challenge E2E Suite › GC-06: double reveal does not wipe or replace frozen recall latency
  [Mobile Chrome] › verb-guided-challenge.spec.js:736:9 › Guided Challenge E2E Suite › GC-07: daily review progress indicator advances card-by-card per terminal completion
  [Mobile Chrome] › verb-guided-challenge.spec.js:771:9 › Guided Challenge E2E Suite › GC-08: one terminal review outcome applies to exactly one SRS track, once, and completion needs every due card
  [Mobile Chrome] › verb-guided-challenge.spec.js:837:9 › Guided Challenge E2E Suite › GC-09: two click attempts on the same grade button apply exactly one grade
  [Mobile Chrome] › verb-guided-challenge.spec.js:942:9 › Guided Challenge E2E Suite › GC-11: two click attempts on the same Intro button introduce exactly one card
  [Mobile Chrome] › verb-guided-challenge.spec.js:1036:9 › Guided Challenge E2E Suite › R1: Daily Review does not render a Restart button or Restart action in any state
  [Mobile Chrome] › verb-guided-challenge.spec.js:1088:9 › Guided Challenge E2E Suite › R2: Resume Daily Review after refresh restores the exact production-phase state
  [Mobile Chrome] › verb-guided-challenge.spec.js:1265:9 › Guided Challenge E2E Suite › R3: Guided Challenge (learning) still keeps Restart and works end-to-end
  [Mobile Chrome] › verbs-dashboard-trophies.spec.js:87:7 › Verbs Dashboard & Trophy Shelf E2E Suite (WP-041) › marking a brand-new flashcard as Known records activity for today on the verbs page
  [Mobile Chrome] › verbs-dashboard-trophies.spec.js:122:7 › Verbs Dashboard & Trophy Shelf E2E Suite (WP-041) › listening to 15+ verbs via TTS counts as a learning day on the verbs page
  [Mobile Chrome] › verbs-dashboard-trophies.spec.js:152:7 › Verbs Dashboard & Trophy Shelf E2E Suite (WP-041) › trophy shelf renders cards and shows earned deck trophies from seeded progress
  [Mobile Chrome] › verbs-dashboard-trophies.spec.js:172:7 › Verbs Dashboard & Trophy Shelf E2E Suite (WP-041) › leaderboard view renders the shared table and is reachable via nav and switchView
  [Mobile Chrome] › verbs.spec.js:9:7 › Top German Verbs Mastery E2E Suite (Card Recycling & Custom Auto-Play TTS) › should recycle Still Learning card to the end of queue and advance to next card
  [Mobile Chrome] › verbs.spec.js:24:7 › Top German Verbs Mastery E2E Suite (Card Recycling & Custom Auto-Play TTS) › should pronounce example sentence when clicking on German sentence text in List View
  [Mobile Chrome] › verbs.spec.js:33:7 › Top German Verbs Mastery E2E Suite (Card Recycling & Custom Auto-Play TTS) › should configure custom Auto-Play Audio sequence (repeat count, English TTS, start location)
  [Mobile Chrome] › verbs.spec.js:69:7 › Top German Verbs Mastery E2E Suite (Card Recycling & Custom Auto-Play TTS) › should start Auto-Play from a specific row when clicking play button ▶
  [Mobile Chrome] › verbs.spec.js:86:7 › Top German Verbs Mastery E2E Suite (Card Recycling & Custom Auto-Play TTS) › should toggle Favorites Only mode in Flashcards view
  [Mobile Chrome] › words-audio.spec.js:48:3 › Words Play All Audio Feature › Play all words highlights rows and respects filters
Total: 100 tests in 8 files
