
Running 1 test using 1 worker


(node:24508) Warning: The 'NO_COLOR' env is ignored due to the 'FORCE_COLOR' env being set.
(Use `node --trace-warnings ...` to show where the warning was created)

[1/1] [chromium] › tests/e2e/cefr-card-reference.spec.js:1521:9 › SHARED-CARD-001/002 reference vs approved LF/GC targets — findings resolved by the shared card › SC-01 TARGET (DOM secrecy): the pre-reveal en-to-de card subtree carries no German answer text or metadata anywhere

[WebServer] 127.0.0.1 - - [29/Aug/2026 21:29:54] "GET /verbs.html HTTP/1.1" 200 -

[WebServer] 127.0.0.1 - - [29/Aug/2026 21:29:54] "GET /css/core.css HTTP/1.1" 200 -

[WebServer] 127.0.0.1 - - [29/Aug/2026 21:29:54] "GET /css/verb-challenge.css HTTP/1.1" 200 -

[WebServer] 127.0.0.1 - - [29/Aug/2026 21:29:54] "GET /css/shared-card.css HTTP/1.1" 200 -

[WebServer] 127.0.0.1 - - [29/Aug/2026 21:29:54] "GET /js/core/verbs-engine.js?v=4 HTTP/1.1" 200 -

[WebServer] 127.0.0.1 - - [29/Aug/2026 21:29:54] "GET /js/core/tts.js HTTP/1.1" 200 -

[WebServer] 127.0.0.1 - - [29/Aug/2026 21:29:54] "GET /js/core/storage.js?v=4 HTTP/1.1" 200 -

[WebServer] 127.0.0.1 - - [29/Aug/2026 21:29:54] "GET /js/core/utils.js HTTP/1.1" 200 -

[WebServer] 127.0.0.1 - - [29/Aug/2026 21:29:54] "GET /js/core/activity-service.js?v=3 HTTP/1.1" 200 -

[WebServer] 127.0.0.1 - - [29/Aug/2026 21:29:54] "GET /js/core/leaderboard-service.js?v=3 HTTP/1.1" 200 -

[WebServer] 127.0.0.1 - - [29/Aug/2026 21:29:54] "GET /js/core/trophies.js?v=3 HTTP/1.1" 200 -

[WebServer] 127.0.0.1 - - [29/Aug/2026 21:29:54] "GET /js/core/srs-logic.js?v=3 HTTP/1.1" 200 -

[WebServer] 127.0.0.1 - - [29/Aug/2026 21:29:54] "GET /js/core/shared-card.js HTTP/1.1" 200 -

[WebServer] 127.0.0.1 - - [29/Aug/2026 21:29:54] "GET /js/core/verb-challenge-engine.js HTTP/1.1" 200 -

[WebServer] 127.0.0.1 - - [29/Aug/2026 21:29:54] "GET /js/core/utils.js?v=3 HTTP/1.1" 200 -
  1) [chromium] › tests/e2e/cefr-card-reference.spec.js:1521:9 › SHARED-CARD-001/002 reference vs approved LF/GC targets — findings resolved by the shared card › SC-01 TARGET (DOM secrecy): the pre-reveal en-to-de card subtree carries no German answer text or metadata anywhere

    Error: pre-reveal leaks (26 unique carriers): text:<root #view-flashcard> → "machen" | text:<root #view-flashcard> → "Ich mache die Hausaufgaben." | text:<div.verb-flashcard-wrapper> → "machen" | text:<div.verb-flashcard-wrapper> → "Ich mache die Hausaufgaben." | text:<div.shared-card-block> → "machen" | text:<div.shared-card-block> → "Ich mache die Hausaufgaben." | text:<div.verb-flashcard> → "machen" | text:<div.verb-flashcard> → "Ich mache die Hausaufgaben." | text:<div.verb-card-back> → "machen" | text:<div.verb-card-back> → "Ich mache die Hausaufgaben." | text:<div.back-main-row-block> → "machen" | text:<div.back-main-row> → "machen" | text:<div.back-field> → "machen" | text:<strong> → "machen" | text:<div.back-example-box> → "Ich mache die Hausaufgaben." | text:<div.ex-text> → "Ich mache die Hausaufgaben." | text:<button.ex-sentence-span> → "Ich mache die Hausaufgaben." | attr:<button.ex-sentence-span>[data-text] → "Ich mache die Hausaufgaben." | text:<div.origins-block> → "machen" | text:<div.origins-card-inner> → "machen" | text:<div.orig-row> → "machen" | text:<div.conjugation-tables-block> → "machen" | text:<div.conj-grid> → "machen" | text:<div.conj-section> → "machen" | text:<ul> → "machen"

    expect(received).toEqual(expected) // deep equality

    - Expected  -  1
    + Received  + 27

    - Array []
    + Array [
    +   "text:<root #view-flashcard> → \"machen\"",
    +   "text:<root #view-flashcard> → \"Ich mache die Hausaufgaben.\"",
    +   "text:<div.verb-flashcard-wrapper> → \"machen\"",
    +   "text:<div.verb-flashcard-wrapper> → \"Ich mache die Hausaufgaben.\"",
    +   "text:<div.shared-card-block> → \"machen\"",
    +   "text:<div.shared-card-block> → \"Ich mache die Hausaufgaben.\"",
    +   "text:<div.verb-flashcard> → \"machen\"",
    +   "text:<div.verb-flashcard> → \"Ich mache die Hausaufgaben.\"",
    +   "text:<div.verb-card-back> → \"machen\"",
    +   "text:<div.verb-card-back> → \"Ich mache die Hausaufgaben.\"",
    +   "text:<div.back-main-row-block> → \"machen\"",
    +   "text:<div.back-main-row> → \"machen\"",
    +   "text:<div.back-field> → \"machen\"",
    +   "text:<strong> → \"machen\"",
    +   "text:<div.back-example-box> → \"Ich mache die Hausaufgaben.\"",
    +   "text:<div.ex-text> → \"Ich mache die Hausaufgaben.\"",
    +   "text:<button.ex-sentence-span> → \"Ich mache die Hausaufgaben.\"",
    +   "attr:<button.ex-sentence-span>[data-text] → \"Ich mache die Hausaufgaben.\"",
    +   "text:<div.origins-block> → \"machen\"",
    +   "text:<div.origins-card-inner> → \"machen\"",
    +   "text:<div.orig-row> → \"machen\"",
    +   "text:<div.conjugation-tables-block> → \"machen\"",
    +   "text:<div.conj-grid> → \"machen\"",
    +   "text:<div.conj-section> → \"machen\"",
    +   "text:<ul> → \"machen\"",
    + ]

      1536 |         // proven separately below.
      1537 |         const sweep = await sweepOrdinaryCardSubtree(page, ['machen', 'Ich mache die Hausaufgaben.', 'mac...']);
    > 1538 |         expect(sweep.unique, `pre-reveal leaks (${sweep.uniqueCount} unique carriers): ${sweep.unique.join(' | ')}`).toEqual([]);
           |                                                                                                                      ^
      1539 |     });
      1540 |
      1541 |     test('SC-01 TARGET (audio secrecy): pre-reveal German-answer audio is unavailable in en-to-de mode', async ({ page }) => {
        at /home/z/my-project/mutation-copies/probe-57df256/tests/e2e/cefr-card-reference.spec.js:1538:118

    Error Context: test-results/cefr-card-reference-SHARED-60584-r-text-or-metadata-anywhere-chromium/error-context.md


  1 failed
    [chromium] › tests/e2e/cefr-card-reference.spec.js:1521:9 › SHARED-CARD-001/002 reference vs approved LF/GC targets — findings resolved by the shared card › SC-01 TARGET (DOM secrecy): the pre-reveal en-to-de card subtree carries no German answer text or metadata anywhere
