
Running 306 tests using 1 worker
(node:32277) Warning: The 'NO_COLOR' env is ignored due to the 'FORCE_COLOR' env being set.
(Use `node --trace-warnings ...` to show where the warning was created)
[Browser Console log] 🎙️ Selected German Voice: Mock Voice
[Browser Console log] ✅ [A1] Config loaded: 📚 A1 German
[Browser Console log] ✅ Firebase initialized for appId: german-a1-app
[Browser Console log] 🚀 DOM loaded / App booting.
[Browser Console log] 📱 Using offline mode
[Browser Console log] [WP-010] Migration complete. Version set to 1.
[Browser Console log] ✅ Engines initialized with 30 words in Unit 1
[Browser Console log] 🎙️ Selected German Voice: Mock Voice
[Browser Console log] ✅ [A1] Config loaded: 📚 A1 German
[Browser Console log] ✅ Firebase initialized for appId: german-a1-app
[Browser Console log] 🚀 DOM loaded / App booting.
[Browser Console log] 📱 Using offline mode
[Browser Console log] [WP-010] Migration complete. Version set to 1.
[Browser Console log] ✅ Engines initialized with 30 words in Unit 1
[Browser Console log] 🎙️ Selected German Voice: Mock Voice
[Browser Console log] ✅ [A1] Config loaded: 📚 A1 German
[Browser Console log] ✅ Firebase initialized for appId: german-a1-app
[Browser Console log] 🚀 DOM loaded / App booting.
[Browser Console log] 📱 Using offline mode
[Browser Console log] [WP-010] Migration complete. Version set to 1.
[Browser Console log] ✅ Engines initialized with 30 words in Unit 1
[Browser Console log] 🎙️ Selected German Voice: Mock Voice
[Browser Console log] ✅ [A1] Config loaded: 📚 A1 German
[Browser Console log] ✅ Firebase initialized for appId: german-a1-app
[Browser Console log] 🚀 DOM loaded / App booting.
[Browser Console log] 📱 Using offline mode
[Browser Console log] [WP-010] Migration complete. Version set to 1.
[Browser Console log] ✅ Engines initialized with 30 words in Unit 1

[Browser Console log] 🎙️ Selected German Voice: Mock Voice
[Browser Console log] ✅ [A1] Config loaded: 📚 A1 German
[Browser Console log] ✅ Firebase initialized for appId: german-a1-app
[Browser Console log] 🚀 DOM loaded / App booting.
[Browser Console log] 📱 Using offline mode
[Browser Console log] [WP-010] Migration complete. Version set to 1.
[Browser Console log] ✅ Engines initialized with 30 words in Unit 1
[Browser Console log] 🎙️ Selected German Voice: Mock Voice
[Browser Console log] ✅ [A1] Config loaded: 📚 A1 German
[Browser Console log] ✅ Firebase initialized for appId: german-a1-app
[Browser Console log] 🚀 DOM loaded / App booting.
[Browser Console log] 📱 Using offline mode
[Browser Console log] ✅ Engines initialized with 30 words in Unit 1
[Browser Console log] 🎙️ Selected German Voice: Mock Voice
[Browser Console log] ✅ [A1] Config loaded: 📚 A1 German
[Browser Console log] ✅ Firebase initialized for appId: german-a1-app
[Browser Console log] 🚀 DOM loaded / App booting.
[Browser Console log] 📱 Using offline mode
[Browser Console log] ✅ Engines initialized with 30 words in Unit 1
F(node:5059) Warning: The 'NO_COLOR' env is ignored due to the 'FORCE_COLOR' env being set.
(Use `node --trace-warnings ...` to show where the warning was created)
[Browser Console log] 🎙️ Selected German Voice: Mock Voice
[Browser Console log] ✅ [A1] Config loaded: 📚 A1 German
[Browser Console log] ✅ Firebase initialized for appId: german-a1-app
[Browser Console log] 🚀 DOM loaded / App booting.
[Browser Console log] 📱 Using offline mode
[Browser Console log] [WP-010] Migration complete. Version set to 1.
[Browser Console log] ✅ Engines initialized with 30 words in Unit 1
[Browser Console log] 🎙️ Selected German Voice: Mock Voice
[Browser Console log] ✅ [A1] Config loaded: 📚 A1 German
[Browser Console log] ✅ Firebase initialized for appId: german-a1-app
[Browser Console log] 🚀 DOM loaded / App booting.
[Browser Console log] 📱 Using offline mode
[Browser Console log] [WP-010] Migration complete. Version set to 1.
[Browser Console log] ✅ Engines initialized with 30 words in Unit 1
[Browser Console log] 🎙️ Selected German Voice: Mock Voice
[Browser Console log] ✅ [A1] Config loaded: 📚 A1 German
[Browser Console log] ✅ Firebase initialized for appId: german-a1-app
[Browser Console log] 🚀 DOM loaded / App booting.
[Browser Console log] 📱 Using offline mode
[Browser Console log] [WP-010] Migration complete. Version set to 1.
[Browser Console log] ✅ Engines initialized with 30 words in Unit 1
[Browser Console log] 🎙️ Selected German Voice: Mock Voice
[Browser Console log] ✅ [A1] Config loaded: 📚 A1 German
[Browser Console log] ✅ Firebase initialized for appId: german-a1-app
[Browser Console log] 🚀 DOM loaded / App booting.
[Browser Console log] 📱 Using offline mode
[Browser Console log] [WP-010] Migration complete. Version set to 1.


[Browser Console log] 🎙️ Selected German Voice: Mock Voice
[Browser Console log] ✅ [A1] Config loaded: 📚 A1 German
[Browser Console log] ✅ Firebase initialized for appId: german-a1-app
[Browser Console log] 🚀 DOM loaded / App booting.
[Browser Console log] 📱 Using offline mode
[Browser Console log] [WP-010] Migration complete. Version set to 1.
[Browser Console log] ✅ Engines initialized with 30 words in Unit 1
[Browser Console log] 🎙️ Selected German Voice: Mock Voice
[Browser Console log] ✅ [A1] Config loaded: 📚 A1 German
[Browser Console log] ✅ Firebase initialized for appId: german-a1-app
[Browser Console log] 🚀 DOM loaded / App booting.
[Browser Console log] 📱 Using offline mode
[Browser Console log] ✅ Engines initialized with 30 words in Unit 1
[Browser Console log] 🎙️ Selected German Voice: Mock Voice
[Browser Console log] ✅ [A1] Config loaded: 📚 A1 German
[Browser Console log] ✅ Firebase initialized for appId: german-a1-app
[Browser Console log] 🚀 DOM loaded / App booting.
[Browser Console log] 📱 Using offline mode
[Browser Console log] ✅ Engines initialized with 30 words in Unit 1
F

  1) [chromium] › tests/e2e/words-audio.spec.js:48:3 › Words Play All Audio Feature › Play all words highlights rows and respects filters

    Error: expect(received).toBe(expected) // Object.is equality

    Expected: 0
    Received: 1

      75 |     // Check if highlights are cleared
      76 |     const highlightedRows = await page.$$('#glossary-tbody tr.highlighted-speech');
    > 77 |     expect(highlightedRows.length).toBe(0);
         |                                    ^
      78 |   });
      79 | });
      80 |
        at /home/z/my-project/words-list-v2/tests/e2e/words-audio.spec.js:77:36

    Error Context: test-results/words-audio-Words-Play-All-61530-s-rows-and-respects-filters-chromium/error-context.md

  2) [Mobile Chrome] › tests/e2e/words-audio.spec.js:48:3 › Words Play All Audio Feature › Play all words highlights rows and respects filters

    Error: expect(received).toBe(expected) // Object.is equality

    Expected: 0
    Received: 1

      75 |     // Check if highlights are cleared
      76 |     const highlightedRows = await page.$$('#glossary-tbody tr.highlighted-speech');
    > 77 |     expect(highlightedRows.length).toBe(0);
         |                                    ^
      78 |   });
      79 | });
      80 |
        at /home/z/my-project/words-list-v2/tests/e2e/words-audio.spec.js:77:36

    Error Context: test-results/words-audio-Words-Play-All-61530-s-rows-and-respects-filters-Mobile-Chrome/error-context.md

  2 failed
    [chromium] › tests/e2e/words-audio.spec.js:48:3 › Words Play All Audio Feature › Play all words highlights rows and respects filters
    [Mobile Chrome] › tests/e2e/words-audio.spec.js:48:3 › Words Play All Audio Feature › Play all words highlights rows and respects filters
  1 skipped
  303 passed (8.6m)
rerun_exit=1
