
> german-words-list2-v2@1.0.0 test:units
> node --test "tests/unit/**/*.test.mjs"

✔ AUDIO-003 unit: the vocabulary filter rule mirrors the glossary semantics (0.909291ms)
✔ AUDIO-003 unit: the vocabulary filter never mutates its inputs (0.770766ms)
✔ AUDIO-003 unit: planned steps map to queue records with word identity, language, and labels (0.346801ms)
✔ AUDIO-003 unit: mapping never mutates the steps or the cards (0.224654ms)
✔ AUDIO-003 unit: mapping validates its inputs like the planner boundary (0.546457ms)
✔ AUDIO-003 unit: real A1 card plans and maps to the exact four-step record sequence (0.495894ms)
✔ AUDIO-003 unit: a real B2 mixed card maps to separately tagged English and Arabic records (0.230376ms)
✔ AUDIO-003 unit: an Arabic-only B2 card never substitutes English and maps the Arabic steps (0.203844ms)
✔ AUDIO-003 unit: repeat ordering emits every repetition of an item before the next item (0.16819ms)
✔ AUDIO-003 unit: example mode all queues every structured example in order (synthetic multi-example card) (0.295269ms)
✔ AUDIO-003 unit: cards with no speakable text plan to an empty record list without inventing speech (0.24911ms)
✔ LEVEL-DATA-012: normalized mixed translations speak only the English field (7.557083ms)
✔ LEVEL-DATA-013: normalized Arabic-only translations are never sent to an English voice (1.17301ms)
✔ LEVEL-DATA-014: legacy cards without normalized speech fields keep English playback (2.418554ms)
✔ SHARED-CARD-003 unit: translationDisplayAttrs derives direction and language metadata (SC3/LF-CARD) (2.385106ms)
✔ SHARED-CARD-003 unit: firstExample returns exactly the first structured example or null (1.495056ms)
✔ LEVEL-DATA-001: A1 retains the German and translated first example (2.750404ms)
✔ LEVEL-DATA-002: B2 retains bilingual display text without mislabeling it as English-only (9.247854ms)
✔ LEVEL-DATA-002A: slash-separated English alternatives stay English-only (0.464694ms)
✔ LEVEL-DATA-002B: Arabic-only translations expose only Arabic speech text (0.323744ms)
✔ LEVEL-DATA-003: cards without examples expose empty collections without changing legacy fields (0.444793ms)
✔ LEVEL-DATA-004: real A1 and B2 configs retain units, IDs, and example fields (17.994445ms)
✔ LEVEL-DATA-005: real A1 and B2 configs pass the normalized vocabulary validator (23.225514ms)
✔ LEVEL-DATA-006: content-sensitive snapshots detect unit counts and accidental reordering (58.252868ms)
✔ LEVEL-DATA-007: validator rejects duplicate IDs, unit mismatches, and broken examples (0.92054ms)
✔ LEVEL-DATA-008: validator rejects duplicate words and inconsistent normalized aliases (0.7062ms)
✔ LEVEL-DATA-009: duplicate-word allowances are exact and become stale when the data changes (0.574029ms)
✔ LEVEL-DATA-010: legacy level progress loads with stable IDs still present in normalized data (16.991459ms)
✔ LEVEL-DATA-011: a level config cannot omit its level identity (0.347567ms)
✔ SHARED-CARD-002 unit: unrevealed front renders the shell with an empty lazy back face (1.039016ms)
✔ SHARED-CARD-002 unit: lazy revealed back carries the answer content and the flipped state (0.180015ms)
✔ SHARED-CARD-002 unit: example block renders ONLY the first example with its translation always visible (SC-02) (0.237175ms)
✔ SHARED-CARD-002 unit: example block without a translation shows the sentence and no translation line (0.144035ms)
✔ SHARED-CARD-002 unit: no-example state renders nothing — no stale or placeholder content (0.099433ms)
✔ SHARED-CARD-002 unit: adapter-specific actions are placed below the card, verbatim (0.155163ms)
✔ SHARED-CARD-002 unit: the renderer has no storage/scheduler/persistence/DOM dependency (FP-DESIGN-009) (0.386045ms)
✔ SHARED-CARD-002 unit: safe escaping — example data is sanitized in text and attributes (0.161534ms)
✔ SHARED-CARD-002 unit: hidden metadata — the favorite button carries no card id and a hidden hint carries no text (SC-01b/d) (0.337566ms)
✔ SHARED-CARD-002 unit: non-flippable presentation card exposes no flip affordance (0.225428ms)
✔ SHARED-CARD-002-C1 unit: icon-only Speak and Favorite affordances expose stable descriptive accessible names (SC2-C1-A11Y-001) (0.156009ms)
✔ SHARED-CARD-002-C1 unit: only the displayed face is exposed — the hidden back renders inert until flipped, and an inert front is supported (SC2-C1-A11Y-002) (0.122155ms)
✔ SHARED-CARD-002-C1 unit: a non-activatable card keeps both faces but exposes no activation affordance (SC2-C1-A11Y-003) (0.1166ms)
✔ SHARED-CARD-002-C1 unit: example translations are language-neutral — English, Arabic, mixed and missing metadata render safely (SC2-C1-DESIGN-001) (1.127211ms)
✔ AUDIO-001-C1: zero items produces an empty step list with no warnings (1.732184ms)
✔ AUDIO-001-C1: one item without examples and defaults produces one German term step (0.43908ms)
✔ AUDIO-001-C1: many items with default options produce one term step per item in source order (0.202946ms)
✔ AUDIO-001-C1: normalized A1-shaped card with translationLanguage "en" emits term then English term-translation (0.201954ms)
✔ AUDIO-001-C1: normalized B2 mixed card with translationLanguage "mixed" emits term, en, then ar term-translations (0.216091ms)
✔ AUDIO-001-C1: Arabic-only normalized card with translationLanguage "ar" emits term then Arabic term-translation, never English (0.151199ms)
✔ AUDIO-001-C1: null translationLanguage emits no term-translation step and no warning even when translation text exists (0.134354ms)
✔ AUDIO-001-C1: a stale synthetic card.language property is ignored; term translation follows card.translationLanguage (0.183809ms)
✔ AUDIO-001-C1: a card produced by the actual A1 parser plans term, en term-translation, example, and en example-translation steps (0.159622ms)
✔ AUDIO-001-C1: a mixed card produced by the actual B2 parser plans term, en/ar term-translations, and en/ar example-translations (0.273552ms)
✔ AUDIO-001-C1: an Arabic-only card produced by the actual B2 parser plans term, Arabic term-translation, example, and Arabic example-translation (0.193158ms)
✔ AUDIO-001-C1: a real A1 dataset card plans term, en term-translation, example, and en example-translation steps (0.125594ms)
✔ AUDIO-001-C1: a real B2 dataset card keeps slash alternatives in one en step and splits its mixed example into en and ar steps (0.144187ms)
✔ AUDIO-001-C1: card.language is neither required nor introduced on normalized cards (0.291396ms)
✔ AUDIO-001-C1: two items with repeatCount 2 emit item 1 both repeats then item 2 both repeats (Verbs autoplay order) (0.127765ms)
✔ AUDIO-001-C1: each item repetition contains its term, requested translation, and requested examples before the next repetition or item (0.225581ms)
✔ AUDIO-001-C1: repeatCount 3 on one item emits the term three times with ascending repeatIndex (0.077249ms)
✔ AUDIO-001-C1: startIndex 0 plays the full sequence with original indices (0.082671ms)
✔ AUDIO-001-C1: startIndex in the middle retains the original item indices 1 and 2 without re-basing (0.072919ms)
✔ AUDIO-001-C1: startIndex at the last item plays exactly that item with its original index (0.062905ms)
✔ AUDIO-001-C1: startIndex out of range produces an empty step list with an OUT_OF_RANGE_START_INDEX warning (0.08838ms)
✔ AUDIO-001-C1: item ids and original indices stay stable across repeats after a startIndex (0.12395ms)
✔ AUDIO-001-C1: exampleMode none omits all example steps (0.088068ms)
✔ AUDIO-001-C1: exampleMode first emits only the first example (0.09375ms)
✔ AUDIO-001-C1: exampleMode all emits every example in source order (0.087646ms)
✔ AUDIO-001-C1: includeTranslation=false (default) omits term-translation steps even when text is available (0.066599ms)
✔ AUDIO-001-C1: empty English term-translation is skipped with a SKIPPED_EMPTY_TEXT warning, no substitution (0.095361ms)
✔ AUDIO-001-C1: empty German term text is skipped with a SKIPPED_EMPTY_TEXT warning (0.073699ms)
✔ AUDIO-001-C1: English slash alternatives are kept intact in one English step and never split or reclassified (0.066489ms)
✔ AUDIO-001-C1: mixed-language example translation emits example, en-translation, ar-translation as separate steps (0.114946ms)
✔ AUDIO-001-C1: invalid exampleMode throws InvalidSpeechPlanOptionError (0.457634ms)
✔ AUDIO-001-C1: repeatCount 0 throws InvalidSpeechPlanOptionError (0.119148ms)
✔ AUDIO-001-C1: negative repeatCount throws InvalidSpeechPlanOptionError (0.11814ms)
✔ AUDIO-001-C1: non-boolean includeTranslation throws InvalidSpeechPlanOptionError (0.105426ms)
✔ AUDIO-001-C1: negative startIndex throws InvalidSpeechPlanOptionError (0.080956ms)
✔ AUDIO-001-C1: non-integer startIndex throws InvalidSpeechPlanOptionError (0.144594ms)
✔ AUDIO-001-C1: items not an array throws InvalidSpeechPlanOptionError (0.0923ms)
✔ AUDIO-001-C1: planSpeechSequence never mutates items, cards, examples, or options (0.247698ms)
✔ AUDIO-001-C1: two calls with the same inputs produce deep-equal results (fresh arrays each call) (0.11005ms)
✔ AUDIO-001-C1: deterministic item-major ordering holds for many items with repeats and translations (0.112631ms)
✔ schema version is bumped to 2 for per-track merging (0.972292ms)
✔ trackNumericTime returns null for a track that does not exist (0.2037ms)
✔ trackNumericTime falls back to record updatedAt for legacy explicit win (0.107812ms)
✔ trackNumericTime prefers the explicit track timestamp (0.105759ms)
✔ mergeVerbRecord joins per-track data without an explicit track timestamp (0.293228ms)
✔ mergeVerbRecord keeps the newer explicit recognition track (0.402781ms)
✔ mergeVerbRecord does not invent an SRS track that never existed (0.162867ms)
✔ mergeVerbLearning preserves both sides and sessions (0.361386ms)
✔ GC-11: schema version 2 default, upgrade, and merge produce version 2 (1.46706ms)
✔ GC-15: mergeVerbLearning handles complete track conflict matrix independently (0.447929ms)
✔ mergeVerbRecord: newer recognition SRS/timestamp cannot erase an older recognition win (0.196874ms)
✔ mergeVerbRecord: newer production SRS/timestamp cannot erase an older production win (0.147616ms)
✔ normalizeVerbLearning upgrades old, missing, and invalid versions, never downgrades newer ones (1.746936ms)
✔ mergeVerbLearning returns the highest schema version and never downgrades (0.82912ms)
✔ mergeVerbLearning with undefined and null inputs returns a safe version-2 default (0.875142ms)
✔ acquisition seeds a hidden rolling pool capped at eight (1.314289ms)
✔ pool never exceeds eight throughout a full lesson (2.462737ms)
✔ a ready acquisition word leaves the pool and the next unseen word enters (0.287094ms)
✔ forgot during acquisition never repeats without intervening cards (0.1863ms)
✔ recognition phase only starts once every acquisition word is ready (0.194501ms)
✔ acquisition completes and the pool stays rolling to recognition for 50 verbs (0.465963ms)
✔ fast recognition passes on the first official attempt (0.150753ms)
✔ slow recognition is scheduled again and never passes (0.126833ms)
✔ forgot during recognition requires recovery before passing (0.199495ms)
✔ forgot during recognition cannot pass after zero fast recalls (0.2143ms)
✔ production challenge stays independent from recognition (0.2465ms)
✔ full deck drives recognition, then production to the final second win (0.233735ms)
✔ review session serves recognition then production tracks and completes (0.575103ms)
✔ review session that starts on production serves production first (0.171541ms)
✔ finishSession seals a session so it can never start again (0.094898ms)
✔ recognition direction remains German→English throughout the phase (0.134471ms)
✔ production prompts use English→German direction (no German on front) (0.116171ms)
✔ phase order is stable across sessions so refresh does not reshuffle (0.097505ms)
✔ review session serves recognition items before production items (0.697941ms)
✔ only a valid positive finite latency counts as fast (0.199409ms)
✔ GC-10: completedTracks is modified only by completeReviewTrack and not by startReviewTrack or nextPresentation (0.13515ms)
✔ GC-19: learning and review sessions are isolated and sealed on completion (0.134219ms)
✔ T2-unit: per-track review orders are stored separately and ID-set mismatch regenerates (0.299631ms)
✔ T4-unit: monotonic recall latency — edge values never count as fast (0.233381ms)
✔ T5-unit: a replayed terminal event is a complete no-op (no turn, no retry, no scoring) (0.301052ms)
✔ T5-unit: a replayed acquisition win is a complete no-op (0.175891ms)
✔ T5-unit: completeIntro replay and wrong-phase calls are complete no-ops (0.176935ms)
✔ T5-unit: grading a pending card inside a sealed session is a complete no-op (0.162578ms)
SpeechQueue: Speech error occurred synthesis-failed
SpeechQueue: Watchdog fired — advancing.
SpeechQueue: Watchdog fired — advancing.
✔ AUDIO-002 A1: default controls plan term, English translation, and first-example steps per repetition in item-major order (3.713357ms)
✔ AUDIO-002 A2: repeatCount 3 emits three full repetitions of a verb before anything else (0.378322ms)
✔ AUDIO-002 A3: exampleMode none emits only the term and translation steps (0.243325ms)
✔ AUDIO-002 A4: exampleMode first emits only the first example pair (0.383006ms)
✔ AUDIO-002 A5: exampleMode all emits every example pair in source order (0.200798ms)
✔ AUDIO-002 A6: include-English unchecked omits every English translation step (0.199029ms)
✔ AUDIO-002 A7: the Start-At dropdown selection begins the plan at that queue position (0.192594ms)
✔ AUDIO-002 A8: a row-play startIndex begins at that row and syncs the Start-At dropdown (0.209161ms)
✔ AUDIO-002 A9: out-of-range start values clamp to the last verb instead of producing an empty queue (0.496445ms)
✔ AUDIO-002 A10: planned queue items carry the stable verb identity, the planner language, and the text (0.321153ms)
✔ AUDIO-002 A11: verbs with missing text are skipped by the planner without substituting another language (0.315145ms)
✔ AUDIO-002 A12 (revised by AUDIO-002-C1): an empty planned sequence never starts the queue and restores the resting control state (0.240009ms)
✔ AUDIO-002 B1: playAll speaks each item once in order, highlights each item, and fires completion exactly once at drain (1.387346ms)
✔ AUDIO-002 B2: stop during the delayed-speak window prevents any utterance (0.209204ms)
✔ AUDIO-002 B3: pause preserves the cursor and queue; a stale onend cannot advance or complete the paused queue (0.481952ms)
✔ AUDIO-002 B4: resume after a pause during the speak delay re-speaks the current item exactly once (0.230256ms)
✔ AUDIO-002 B5: canceled and interrupted utterance errors do not advance; a genuine error advances (1.056823ms)
✔ AUDIO-002 B6: the watchdog advances a stuck utterance and is cleared by pause (0.421962ms)
✔ AUDIO-002 B7: the no-synthesis fallback advances items with highlight and completes at drain (0.266571ms)
✔ AUDIO-002 B8: pause and stop fully cancel the pending no-synthesis fallback timer (0.175978ms)
✔ AUDIO-002 B9: rapid restart speaks the replacement queue first item exactly once (0.196951ms)
✔ AUDIO-002 B10: stale callbacks from a replaced queue cannot advance or complete the replacement (0.336358ms)
✔ AUDIO-002 B11: playAll with an empty list stops and cleans the current queue without firing completion (0.152571ms)
✔ AUDIO-002-C1 U1: changing the deck cancels the running autoplay session before the new deck is presented (0.714318ms)
✔ AUDIO-002-C1 U2: switching the view away from the autoplay context cancels the session (0.30108ms)
✔ AUDIO-002-C1 U3: starting playback with an empty controller queue stops a previous session instead of leaving it alive (0.161856ms)
✔ AUDIO-002-C1 U4: a start attempt producing an empty planned sequence stops a previous session instead of leaving it alive (0.158686ms)
✔ AUDIO-002-C1 U5: a paused session is cancelled, not resumed, when the deck changes (0.196197ms)
✔ AUDIO-002-C1 U6: loadDeck cancels the real SpeechQueue so stale utterance callbacks can neither advance after navigation nor disturb the replacement (controller + real queue) (1.804962ms)
ℹ tests 155
ℹ suites 0
ℹ pass 155
ℹ fail 0
ℹ cancelled 0
ℹ skipped 0
ℹ todo 0
ℹ duration_ms 1032.666754
