
Running 18 tests using 1 worker


(node:25805) Warning: The 'NO_COLOR' env is ignored due to the 'FORCE_COLOR' env being set.
(Use `node --trace-warnings ...` to show where the warning was created)

[1/18] [Mobile Chrome] › tests/e2e/cefr-audio.spec.js:139:7 › AUDIO-003 CEFR Level Autoplay (deterministic speech mocks) › [AUDIO-003] A1 autoplay speaks the exact planned text and language sequence with visible progress

























[2/18] [Mobile Chrome] › tests/e2e/cefr-audio.spec.js:175:7 › AUDIO-003 CEFR Level Autoplay (deterministic speech mocks) › [AUDIO-003] B2 mixed cards speak separately tagged English and Arabic steps

























[3/18] [Mobile Chrome] › tests/e2e/cefr-audio.spec.js:203:7 › AUDIO-003 CEFR Level Autoplay (deterministic speech mocks) › [AUDIO-003] a B2 Arabic-only translation speaks Arabic and never an English voice
























[4/18] [Mobile Chrome] › tests/e2e/cefr-audio.spec.js:233:7 › AUDIO-003 CEFR Level Autoplay (deterministic speech mocks) › [AUDIO-003] an available Arabic voice is selected for Arabic steps

























[5/18] [Mobile Chrome] › tests/e2e/cefr-audio.spec.js:256:7 › AUDIO-003 CEFR Level Autoplay (deterministic speech mocks) › [AUDIO-003] repeat count orders every repetition of an item before the next item

























[6/18] [Mobile Chrome] › tests/e2e/cefr-audio.spec.js:269:7 › AUDIO-003 CEFR Level Autoplay (deterministic speech mocks) › [AUDIO-003] example modes none, first, and all change the spoken sequence

























[7/18] [Mobile Chrome] › tests/e2e/cefr-audio.spec.js:304:7 › AUDIO-003 CEFR Level Autoplay (deterministic speech mocks) › [AUDIO-003] include-translation on and off controls the translation steps

























[8/18] [Mobile Chrome] › tests/e2e/cefr-audio.spec.js:332:7 › AUDIO-003 CEFR Level Autoplay (deterministic speech mocks) › [AUDIO-003] start-at beginning, middle, and end select the exact starting card

























[9/18] [Mobile Chrome] › tests/e2e/cefr-audio.spec.js:373:7 › AUDIO-003 CEFR Level Autoplay (deterministic speech mocks) › [AUDIO-003] unit navigation cancels the old queue and the new unit speaks only its own words

























[10/18] [Mobile Chrome] › tests/e2e/cefr-audio.spec.js:410:7 › AUDIO-003 CEFR Level Autoplay (deterministic speech mocks) › [AUDIO-003] the active vocabulary filter scopes the queue and cancels on change

























[11/18] [Mobile Chrome] › tests/e2e/cefr-audio.spec.js:463:7 › AUDIO-003 CEFR Level Autoplay (deterministic speech mocks) › [AUDIO-003] pause and resume retain the current position without skipping or duplicating

























[12/18] [Mobile Chrome] › tests/e2e/cefr-audio.spec.js:498:7 › AUDIO-003 CEFR Level Autoplay (deterministic speech mocks) › [AUDIO-003] stop clears future speech, highlights, progress, and controls

























[13/18] [Mobile Chrome] › tests/e2e/cefr-audio.spec.js:527:7 › AUDIO-003 CEFR Level Autoplay (deterministic speech mocks) › [AUDIO-003] tab changes cancel or replace queue ownership between words and phrases


























[14/18] [Mobile Chrome] › tests/e2e/cefr-audio.spec.js:561:7 › AUDIO-003 CEFR Level Autoplay (deterministic speech mocks) › [AUDIO-003] navigating to another level starts a fresh context with no cross-level speech



























[15/18] [Mobile Chrome] › tests/e2e/cefr-audio.spec.js:587:7 › AUDIO-003 CEFR Level Autoplay (deterministic speech mocks) › [AUDIO-003] rapid queue replacement owns the speaker and stale callbacks cannot disturb it


























[16/18] [Mobile Chrome] › tests/e2e/cefr-audio.spec.js:628:7 › AUDIO-003 CEFR Level Autoplay (deterministic speech mocks) › [AUDIO-003] a genuine speech error advances the queue





















[17/18] [Mobile Chrome] › tests/e2e/cefr-audio.spec.js:647:7 › AUDIO-003 CEFR Level Autoplay (deterministic speech mocks) › [AUDIO-003] the first example and translation remain visible on the flashcard

























[18/18] [Mobile Chrome] › tests/e2e/cefr-audio.spec.js:690:7 › AUDIO-003 no-synthesis fallback (truthful behavior without speechSynthesis) › [AUDIO-003] autoplay advances and completes truthfully without speechSynthesis

























  18 passed (42.3s)
