
Running 183 tests using 1 worker


(node:689) Warning: The 'NO_COLOR' env is ignored due to the 'FORCE_COLOR' env being set.
(Use `node --trace-warnings ...` to show where the warning was created)

[1/183] [chromium] › tests/e2e/activity-streak.spec.js:76:7 › Learning Activity / Streak Tracker E2E Suite › marking a brand-new flashcard as Known records activity for today

























[chromium] › tests/e2e/activity-streak.spec.js:76:7 › Learning Activity / Streak Tracker E2E Suite › marking a brand-new flashcard as Known records activity for today
[Browser Console log] 🎙️ Selected German Voice: Mock Voice

[Browser Console log] ✅ [A1] Config loaded: 📚 A1 German

[Browser Console log] ✅ Firebase initialized for appId: german-a1-app

[Browser Console log] 🚀 DOM loaded / App booting.

[Browser Console log] 📱 Using offline mode

[Browser Console log] [WP-010] Migration complete. Version set to 1.

[Browser Console log] ✅ Engines initialized with 30 words in Unit 1

























[2/183] [chromium] › tests/e2e/activity-streak.spec.js:117:7 › Learning Activity / Streak Tracker E2E Suite › re-marking an already-known card does not double-count activity
























[chromium] › tests/e2e/activity-streak.spec.js:117:7 › Learning Activity / Streak Tracker E2E Suite › re-marking an already-known card does not double-count activity
[Browser Console log] 🎙️ Selected German Voice: Mock Voice


[Browser Console log] ✅ [A1] Config loaded: 📚 A1 German

[Browser Console log] ✅ Firebase initialized for appId: german-a1-app

[Browser Console log] 🚀 DOM loaded / App booting.

[Browser Console log] 📱 Using offline mode

[Browser Console log] [WP-010] Migration complete. Version set to 1.

[Browser Console log] ✅ Engines initialized with 30 words in Unit 1

[3/183] [chromium] › tests/e2e/activity-streak.spec.js:145:7 › Learning Activity / Streak Tracker E2E Suite › listening to 15+ words via TTS counts as a learning day without flashcards
























[chromium] › tests/e2e/activity-streak.spec.js:145:7 › Learning Activity / Streak Tracker E2E Suite › listening to 15+ words via TTS counts as a learning day without flashcards
[Browser Console log] 🎙️ Selected German Voice: Mock Voice


[Browser Console log] ✅ [A1] Config loaded: 📚 A1 German

[Browser Console log] ✅ Firebase initialized for appId: german-a1-app

[Browser Console log] 🚀 DOM loaded / App booting.

[Browser Console log] 📱 Using offline mode

[Browser Console log] [WP-010] Migration complete. Version set to 1.

[Browser Console log] ✅ Engines initialized with 30 words in Unit 1

























[4/183] [chromium] › tests/e2e/activity-streak.spec.js:187:7 › Learning Activity / Streak Tracker E2E Suite › streak is preserved when today has no activity but yesterday does























[chromium] › tests/e2e/activity-streak.spec.js:187:7 › Learning Activity / Streak Tracker E2E Suite › streak is preserved when today has no activity but yesterday does
[Browser Console log] 🎙️ Selected German Voice: Mock Voice


[Browser Console log] ✅ [A1] Config loaded: 📚 A1 German

[Browser Console log] ✅ Firebase initialized for appId: german-a1-app

[Browser Console log] 🚀 DOM loaded / App booting.















[Browser Console log] 📱 Using offline mode

[Browser Console log] [WP-010] Migration complete. Version set to 1.




[Browser Console log] ✅ Engines initialized with 30 words in Unit 1








[5/183] [chromium] › tests/e2e/cefr-audio.spec.js:139:7 › AUDIO-003 CEFR Level Autoplay (deterministic speech mocks) › [AUDIO-003] A1 autoplay speaks the exact planned text and language sequence with visible progress

























[6/183] [chromium] › tests/e2e/cefr-audio.spec.js:175:7 › AUDIO-003 CEFR Level Autoplay (deterministic speech mocks) › [AUDIO-003] B2 mixed cards speak separately tagged English and Arabic steps
























[7/183] [chromium] › tests/e2e/cefr-audio.spec.js:203:7 › AUDIO-003 CEFR Level Autoplay (deterministic speech mocks) › [AUDIO-003] a B2 Arabic-only translation speaks Arabic and never an English voice

























[8/183] [chromium] › tests/e2e/cefr-audio.spec.js:233:7 › AUDIO-003 CEFR Level Autoplay (deterministic speech mocks) › [AUDIO-003] an available Arabic voice is selected for Arabic steps

























[9/183] [chromium] › tests/e2e/cefr-audio.spec.js:256:7 › AUDIO-003 CEFR Level Autoplay (deterministic speech mocks) › [AUDIO-003] repeat count orders every repetition of an item before the next item

























[10/183] [chromium] › tests/e2e/cefr-audio.spec.js:269:7 › AUDIO-003 CEFR Level Autoplay (deterministic speech mocks) › [AUDIO-003] example modes none, first, and all change the spoken sequence
























[11/183] [chromium] › tests/e2e/cefr-audio.spec.js:304:7 › AUDIO-003 CEFR Level Autoplay (deterministic speech mocks) › [AUDIO-003] include-translation on and off controls the translation steps
























[12/183] [chromium] › tests/e2e/cefr-audio.spec.js:332:7 › AUDIO-003 CEFR Level Autoplay (deterministic speech mocks) › [AUDIO-003] start-at beginning, middle, and end select the exact starting card
























[13/183] [chromium] › tests/e2e/cefr-audio.spec.js:373:7 › AUDIO-003 CEFR Level Autoplay (deterministic speech mocks) › [AUDIO-003] unit navigation cancels the old queue and the new unit speaks only its own words























[14/183] [chromium] › tests/e2e/cefr-audio.spec.js:410:7 › AUDIO-003 CEFR Level Autoplay (deterministic speech mocks) › [AUDIO-003] the active vocabulary filter scopes the queue and cancels on change

























[15/183] [chromium] › tests/e2e/cefr-audio.spec.js:463:7 › AUDIO-003 CEFR Level Autoplay (deterministic speech mocks) › [AUDIO-003] pause and resume retain the current position without skipping or duplicating
























[16/183] [chromium] › tests/e2e/cefr-audio.spec.js:498:7 › AUDIO-003 CEFR Level Autoplay (deterministic speech mocks) › [AUDIO-003] stop clears future speech, highlights, progress, and controls
























[17/183] [chromium] › tests/e2e/cefr-audio.spec.js:527:7 › AUDIO-003 CEFR Level Autoplay (deterministic speech mocks) › [AUDIO-003] tab changes cancel or replace queue ownership between words and phrases



























[18/183] [chromium] › tests/e2e/cefr-audio.spec.js:561:7 › AUDIO-003 CEFR Level Autoplay (deterministic speech mocks) › [AUDIO-003] navigating to another level starts a fresh context with no cross-level speech

























[19/183] [chromium] › tests/e2e/cefr-audio.spec.js:587:7 › AUDIO-003 CEFR Level Autoplay (deterministic speech mocks) › [AUDIO-003] rapid queue replacement owns the speaker and stale callbacks cannot disturb it


























[20/183] [chromium] › tests/e2e/cefr-audio.spec.js:616:7 › AUDIO-003 CEFR Level Autoplay (deterministic speech mocks) › [AUDIO-003] a genuine speech error advances the queue

























[21/183] [chromium] › tests/e2e/cefr-audio.spec.js:635:7 › AUDIO-003 CEFR Level Autoplay (deterministic speech mocks) › [AUDIO-003] the first example and translation remain visible on the flashcard

























[22/183] [chromium] › tests/e2e/cefr-audio.spec.js:678:7 › AUDIO-003 no-synthesis fallback (truthful behavior without speechSynthesis) › [AUDIO-003] autoplay advances and completes truthfully without speechSynthesis

























[23/183] [chromium] › tests/e2e/cefr-card-reference.spec.js:548:9 › SHARED-CARD-001 ordinary card reference — synthetic edge-case deck › CHAR-01: ordinary card shell, front/back faces and below-card controls















[24/183] [chromium] › tests/e2e/cefr-card-reference.spec.js:582:9 › SHARED-CARD-001 ordinary card reference — synthetic edge-case deck › CHAR-02: pointer click flips front to back and back to front
















[25/183] [chromium] › tests/e2e/cefr-card-reference.spec.js:605:9 › SHARED-CARD-001 ordinary card reference — synthetic edge-case deck › CHAR-03 (TARGET, SC-02 resolved): back shows ONLY the first example with its translation always visible















[26/183] [chromium] › tests/e2e/cefr-card-reference.spec.js:630:9 › SHARED-CARD-001 ordinary card reference — synthetic edge-case deck › CHAR-04: single-example verb shows exactly that example and translation
















[27/183] [chromium] › tests/e2e/cefr-card-reference.spec.js:647:9 › SHARED-CARD-001 ordinary card reference — synthetic edge-case deck › CHAR-05: zero-example verb renders no example box, chip, or stale content (safe no-example state)
















[28/183] [chromium] › tests/e2e/cefr-card-reference.spec.js:669:9 › SHARED-CARD-001 ordinary card reference — synthetic edge-case deck › CHAR-06: German-only example verb shows the example but no EN chip
















[29/183] [chromium] › tests/e2e/cefr-card-reference.spec.js:686:9 › SHARED-CARD-001 ordinary card reference — synthetic edge-case deck › CHAR-07 (TARGET, SC-02 resolved): example-direction backs show the first example with its always-visible translation
















[30/183] [chromium] › tests/e2e/cefr-card-reference.spec.js:712:9 › SHARED-CARD-001 ordinary card reference — synthetic edge-case deck › CHAR-08: zero-example verb in example direction renders no example box and no stale content
















[31/183] [chromium] › tests/e2e/cefr-card-reference.spec.js:732:9 › SHARED-CARD-001 ordinary card reference — synthetic edge-case deck › CHAR-09 (TARGET, SC-01 resolved): en-to-de front carries no German answer in the DOM, metadata, or audio
















[32/183] [chromium] › tests/e2e/cefr-card-reference.spec.js:769:9 › SHARED-CARD-001 ordinary card reference — synthetic edge-case deck › CHAR-09b (TARGET, AC-06): after reveal the en-to-de back shows the German answer and the first example
















[33/183] [chromium] › tests/e2e/cefr-card-reference.spec.js:787:9 › SHARED-CARD-001 ordinary card reference — synthetic edge-case deck › CHAR-10: front favorite toggles the star, persists, and does not flip, grade, or advance
















[34/183] [chromium] › tests/e2e/cefr-card-reference.spec.js:815:9 › SHARED-CARD-001 ordinary card reference — synthetic edge-case deck › CHAR-11: back favorite keeps the card revealed and changes only the favorite















[35/183] [chromium] › tests/e2e/cefr-card-reference.spec.js:835:9 › SHARED-CARD-001 ordinary card reference — synthetic edge-case deck › CHAR-12 (TARGET, AC-08): revealed-back controls never flip, grade, or advance the card
















[36/183] [chromium] › tests/e2e/cefr-card-reference.spec.js:875:9 › SHARED-CARD-001 ordinary card reference — synthetic edge-case deck › CHAR-13: grade controls are the only card actions that grade and advance (by design)
















[37/183] [chromium] › tests/e2e/cefr-card-reference.spec.js:898:9 › SHARED-CARD-001 ordinary card reference — synthetic edge-case deck › CHAR-14 (TARGET, SC-06 resolved): full keyboard traversal reaches every card control INCLUDING the flip surface
















[38/183] [chromium] › tests/e2e/cefr-card-reference.spec.js:927:9 › SHARED-CARD-001 ordinary card reference — synthetic edge-case deck › CHAR-14a (finding SC-06, Enter): with keyboard focus on a card control, Enter runs only that control — zero reveal transitions
















[39/183] [chromium] › tests/e2e/cefr-card-reference.spec.js:972:9 › SHARED-CARD-001 ordinary card reference — synthetic edge-case deck › CHAR-14b (finding SC-06, Space): with keyboard focus on a card control, Space runs only that control — zero reveal transitions
















[40/183] [chromium] › tests/e2e/cefr-card-reference.spec.js:1009:9 › SHARED-CARD-001 ordinary card reference — synthetic edge-case deck › CHAR-15 (TARGET, SC-03 resolved): primary card touch targets are at least 44x44 CSS pixels
















[41/183] [chromium] › tests/e2e/cefr-card-reference.spec.js:1034:9 › SHARED-CARD-001 ordinary card reference — synthetic edge-case deck › CHAR-16 (TARGET, SC-04 resolved): keyboard-focused card controls match :focus-visible and paint a visible indicator
















[42/183] [chromium] › tests/e2e/cefr-card-reference.spec.js:1090:9 › SHARED-CARD-001 ordinary card reference — synthetic edge-case deck › CHAR-17 (TARGET, SC-05 resolved): reduced-motion preference disables the flip transition















[43/183] [chromium] › tests/e2e/cefr-card-reference.spec.js:1130:9 › SHARED-CARD-001 ordinary card reference — synthetic edge-case deck › CHAR-18 (TARGET, AC-09): no horizontal overflow at the current viewport with a content-heavy back
















[44/183] [chromium] › tests/e2e/cefr-card-reference.spec.js:1160:9 › SHARED-CARD-001 ordinary card reference — synthetic edge-case deck › CHAR-19 (TARGET): real modules boot with a clean console and a live engine export
















[45/183] [chromium] › tests/e2e/cefr-card-reference.spec.js:1180:9 › SHARED-CARD-001 ordinary card reference — real published dataset › CHAR-20: real deck 1 renders the reference shell and the first example with its translation on the back

















[46/183] [chromium] › tests/e2e/cefr-card-reference.spec.js:1201:9 › SHARED-CARD-001 guided card reference — synthetic deck › CHAR-21 (TARGET, SC-07 resolved): guided intro uses the shared card shell with adapter-owned controls
















[47/183] [chromium] › tests/e2e/cefr-card-reference.spec.js:1227:9 › SHARED-CARD-001 guided card reference — synthetic deck › CHAR-22 (TARGET, SC-07 resolved): guided recall uses the shared shell with tap-to-flip reveal
















[48/183] [chromium] › tests/e2e/cefr-card-reference.spec.js:1260:9 › SHARED-CARD-001 guided card reference — synthetic deck › CHAR-23 (TARGET, GC-UI-005 analog): German-front recall keeps the English answer out of the DOM until reveal
















[49/183] [chromium] › tests/e2e/cefr-card-reference.spec.js:1289:9 › SHARED-CARD-001 guided card reference — synthetic deck › CHAR-24 (TARGET, AC-06): production front leaks no German answer anywhere in the guided subtree
















[50/183] [chromium] › tests/e2e/cefr-card-reference.spec.js:1364:9 › SHARED-CARD-001 guided card reference — synthetic deck › CHAR-25 (TARGET, AC-08 analog): guided Listen speaks the served verb without grading or advancing
















[51/183] [chromium] › tests/e2e/cefr-card-reference.spec.js:1389:9 › SHARED-CARD-001 guided card reference — synthetic deck › CHAR-26a (TARGET, GC-UI-009): guided Enter — keyboard-navigated Reveal Answer reveals exactly once; duplicate Enter neither grades nor advances
















[52/183] [chromium] › tests/e2e/cefr-card-reference.spec.js:1426:9 › SHARED-CARD-001 guided card reference — synthetic deck › CHAR-26b (TARGET, GC-UI-009): guided Space — keyboard-navigated Reveal Answer reveals exactly once; duplicate Space neither grades nor advances
















[53/183] [chromium] › tests/e2e/cefr-card-reference.spec.js:1457:9 › SHARED-CARD-001 guided card reference — synthetic deck › CHAR-27: guided intro example boundaries — every fixture verb is introduced with correct example presence
















[54/183] [chromium] › tests/e2e/cefr-card-reference.spec.js:1490:9 › SHARED-CARD-001 guided card reference — synthetic deck › CHAR-28 (TARGET, AC-09): guided view has no horizontal overflow at the current viewport
















[55/183] [chromium] › tests/e2e/cefr-card-reference.spec.js:1524:9 › SHARED-CARD-001/002 reference vs approved LF/GC targets — findings resolved by the shared card › SC-01 TARGET (DOM secrecy): the pre-reveal en-to-de card subtree carries no German answer text or metadata anywhere














[56/183] [chromium] › tests/e2e/cefr-card-reference.spec.js:1544:9 › SHARED-CARD-001/002 reference vs approved LF/GC targets — findings resolved by the shared card › SC-01 TARGET (audio secrecy): pre-reveal German-answer audio is unavailable in en-to-de mode















[57/183] [chromium] › tests/e2e/cefr-card-reference.spec.js:1574:9 › SHARED-CARD-001/002 reference vs approved LF/GC targets — findings resolved by the shared card › SC-02 TARGET: revealed back shows only the first example with its translation always visible
















[58/183] [chromium] › tests/e2e/cefr-card-reference.spec.js:1589:9 › SHARED-CARD-001/002 reference vs approved LF/GC targets — findings resolved by the shared card › SC-03 TARGET: primary card touch targets are at least 44x44 CSS pixels
















[59/183] [chromium] › tests/e2e/cefr-card-reference.spec.js:1607:9 › SHARED-CARD-001/002 reference vs approved LF/GC targets — findings resolved by the shared card › SC-04 TARGET: keyboard-focused card controls paint a visible focus indicator















[60/183] [chromium] › tests/e2e/cefr-card-reference.spec.js:1642:9 › SHARED-CARD-001/002 reference vs approved LF/GC targets — findings resolved by the shared card › SC-05 TARGET: reduced-motion preference disables the flip animation
















[61/183] [chromium] › tests/e2e/cefr-card-reference.spec.js:1656:9 › SHARED-CARD-001/002 reference vs approved LF/GC targets — findings resolved by the shared card › SC-06 TARGET (Enter): the card is keyboard-reachable and Enter reveals it exactly once
















[62/183] [chromium] › tests/e2e/cefr-card-reference.spec.js:1695:9 › SHARED-CARD-001/002 reference vs approved LF/GC targets — findings resolved by the shared card › SC-06 TARGET (Space): the card is keyboard-reachable and Space reveals it exactly once















[63/183] [chromium] › tests/e2e/cefr-card-reference.spec.js:1730:9 › SHARED-CARD-001/002 reference vs approved LF/GC targets — findings resolved by the shared card › SC-07 TARGET: guided card uses the ordinary card shell with tap-to-flip reveal (GC-UI-001/002)
















[64/183] [chromium] › tests/e2e/cefr-card-reference.spec.js:1750:9 › SHARED-CARD-002 shared presentation — shell sharing and card-level keyboard activation › SC2-SHELL: ordinary and Guided modes render the SAME core card shell (GC-TEST-009)
































[65/183] [chromium] › tests/e2e/cefr-card-reference.spec.js:1802:9 › SHARED-CARD-002 shared presentation — shell sharing and card-level keyboard activation › SC2-KEY-ENTER: guided card is keyboard-reachable; Enter reveals exactly once; duplicate Enter never grades or advances
















[66/183] [chromium] › tests/e2e/cefr-card-reference.spec.js:1836:9 › SHARED-CARD-002 shared presentation — shell sharing and card-level keyboard activation › SC2-KEY-SPACE: guided card Space reveals exactly once; duplicate Space never grades or advances
















[67/183] [chromium] › tests/e2e/cefr-card-reference.spec.js:1896:9 › SHARED-CARD-002-C1 corrections — owner-review findings › C1-A11Y-001 (SC2-C1-A11Y-001): icon-only Speak and Favorite affordances expose stable descriptive accessible names















[68/183] [chromium] › tests/e2e/cefr-card-reference.spec.js:1924:9 › SHARED-CARD-002-C1 corrections — owner-review findings › C1-A11Y-002 (SC2-C1-A11Y-002, ordinary): the inactive face is inert — unreachable by Tab, absent from the accessibility tree, restored on flip-back
















[69/183] [chromium] › tests/e2e/cefr-card-reference.spec.js:1987:9 › SHARED-CARD-002-C1 corrections — owner-review findings › C1-A11Y-002 (SC2-C1-A11Y-002, guided): the revealed guided back exposes its controls while the hidden front stays inert
















[70/183] [chromium] › tests/e2e/cefr-card-reference.spec.js:2005:9 › SHARED-CARD-002-C1 corrections — owner-review findings › C1-A11Y-003 (SC2-C1-A11Y-003): guided card semantics stay truthful — keyboard-reachable reveal, then no stale actionable reveal affordance
















[71/183] [chromium] › tests/e2e/cefr-card-reference.spec.js:2051:9 › SHARED-CARD-002-C1 corrections — owner-review findings › C1-DESIGN-001 (SC2-C1-DESIGN-001): example translations render through the language-neutral line with direction metadata
















[72/183] [chromium] › tests/e2e/cefr-cards.spec.js:461:9 › SHARED-CARD-003 A1 ordinary card — real dataset › SC3-A1-SHELL: words flashcards render through the shared card shell with level-owned controls and no verbs deck























[73/183] [chromium] › tests/e2e/cefr-cards.spec.js:508:9 › SHARED-CARD-003 A1 ordinary card — real dataset › SC3-A1-EXAMPLE: revealed back shows the real first German example with its real translation (AC-05)























[74/183] [chromium] › tests/e2e/cefr-cards.spec.js:534:9 › SHARED-CARD-003 A1 ordinary card — real dataset › SC3-A1-FACES: German-front and translation-front behavior with safe language metadata























[75/183] [chromium] › tests/e2e/cefr-cards.spec.js:565:9 › SHARED-CARD-003 A1 ordinary card — real dataset › SC3-A1-SECRECY-DOM: translation-front card subtree carries no German answer, example, or audio metadata before reveal (AC-06)






















[76/183] [chromium] › tests/e2e/cefr-cards.spec.js:586:9 › SHARED-CARD-003 A1 ordinary card — real dataset › SC3-A1-SECRECY-AUDIO: front speak never speaks the hidden German answer before reveal























[77/183] [chromium] › tests/e2e/cefr-cards.spec.js:613:9 › SHARED-CARD-003 A1 ordinary card — real dataset › SC3-A1-FAV: favorite affordance — descriptive name, truthful aria-pressed, immediate and refreshed persistence, no flip or grade













































[78/183] [chromium] › tests/e2e/cefr-cards.spec.js:648:9 › SHARED-CARD-003 A1 ordinary card — real dataset › SC3-A1-SRS-WRITE: Known and Still Learning write the exact original unit IDs with no wrong-unit writes (AC-17 analog)























[79/183] [chromium] › tests/e2e/cefr-cards.spec.js:683:9 › SHARED-CARD-003 A1 ordinary card — real dataset › SC3-A1-NAV: filters, shuffle toggle, previous/next navigation and the card counter






















[80/183] [chromium] › tests/e2e/cefr-cards.spec.js:718:9 › SHARED-CARD-003 A1 ordinary card — real dataset › SC3-A1-SESSION: session completion shows the finished state, records the session, and restart works























[81/183] [chromium] › tests/e2e/cefr-cards.spec.js:759:9 › SHARED-CARD-003 A1 ordinary card — synthetic edge cases › SC3-A1-SYNTH-NOEX: no-example card renders no example box and no stale content from the previous card





















[82/183] [chromium] › tests/e2e/cefr-cards.spec.js:784:9 › SHARED-CARD-003 A1 ordinary card — synthetic edge cases › SC3-A1-SYNTH-MULTI: multiple-example card shows exactly the first example






















[83/183] [chromium] › tests/e2e/cefr-cards.spec.js:799:9 › SHARED-CARD-003 A1 ordinary card — synthetic edge cases › SC3-A1-SYNTH-EX-WO-TR: example without a translation shows the sentence only, never an empty line






















[84/183] [chromium] › tests/e2e/cefr-cards.spec.js:820:9 › SHARED-CARD-003 B2 ordinary card — real dataset › SC3-B2-MIXED: unit-1 card back shows the German answer, the first real example and its actual mixed translation (AC-05)























[85/183] [chromium] › tests/e2e/cefr-cards.spec.js:853:9 › SHARED-CARD-003 B2 ordinary card — real dataset › SC3-B2-EN-ONLY: real English-only translation card carries ltr + lang=en and never a false Arabic label























[86/183] [chromium] › tests/e2e/cefr-cards.spec.js:886:9 › SHARED-CARD-003 B2 ordinary card — real dataset › SC3-B2-NOEX: real no-example card (unit 69) renders the answer with no example block























[87/183] [chromium] › tests/e2e/cefr-cards.spec.js:901:9 › SHARED-CARD-003 B2 ordinary card — real dataset › SC3-B2-EX-NO-TR: real sentence example without a translation shows the sentence only






















[88/183] [chromium] › tests/e2e/cefr-cards.spec.js:922:9 › SHARED-CARD-003 B2 ordinary card — real dataset › SC3-B2-SECRECY: translation-front B2 card hides the German answer and example before reveal (AC-06)























[89/183] [chromium] › tests/e2e/cefr-cards.spec.js:951:9 › SHARED-CARD-003 B2 ordinary card — real dataset › SC3-B2-ID-PERSISTENCE: grading writes the exact B2 unit ID under the B2 storage key only























[90/183] [chromium] › tests/e2e/cefr-cards.spec.js:975:9 › SHARED-CARD-003 B2 ordinary card — real dataset › SC3-B2-UNIT-SWITCH: B2 unit switching updates the card scope and titles























[91/183] [chromium] › tests/e2e/cefr-cards.spec.js:990:9 › SHARED-CARD-003 B2 ordinary card — real dataset › SC3-B2-A11Y-TOOLBAR: B2 toolbar controls are keyboard-focusable with a visible indicator and 44x44 targets (AC-09)























[92/183] [chromium] › tests/e2e/cefr-cards.spec.js:1047:9 › SHARED-CARD-003 B2 ordinary card — synthetic language edges › SC3-B2-SYNTH-AR: Arabic-only translation renders rtl + lang=ar and is never labeled English





















[93/183] [chromium] › tests/e2e/cefr-cards.spec.js:1078:9 › SHARED-CARD-003 B2 ordinary card — synthetic language edges › SC3-B2-SYNTH-MIXED: mixed translation and multiple examples — dir=auto, no lang, first example only






















[94/183] [chromium] › tests/e2e/cefr-cards.spec.js:1103:9 › SHARED-CARD-003 B2 ordinary card — synthetic language edges › SC3-B2-SYNTH-NOEX-EN: English-only no-example card renders safely





















[95/183] [chromium] › tests/e2e/cefr-cards.spec.js:1117:9 › SHARED-CARD-003 B2 ordinary card — synthetic language edges › SC3-B2-SYNTH-MISSING-TR: missing translation renders a truthful placeholder and never a false language






















[96/183] [chromium] › tests/e2e/cefr-cards.spec.js:1149:9 › SHARED-CARD-003 B2 ordinary card — synthetic language edges › SC3-B2-SYNTH-VOICE: Arabic and mixed display text are never spoken through any voice






















[97/183] [chromium] › tests/e2e/cefr-cards.spec.js:1197:9 › SHARED-CARD-003 interaction and accessibility (A1) › SC3-INT-POINTER: pointer click flips front to back and back to front (AC-07)






















[98/183] [chromium] › tests/e2e/cefr-cards.spec.js:1211:9 › SHARED-CARD-003 interaction and accessibility (A1) › SC3-INT-ENTER: the card is keyboard-reachable and Enter flips it exactly once























[99/183] [chromium] › tests/e2e/cefr-cards.spec.js:1232:9 › SHARED-CARD-003 interaction and accessibility (A1) › SC3-INT-SPACE: Space flips the card exactly once and never scrolls the page























[100/183] [chromium] › tests/e2e/cefr-cards.spec.js:1246:9 › SHARED-CARD-003 interaction and accessibility (A1) › SC3-INT-CONTROLS: Enter on a focused card control runs only that control — zero flip transitions























[101/183] [chromium] › tests/e2e/cefr-cards.spec.js:1266:9 › SHARED-CARD-003 interaction and accessibility (A1) › SC3-INT-GRADE-DOUBLE: keyboard Enter on Known grades exactly once — no duplicate write or double advance























[102/183] [chromium] › tests/e2e/cefr-cards.spec.js:1288:9 › SHARED-CARD-003 interaction and accessibility (A1) › SC3-INT-BACK-CONTROLS: revealed-back controls never flip, grade, or advance the card (AC-08)





















[103/183] [chromium] › tests/e2e/cefr-cards.spec.js:1326:9 › SHARED-CARD-003 interaction and accessibility (A1) › SC3-A11Y-INERT: only the displayed face is focusable and exposed — inert faces, AX-tree exclusion, flip-back restore (AC-09/SC2-C1 analog)























[104/183] [chromium] › tests/e2e/cefr-cards.spec.js:1384:9 › SHARED-CARD-003 interaction and accessibility (A1) › SC3-A11Y-NAMES: icon-only card controls expose descriptive accessible names and truthful aria-pressed























[105/183] [chromium] › tests/e2e/cefr-cards.spec.js:1409:9 › SHARED-CARD-003 interaction and accessibility (A1) › SC3-A11Y-FOCUS: keyboard-focused card and toolbar controls match :focus-visible and paint a visible indicator (AC-09)






















[106/183] [chromium] › tests/e2e/cefr-cards.spec.js:1449:9 › SHARED-CARD-003 interaction and accessibility (A1) › SC3-A11Y-TARGETS: card and toolbar touch targets are at least 44x44 CSS pixels (AC-09)




















[107/183] [chromium] › tests/e2e/cefr-cards.spec.js:1481:9 › SHARED-CARD-003 interaction and accessibility (A1) › SC3-A11Y-REDUCED-MOTION: reduced-motion preference disables the flip transition but not the flip






















[108/183] [chromium] › tests/e2e/cefr-cards.spec.js:1518:9 › SHARED-CARD-003 interaction and accessibility (A1) › SC3-THEME: light and dark themes both render the card and keep the flip behavior























[109/183] [chromium] › tests/e2e/cefr-cards.spec.js:1540:9 › SHARED-CARD-003 interaction and accessibility (A1) › SC3-OVERFLOW: no horizontal overflow on the front or the revealed mixed-content back (AC-09)























[110/183] [chromium] › tests/e2e/cefr-cards.spec.js:1563:9 › SHARED-CARD-003 interaction and accessibility (A1) › SC3-CONSOLE: both level pages boot the shared card with a clean console













































[111/183] [chromium] › tests/e2e/cefr-cards.spec.js:1583:9 › SHARED-CARD-003 regression — phrases, conversation, source boundary › SC3-REG-PHRASES-TAB: the Phrases tab still renders phrase cards (LF-NAV / AC-10)
























[112/183] [chromium] › tests/e2e/cefr-cards.spec.js:1593:9 › SHARED-CARD-003 regression — phrases, conversation, source boundary › SC3-REG-PHRASE-FLASHCARDS: phrase flashcards keep the legacy card behavior, grading and phrase counters
























[113/183] [chromium] › tests/e2e/cefr-cards.spec.js:1623:9 › SHARED-CARD-003 regression — phrases, conversation, source boundary › SC3-REG-CONVERSATION: the Conversation tab still renders scenes























[114/183] [chromium] › tests/e2e/cefr-cards.spec.js:1631:9 › SHARED-CARD-003 regression — phrases, conversation, source boundary › SC3-REG-B2-MISSING: B2 phrases and conversation tabs show their configured empty states


























[115/183] [chromium] › tests/e2e/cefr-cards.spec.js:1641:9 › SHARED-CARD-003 regression — phrases, conversation, source boundary › SC3-REG-SOURCE-BOUNDARY: a unit switch from phrase flashcards re-routes word grades to word storage (AC-17/AC-10)
























[116/183] [chromium] › tests/e2e/cefr-cards.spec.js:1668:9 › SHARED-CARD-003 regression — phrases, conversation, source boundary › SC3-REG-MODE-SWAP: words and phrases flashcard modes swap their card DOM with no duplicate ids










[117/183] [chromium] › tests/e2e/cefr-cards.spec.js:1707:9 › SHARED-CARD-003 regression — phrases, conversation, source boundary › SC3-REG-A1-UNIT-SWITCH: A1 unit switching updates the card scope and grades the exact unit-2 ID























[118/183] [chromium] › tests/e2e/favorites-filters.spec.js:15:3 › Favorites and Filters State › Toggling filters should not remove favorites
























[119/183] [chromium] › tests/e2e/phrases-conversations.spec.js:86:7 › Phrases and Conversations E2E Suite › Load App, default tabs, and existing words behavior

























[120/183] [chromium] › tests/e2e/phrases-conversations.spec.js:109:7 › Phrases and Conversations E2E Suite › Phrases Tab Rendering and Flashcards


























[121/183] [chromium] › tests/e2e/phrases-conversations.spec.js:146:7 › Phrases and Conversations E2E Suite › SpeechQueue Play All, Stop, and Navigation Cleanup


























[122/183] [chromium] › tests/e2e/phrases-conversations.spec.js:199:7 › Phrases and Conversations E2E Suite › Conversation clean text and Missing Content Graceful State


























[123/183] [chromium] › tests/e2e/phrases-conversations.spec.js:234:7 › Phrases and Conversations E2E Suite › Phrases Hide and Guess Practice Controls

























[124/183] [chromium] › tests/e2e/phrases-conversations.spec.js:326:7 › Phrases and Conversations E2E Suite › Mobile viewport layout verification
[125/183] [chromium] › tests/e2e/phrases-conversations.spec.js:339:7 › Phrases and Conversations E2E Suite › Dashboard and Phrases tab progress stats model
















































[126/183] [chromium] › tests/e2e/phrases-conversations.spec.js:407:7 › Phrases and Conversations E2E Suite › Mobile sidebar navigation works with real UI clicks
[127/183] [chromium] › tests/e2e/phrases-conversations.spec.js:479:7 › Phrases and Conversations E2E Suite › SpeechQueue advances through multiple items correctly


























[128/183] [chromium] › tests/e2e/phrases-conversations.spec.js:513:7 › Phrases and Conversations E2E Suite › SpeechQueue stop during 250ms delay cancels correctly


























[129/183] [chromium] › tests/e2e/phrases-conversations.spec.js:545:7 › Phrases and Conversations E2E Suite › SpeechQueue rapid stop-and-restart works correctly


























[130/183] [chromium] › tests/e2e/phrases-conversations.spec.js:582:7 › Phrases and Conversations E2E Suite › SpeechQueue completes all items and fires onFinished


























[131/183] [chromium] › tests/e2e/srs.spec.js:70:7 › Spaced Repetition System (SRS) E2E Suite › SRS Level Progression and Time Machine Verification
























[chromium] › tests/e2e/srs.spec.js:70:7 › Spaced Repetition System (SRS) E2E Suite › SRS Level Progression and Time Machine Verification
[Browser Console log] 🎙️ Selected German Voice: Mock Voice


[Browser Console log] ✅ [A1] Config loaded: 📚 A1 German

[Browser Console log] ✅ Firebase initialized for appId: german-a1-app

[Browser Console log] 🚀 DOM loaded / App booting.

[Browser Console log] 📱 Using offline mode

[Browser Console log] [WP-010] Migration complete. Version set to 1.

[Browser Console log] ✅ Engines initialized with 30 words in Unit 1


[Browser Console log] 🎙️ Selected German Voice: Mock Voice

[Browser Console log] ✅ [A1] Config loaded: 📚 A1 German

[Browser Console log] ✅ Firebase initialized for appId: german-a1-app

[Browser Console log] 🚀 DOM loaded / App booting.

[Browser Console log] 📱 Using offline mode

[Browser Console log] ✅ Engines initialized with 30 words in Unit 1


[Browser Console log] 🎙️ Selected German Voice: Mock Voice

[Browser Console log] ✅ [A1] Config loaded: 📚 A1 German

[Browser Console log] ✅ Firebase initialized for appId: german-a1-app

[Browser Console log] 🚀 DOM loaded / App booting.

[Browser Console log] 📱 Using offline mode

[Browser Console log] ✅ Engines initialized with 30 words in Unit 1

[132/183] [chromium] › tests/e2e/verb-guided-challenge.spec.js:137:9 › Guided Challenge E2E Suite › starts guided challenge and shows the acquisition phase with intro cards

















[133/183] [chromium] › tests/e2e/verb-guided-challenge.spec.js:146:9 › Guided Challenge E2E Suite › keeps the hidden acquisition pool at eight or fewer verbs


















[134/183] [chromium] › tests/e2e/verb-guided-challenge.spec.js:186:9 › Guided Challenge E2E Suite › forgot during acquisition never repeats immediately
















[135/183] [chromium] › tests/e2e/verb-guided-challenge.spec.js:212:9 › Guided Challenge E2E Suite › recognition phase prompts German → English and ends with the First Win


















[136/183] [chromium] › tests/e2e/verb-guided-challenge.spec.js:266:9 › Guided Challenge E2E Suite › production phase prompts English → German and ends with the Second Win


















[137/183] [chromium] › tests/e2e/verb-guided-challenge.spec.js:315:9 › Guided Challenge E2E Suite › restart challenge explicitly resets the session


















[138/183] [chromium] › tests/e2e/verb-guided-challenge.spec.js:331:9 › Guided Challenge E2E Suite › resumes the session after a refresh


















[139/183] [chromium] › tests/e2e/verb-guided-challenge.spec.js:348:9 › Guided Challenge E2E Suite › legacy knownVerbIds aliases are migrated to canonical ids with a backup

















[140/183] [chromium] › tests/e2e/verb-guided-challenge.spec.js:375:9 › Guided Challenge E2E Suite › daily review with no due verbs shows a toast instead of opening


















[141/183] [chromium] › tests/e2e/verb-guided-challenge.spec.js:382:9 › Guided Challenge E2E Suite › daily review with due verbs serves recognition then production tracks
















[142/183] [chromium] › tests/e2e/verb-guided-challenge.spec.js:428:9 › Guided Challenge E2E Suite › no browser console errors during the guided flow


















[143/183] [chromium] › tests/e2e/verb-guided-challenge.spec.js:445:9 › Guided Challenge E2E Suite › verbLearning mastery is committed only when a whole phase wins

















[144/183] [chromium] › tests/e2e/verb-guided-challenge.spec.js:517:9 › Guided Challenge E2E Suite › GC-01: independent review track ordering and no skipped production when track lengths match



















[145/183] [chromium] › tests/e2e/verb-guided-challenge.spec.js:563:9 › Guided Challenge E2E Suite › T3: canonical-ID migration through real loading lifecycle


































[146/183] [chromium] › tests/e2e/verb-guided-challenge.spec.js:712:9 › Guided Challenge E2E Suite › GC-06: double reveal does not wipe or replace frozen recall latency


















[147/183] [chromium] › tests/e2e/verb-guided-challenge.spec.js:736:9 › Guided Challenge E2E Suite › GC-07: daily review progress indicator advances card-by-card per terminal completion




















[148/183] [chromium] › tests/e2e/verb-guided-challenge.spec.js:771:9 › Guided Challenge E2E Suite › GC-08: one terminal review outcome applies to exactly one SRS track, once, and completion needs every due card



















[149/183] [chromium] › tests/e2e/verb-guided-challenge.spec.js:837:9 › Guided Challenge E2E Suite › GC-09: two click attempts on the same grade button apply exactly one grade



















[150/183] [chromium] › tests/e2e/verb-guided-challenge.spec.js:942:9 › Guided Challenge E2E Suite › GC-11: two click attempts on the same Intro button introduce exactly one card


















[151/183] [chromium] › tests/e2e/verb-guided-challenge.spec.js:1036:9 › Guided Challenge E2E Suite › R1: Daily Review does not render a Restart button or Restart action in any state



















[152/183] [chromium] › tests/e2e/verb-guided-challenge.spec.js:1088:9 › Guided Challenge E2E Suite › R2: Resume Daily Review after refresh restores the exact production-phase state




















[153/183] [chromium] › tests/e2e/verb-guided-challenge.spec.js:1265:9 › Guided Challenge E2E Suite › R3: Guided Challenge (learning) still keeps Restart and works end-to-end


















[154/183] [chromium] › tests/e2e/verbs-audio.spec.js:72:7 › AUDIO-002 Verbs Autoplay Adapter (deterministic speech mocks) › [AUDIO-002] real controller speaks the exact planned sequence with per-step language


















[155/183] [chromium] › tests/e2e/verbs-audio.spec.js:111:7 › AUDIO-002 Verbs Autoplay Adapter (deterministic speech mocks) › [AUDIO-002] pause and resume keep the current position without skipping or duplicating an item


















[156/183] [chromium] › tests/e2e/verbs-audio.spec.js:150:7 › AUDIO-002 Verbs Autoplay Adapter (deterministic speech mocks) › [AUDIO-002] stop cancels future speech, clears highlights, hides the floating player, and resets the controls


















[157/183] [chromium] › tests/e2e/verbs-audio.spec.js:179:7 › AUDIO-002 Verbs Autoplay Adapter (deterministic speech mocks) › [AUDIO-002] completing the queue resets the controls exactly once and speaks every planned step exactly once


















[158/183] [chromium] › tests/e2e/verbs-audio.spec.js:210:7 › AUDIO-002 Verbs Autoplay Adapter (deterministic speech mocks) › [AUDIO-002] row-play starts at that row and syncs the Start-At dropdown


















[159/183] [chromium] › tests/e2e/verbs-audio.spec.js:222:7 › AUDIO-002 Verbs Autoplay Adapter (deterministic speech mocks) › [AUDIO-002] a rapid restart replaces the queue exactly once and stale utterance callbacks cannot disturb it

















[160/183] [chromium] › tests/e2e/verbs-audio.spec.js:248:7 › AUDIO-002 Verbs Autoplay Adapter (deterministic speech mocks) › [AUDIO-002] individual pronunciation stops the autoplay queue and speaks only that item


















[161/183] [chromium] › tests/e2e/verbs-audio.spec.js:262:7 › AUDIO-002 Verbs Autoplay Adapter (deterministic speech mocks) › [AUDIO-002] an empty filtered queue never enters the playing state


















[162/183] [chromium] › tests/e2e/verbs-audio.spec.js:292:7 › AUDIO-002 Verbs Autoplay Adapter (deterministic speech mocks) › [AUDIO-002-C1] selecting another deck cancels the running autoplay and leaves the new deck intact


















[163/183] [chromium] › tests/e2e/verbs-audio.spec.js:333:7 › AUDIO-002 Verbs Autoplay Adapter (deterministic speech mocks) › [AUDIO-002-C1] a paused autoplay session is cancelled, not resumed, when the deck changes


















[164/183] [chromium] › tests/e2e/verbs-audio.spec.js:359:7 › AUDIO-002 Verbs Autoplay Adapter (deterministic speech mocks) › [AUDIO-002-C1] a search that empties the queue cancels autoplay at input time and Play stays a clean no-op


















[165/183] [chromium] › tests/e2e/verbs-audio.spec.js:382:7 › AUDIO-002 Verbs Autoplay Adapter (deterministic speech mocks) › [AUDIO-002-C1] a search that changes the result set cancels the old queue; only current verbs can speak















[166/183] [chromium] › tests/e2e/verbs-audio.spec.js:414:7 › AUDIO-002 Verbs Autoplay Adapter (deterministic speech mocks) › [AUDIO-002-C1] starting playback with an empty controller queue stops a previous session instead of leaving it alive

















[167/183] [chromium] › tests/e2e/verbs-audio.spec.js:431:7 › AUDIO-002 Verbs Autoplay Adapter (deterministic speech mocks) › [AUDIO-002-C1] a start attempt producing an empty planned sequence stops a previous session instead of leaving it alive
















[168/183] [chromium] › tests/e2e/verbs-audio.spec.js:452:7 › AUDIO-002 Verbs Autoplay Adapter (deterministic speech mocks) › [AUDIO-002-C1] navigating to another view cancels autoplay and hides the floating player


















[169/183] [chromium] › tests/e2e/verbs-audio.spec.js:476:7 › AUDIO-002 Verbs Autoplay Adapter (deterministic speech mocks) › [AUDIO-002-C1] a stale callback from the replaced queue cannot advance the new session after navigation

















[170/183] [chromium] › tests/e2e/verbs-dashboard-trophies.spec.js:87:7 › Verbs Dashboard & Trophy Shelf E2E Suite (WP-041) › marking a brand-new flashcard as Known records activity for today on the verbs page



















[171/183] [chromium] › tests/e2e/verbs-dashboard-trophies.spec.js:122:7 › Verbs Dashboard & Trophy Shelf E2E Suite (WP-041) › listening to 15+ verbs via TTS counts as a learning day on the verbs page



















[172/183] [chromium] › tests/e2e/verbs-dashboard-trophies.spec.js:152:7 › Verbs Dashboard & Trophy Shelf E2E Suite (WP-041) › trophy shelf renders cards and shows earned deck trophies from seeded progress



















[173/183] [chromium] › tests/e2e/verbs-dashboard-trophies.spec.js:172:7 › Verbs Dashboard & Trophy Shelf E2E Suite (WP-041) › leaderboard view renders the shared table and is reachable via nav and switchView



















[174/183] [chromium] › tests/e2e/verbs.spec.js:9:7 › Top German Verbs Mastery E2E Suite (Card Recycling & Custom Auto-Play TTS) › should recycle Still Learning card to the end of queue and advance to next card

















[175/183] [chromium] › tests/e2e/verbs.spec.js:24:7 › Top German Verbs Mastery E2E Suite (Card Recycling & Custom Auto-Play TTS) › should pronounce example sentence when clicking on German sentence text in List View
















[176/183] [chromium] › tests/e2e/verbs.spec.js:33:7 › Top German Verbs Mastery E2E Suite (Card Recycling & Custom Auto-Play TTS) › should configure custom Auto-Play Audio sequence (repeat count, English TTS, start location)


















[177/183] [chromium] › tests/e2e/verbs.spec.js:69:7 › Top German Verbs Mastery E2E Suite (Card Recycling & Custom Auto-Play TTS) › should start Auto-Play from a specific row when clicking play button ▶


















[178/183] [chromium] › tests/e2e/verbs.spec.js:86:7 › Top German Verbs Mastery E2E Suite (Card Recycling & Custom Auto-Play TTS) › should toggle Favorites Only mode in Flashcards view


















[179/183] [chromium] › tests/e2e/words-audio.spec.js:48:3 › Words Play All Audio Feature › Play all words highlights rows and respects filters

























[180/183] [chromium] › tests/e2e/words-audio.spec.js:101:3 › Words Play All Audio Feature › Highlights clear after unit navigation

























[181/183] [chromium] › tests/e2e/words-audio.spec.js:114:3 › Words Play All Audio Feature › Highlights clear after a filter change and the queue stops

























[182/183] [chromium] › tests/e2e/words-audio.spec.js:132:3 › Words Play All Audio Feature › Highlights clear after rapid queue replacement and re-highlight only the current row

























[183/183] [chromium] › tests/e2e/words-audio.spec.js:149:3 › Words Play All Audio Feature › Highlights clear after natural completion

























  1 skipped
  182 passed (5.2m)
