
Running 32 tests using 1 worker


(node:19586) Warning: The 'NO_COLOR' env is ignored due to the 'FORCE_COLOR' env being set.
(Use `node --trace-warnings ...` to show where the warning was created)

[1/32] [chromium] › tests/e2e/verbs-audio.spec.js:72:7 › AUDIO-002 Verbs Autoplay Adapter (deterministic speech mocks) › [AUDIO-002] real controller speaks the exact planned sequence with per-step language















[2/32] [chromium] › tests/e2e/verbs-audio.spec.js:111:7 › AUDIO-002 Verbs Autoplay Adapter (deterministic speech mocks) › [AUDIO-002] pause and resume keep the current position without skipping or duplicating an item


















[3/32] [chromium] › tests/e2e/verbs-audio.spec.js:150:7 › AUDIO-002 Verbs Autoplay Adapter (deterministic speech mocks) › [AUDIO-002] stop cancels future speech, clears highlights, hides the floating player, and resets the controls

















[4/32] [chromium] › tests/e2e/verbs-audio.spec.js:179:7 › AUDIO-002 Verbs Autoplay Adapter (deterministic speech mocks) › [AUDIO-002] completing the queue resets the controls exactly once and speaks every planned step exactly once
















[5/32] [chromium] › tests/e2e/verbs-audio.spec.js:210:7 › AUDIO-002 Verbs Autoplay Adapter (deterministic speech mocks) › [AUDIO-002] row-play starts at that row and syncs the Start-At dropdown


















[6/32] [chromium] › tests/e2e/verbs-audio.spec.js:222:7 › AUDIO-002 Verbs Autoplay Adapter (deterministic speech mocks) › [AUDIO-002] a rapid restart replaces the queue exactly once and stale utterance callbacks cannot disturb it


















[7/32] [chromium] › tests/e2e/verbs-audio.spec.js:248:7 › AUDIO-002 Verbs Autoplay Adapter (deterministic speech mocks) › [AUDIO-002] individual pronunciation stops the autoplay queue and speaks only that item


















[8/32] [chromium] › tests/e2e/verbs-audio.spec.js:262:7 › AUDIO-002 Verbs Autoplay Adapter (deterministic speech mocks) › [AUDIO-002] an empty filtered queue never enters the playing state


















[9/32] [chromium] › tests/e2e/verbs-audio.spec.js:292:7 › AUDIO-002 Verbs Autoplay Adapter (deterministic speech mocks) › [AUDIO-002-C1] selecting another deck cancels the running autoplay and leaves the new deck intact

















[10/32] [chromium] › tests/e2e/verbs-audio.spec.js:333:7 › AUDIO-002 Verbs Autoplay Adapter (deterministic speech mocks) › [AUDIO-002-C1] a paused autoplay session is cancelled, not resumed, when the deck changes















[11/32] [chromium] › tests/e2e/verbs-audio.spec.js:359:7 › AUDIO-002 Verbs Autoplay Adapter (deterministic speech mocks) › [AUDIO-002-C1] a search that empties the queue cancels autoplay at input time and Play stays a clean no-op
















[12/32] [chromium] › tests/e2e/verbs-audio.spec.js:382:7 › AUDIO-002 Verbs Autoplay Adapter (deterministic speech mocks) › [AUDIO-002-C1] a search that changes the result set cancels the old queue; only current verbs can speak


















[13/32] [chromium] › tests/e2e/verbs-audio.spec.js:414:7 › AUDIO-002 Verbs Autoplay Adapter (deterministic speech mocks) › [AUDIO-002-C1] starting playback with an empty controller queue stops a previous session instead of leaving it alive


















[14/32] [chromium] › tests/e2e/verbs-audio.spec.js:431:7 › AUDIO-002 Verbs Autoplay Adapter (deterministic speech mocks) › [AUDIO-002-C1] a start attempt producing an empty planned sequence stops a previous session instead of leaving it alive















[15/32] [chromium] › tests/e2e/verbs-audio.spec.js:452:7 › AUDIO-002 Verbs Autoplay Adapter (deterministic speech mocks) › [AUDIO-002-C1] navigating to another view cancels autoplay and hides the floating player


















[16/32] [chromium] › tests/e2e/verbs-audio.spec.js:476:7 › AUDIO-002 Verbs Autoplay Adapter (deterministic speech mocks) › [AUDIO-002-C1] a stale callback from the replaced queue cannot advance the new session after navigation

















(node:20180) Warning: The 'NO_COLOR' env is ignored due to the 'FORCE_COLOR' env being set.
(Use `node --trace-warnings ...` to show where the warning was created)

[17/32] [Mobile Chrome] › tests/e2e/verbs-audio.spec.js:72:7 › AUDIO-002 Verbs Autoplay Adapter (deterministic speech mocks) › [AUDIO-002] real controller speaks the exact planned sequence with per-step language


















[18/32] [Mobile Chrome] › tests/e2e/verbs-audio.spec.js:111:7 › AUDIO-002 Verbs Autoplay Adapter (deterministic speech mocks) › [AUDIO-002] pause and resume keep the current position without skipping or duplicating an item


















[19/32] [Mobile Chrome] › tests/e2e/verbs-audio.spec.js:150:7 › AUDIO-002 Verbs Autoplay Adapter (deterministic speech mocks) › [AUDIO-002] stop cancels future speech, clears highlights, hides the floating player, and resets the controls


















[20/32] [Mobile Chrome] › tests/e2e/verbs-audio.spec.js:179:7 › AUDIO-002 Verbs Autoplay Adapter (deterministic speech mocks) › [AUDIO-002] completing the queue resets the controls exactly once and speaks every planned step exactly once


















[21/32] [Mobile Chrome] › tests/e2e/verbs-audio.spec.js:210:7 › AUDIO-002 Verbs Autoplay Adapter (deterministic speech mocks) › [AUDIO-002] row-play starts at that row and syncs the Start-At dropdown


















[22/32] [Mobile Chrome] › tests/e2e/verbs-audio.spec.js:222:7 › AUDIO-002 Verbs Autoplay Adapter (deterministic speech mocks) › [AUDIO-002] a rapid restart replaces the queue exactly once and stale utterance callbacks cannot disturb it

















[23/32] [Mobile Chrome] › tests/e2e/verbs-audio.spec.js:248:7 › AUDIO-002 Verbs Autoplay Adapter (deterministic speech mocks) › [AUDIO-002] individual pronunciation stops the autoplay queue and speaks only that item
















[24/32] [Mobile Chrome] › tests/e2e/verbs-audio.spec.js:262:7 › AUDIO-002 Verbs Autoplay Adapter (deterministic speech mocks) › [AUDIO-002] an empty filtered queue never enters the playing state

















[25/32] [Mobile Chrome] › tests/e2e/verbs-audio.spec.js:292:7 › AUDIO-002 Verbs Autoplay Adapter (deterministic speech mocks) › [AUDIO-002-C1] selecting another deck cancels the running autoplay and leaves the new deck intact















[26/32] [Mobile Chrome] › tests/e2e/verbs-audio.spec.js:333:7 › AUDIO-002 Verbs Autoplay Adapter (deterministic speech mocks) › [AUDIO-002-C1] a paused autoplay session is cancelled, not resumed, when the deck changes


















[27/32] [Mobile Chrome] › tests/e2e/verbs-audio.spec.js:359:7 › AUDIO-002 Verbs Autoplay Adapter (deterministic speech mocks) › [AUDIO-002-C1] a search that empties the queue cancels autoplay at input time and Play stays a clean no-op


















[28/32] [Mobile Chrome] › tests/e2e/verbs-audio.spec.js:382:7 › AUDIO-002 Verbs Autoplay Adapter (deterministic speech mocks) › [AUDIO-002-C1] a search that changes the result set cancels the old queue; only current verbs can speak


















[29/32] [Mobile Chrome] › tests/e2e/verbs-audio.spec.js:414:7 › AUDIO-002 Verbs Autoplay Adapter (deterministic speech mocks) › [AUDIO-002-C1] starting playback with an empty controller queue stops a previous session instead of leaving it alive


















[30/32] [Mobile Chrome] › tests/e2e/verbs-audio.spec.js:431:7 › AUDIO-002 Verbs Autoplay Adapter (deterministic speech mocks) › [AUDIO-002-C1] a start attempt producing an empty planned sequence stops a previous session instead of leaving it alive


















[31/32] [Mobile Chrome] › tests/e2e/verbs-audio.spec.js:452:7 › AUDIO-002 Verbs Autoplay Adapter (deterministic speech mocks) › [AUDIO-002-C1] navigating to another view cancels autoplay and hides the floating player

















[32/32] [Mobile Chrome] › tests/e2e/verbs-audio.spec.js:476:7 › AUDIO-002 Verbs Autoplay Adapter (deterministic speech mocks) › [AUDIO-002-C1] a stale callback from the replaced queue cannot advance the new session after navigation


















  32 passed (50.3s)
