
Running 18 tests using 1 worker


(node:4496) Warning: The 'NO_COLOR' env is ignored due to the 'FORCE_COLOR' env being set.
(Use `node --trace-warnings ...` to show where the warning was created)

[1/18] [chromium] › tests/e2e/cefr-audio.spec.js:123:7 › AUDIO-003 CEFR Level Autoplay (deterministic speech mocks) › [AUDIO-003] A1 autoplay speaks the exact planned text and language sequence with visible progress























  1) [chromium] › tests/e2e/cefr-audio.spec.js:123:7 › AUDIO-003 CEFR Level Autoplay (deterministic speech mocks) › [AUDIO-003] A1 autoplay speaks the exact planned text and language sequence with visible progress

    Test timeout of 8000ms exceeded.

    Error: locator.click: Test timeout of 8000ms exceeded.
    Call log:
      - waiting for locator('#btn-toggle-audio-settings')


      89 |
      90 |   async function openSettings(page) {
    > 91 |     await page.locator('#btn-toggle-audio-settings').click();
         |                                                      ^
      92 |   }
      93 |
      94 |   async function configure(page, { repeat, mode, include, start }) {
        at openSettings (/home/z/my-project/words-list-v2/tests/e2e/cefr-audio.spec.js:91:54)
        at configure (/home/z/my-project/words-list-v2/tests/e2e/cefr-audio.spec.js:95:11)
        at /home/z/my-project/words-list-v2/tests/e2e/cefr-audio.spec.js:125:11

    Error Context: test-results/cefr-audio-AUDIO-003-CEFR--57481-uence-with-visible-progress-chromium/error-context.md



(node:4600) Warning: The 'NO_COLOR' env is ignored due to the 'FORCE_COLOR' env being set.
(Use `node --trace-warnings ...` to show where the warning was created)

[2/18] [chromium] › tests/e2e/cefr-audio.spec.js:157:7 › AUDIO-003 CEFR Level Autoplay (deterministic speech mocks) › [AUDIO-003] B2 mixed cards speak separately tagged English and Arabic steps























  2) [chromium] › tests/e2e/cefr-audio.spec.js:157:7 › AUDIO-003 CEFR Level Autoplay (deterministic speech mocks) › [AUDIO-003] B2 mixed cards speak separately tagged English and Arabic steps

    Test timeout of 8000ms exceeded.

    Error: locator.click: Test timeout of 8000ms exceeded.
    Call log:
      - waiting for locator('#btn-toggle-audio-settings')


      89 |
      90 |   async function openSettings(page) {
    > 91 |     await page.locator('#btn-toggle-audio-settings').click();
         |                                                      ^
      92 |   }
      93 |
      94 |   async function configure(page, { repeat, mode, include, start }) {
        at openSettings (/home/z/my-project/words-list-v2/tests/e2e/cefr-audio.spec.js:91:54)
        at configure (/home/z/my-project/words-list-v2/tests/e2e/cefr-audio.spec.js:95:11)
        at /home/z/my-project/words-list-v2/tests/e2e/cefr-audio.spec.js:159:11

    Error Context: test-results/cefr-audio-AUDIO-003-CEFR--2b3d9-ed-English-and-Arabic-steps-chromium/error-context.md



(node:4704) Warning: The 'NO_COLOR' env is ignored due to the 'FORCE_COLOR' env being set.
(Use `node --trace-warnings ...` to show where the warning was created)

[3/18] [chromium] › tests/e2e/cefr-audio.spec.js:183:7 › AUDIO-003 CEFR Level Autoplay (deterministic speech mocks) › [AUDIO-003] a B2 Arabic-only translation speaks Arabic and never an English voice























  3) [chromium] › tests/e2e/cefr-audio.spec.js:183:7 › AUDIO-003 CEFR Level Autoplay (deterministic speech mocks) › [AUDIO-003] a B2 Arabic-only translation speaks Arabic and never an English voice

    Test timeout of 8000ms exceeded.

    Error: locator.click: Test timeout of 8000ms exceeded.
    Call log:
      - waiting for locator('#btn-toggle-audio-settings')


      89 |
      90 |   async function openSettings(page) {
    > 91 |     await page.locator('#btn-toggle-audio-settings').click();
         |                                                      ^
      92 |   }
      93 |
      94 |   async function configure(page, { repeat, mode, include, start }) {
        at openSettings (/home/z/my-project/words-list-v2/tests/e2e/cefr-audio.spec.js:91:54)
        at configure (/home/z/my-project/words-list-v2/tests/e2e/cefr-audio.spec.js:95:11)
        at /home/z/my-project/words-list-v2/tests/e2e/cefr-audio.spec.js:195:11

    Error Context: test-results/cefr-audio-AUDIO-003-CEFR--45dec--and-never-an-English-voice-chromium/error-context.md



(node:4807) Warning: The 'NO_COLOR' env is ignored due to the 'FORCE_COLOR' env being set.
(Use `node --trace-warnings ...` to show where the warning was created)

[4/18] [chromium] › tests/e2e/cefr-audio.spec.js:213:7 › AUDIO-003 CEFR Level Autoplay (deterministic speech mocks) › [AUDIO-003] an available Arabic voice is selected for Arabic steps























  4) [chromium] › tests/e2e/cefr-audio.spec.js:213:7 › AUDIO-003 CEFR Level Autoplay (deterministic speech mocks) › [AUDIO-003] an available Arabic voice is selected for Arabic steps

    Test timeout of 8000ms exceeded.

    Error: locator.click: Test timeout of 8000ms exceeded.
    Call log:
      - waiting for locator('#btn-toggle-audio-settings')


      89 |
      90 |   async function openSettings(page) {
    > 91 |     await page.locator('#btn-toggle-audio-settings').click();
         |                                                      ^
      92 |   }
      93 |
      94 |   async function configure(page, { repeat, mode, include, start }) {
        at openSettings (/home/z/my-project/words-list-v2/tests/e2e/cefr-audio.spec.js:91:54)
        at configure (/home/z/my-project/words-list-v2/tests/e2e/cefr-audio.spec.js:95:11)
        at /home/z/my-project/words-list-v2/tests/e2e/cefr-audio.spec.js:225:11

    Error Context: test-results/cefr-audio-AUDIO-003-CEFR--d1aa9-s-selected-for-Arabic-steps-chromium/error-context.md



(node:4909) Warning: The 'NO_COLOR' env is ignored due to the 'FORCE_COLOR' env being set.
(Use `node --trace-warnings ...` to show where the warning was created)

[5/18] [chromium] › tests/e2e/cefr-audio.spec.js:236:7 › AUDIO-003 CEFR Level Autoplay (deterministic speech mocks) › [AUDIO-003] repeat count orders every repetition of an item before the next item























  5) [chromium] › tests/e2e/cefr-audio.spec.js:236:7 › AUDIO-003 CEFR Level Autoplay (deterministic speech mocks) › [AUDIO-003] repeat count orders every repetition of an item before the next item

    Test timeout of 8000ms exceeded.

    Error: locator.click: Test timeout of 8000ms exceeded.
    Call log:
      - waiting for locator('#btn-toggle-audio-settings')


      89 |
      90 |   async function openSettings(page) {
    > 91 |     await page.locator('#btn-toggle-audio-settings').click();
         |                                                      ^
      92 |   }
      93 |
      94 |   async function configure(page, { repeat, mode, include, start }) {
        at openSettings (/home/z/my-project/words-list-v2/tests/e2e/cefr-audio.spec.js:91:54)
        at configure (/home/z/my-project/words-list-v2/tests/e2e/cefr-audio.spec.js:95:11)
        at /home/z/my-project/words-list-v2/tests/e2e/cefr-audio.spec.js:238:11

    Error Context: test-results/cefr-audio-AUDIO-003-CEFR--5005f-n-item-before-the-next-item-chromium/error-context.md



(node:5012) Warning: The 'NO_COLOR' env is ignored due to the 'FORCE_COLOR' env being set.
(Use `node --trace-warnings ...` to show where the warning was created)

[6/18] [chromium] › tests/e2e/cefr-audio.spec.js:249:7 › AUDIO-003 CEFR Level Autoplay (deterministic speech mocks) › [AUDIO-003] example modes none, first, and all change the spoken sequence























  6) [chromium] › tests/e2e/cefr-audio.spec.js:249:7 › AUDIO-003 CEFR Level Autoplay (deterministic speech mocks) › [AUDIO-003] example modes none, first, and all change the spoken sequence

    Test timeout of 8000ms exceeded.

    Error: locator.click: Test timeout of 8000ms exceeded.
    Call log:
      - waiting for locator('#btn-toggle-audio-settings')


      89 |
      90 |   async function openSettings(page) {
    > 91 |     await page.locator('#btn-toggle-audio-settings').click();
         |                                                      ^
      92 |   }
      93 |
      94 |   async function configure(page, { repeat, mode, include, start }) {
        at openSettings (/home/z/my-project/words-list-v2/tests/e2e/cefr-audio.spec.js:91:54)
        at configure (/home/z/my-project/words-list-v2/tests/e2e/cefr-audio.spec.js:95:11)
        at /home/z/my-project/words-list-v2/tests/e2e/cefr-audio.spec.js:252:11

    Error Context: test-results/cefr-audio-AUDIO-003-CEFR--470c0--change-the-spoken-sequence-chromium/error-context.md



(node:5122) Warning: The 'NO_COLOR' env is ignored due to the 'FORCE_COLOR' env being set.
(Use `node --trace-warnings ...` to show where the warning was created)

[7/18] [chromium] › tests/e2e/cefr-audio.spec.js:280:7 › AUDIO-003 CEFR Level Autoplay (deterministic speech mocks) › [AUDIO-003] include-translation on and off controls the translation steps























  7) [chromium] › tests/e2e/cefr-audio.spec.js:280:7 › AUDIO-003 CEFR Level Autoplay (deterministic speech mocks) › [AUDIO-003] include-translation on and off controls the translation steps

    Test timeout of 8000ms exceeded.

    Error: locator.click: Test timeout of 8000ms exceeded.
    Call log:
      - waiting for locator('#btn-toggle-audio-settings')


      89 |
      90 |   async function openSettings(page) {
    > 91 |     await page.locator('#btn-toggle-audio-settings').click();
         |                                                      ^
      92 |   }
      93 |
      94 |   async function configure(page, { repeat, mode, include, start }) {
        at openSettings (/home/z/my-project/words-list-v2/tests/e2e/cefr-audio.spec.js:91:54)
        at configure (/home/z/my-project/words-list-v2/tests/e2e/cefr-audio.spec.js:95:11)
        at /home/z/my-project/words-list-v2/tests/e2e/cefr-audio.spec.js:283:11

    Error Context: test-results/cefr-audio-AUDIO-003-CEFR--76b55-trols-the-translation-steps-chromium/error-context.md



(node:5230) Warning: The 'NO_COLOR' env is ignored due to the 'FORCE_COLOR' env being set.
(Use `node --trace-warnings ...` to show where the warning was created)

[8/18] [chromium] › tests/e2e/cefr-audio.spec.js:306:7 › AUDIO-003 CEFR Level Autoplay (deterministic speech mocks) › [AUDIO-003] start-at beginning, middle, and end select the exact starting card






















  8) [chromium] › tests/e2e/cefr-audio.spec.js:306:7 › AUDIO-003 CEFR Level Autoplay (deterministic speech mocks) › [AUDIO-003] start-at beginning, middle, and end select the exact starting card

    Test timeout of 8000ms exceeded.

    Error: locator.click: Test timeout of 8000ms exceeded.
    Call log:
      - waiting for locator('#btn-toggle-audio-settings')


      89 |
      90 |   async function openSettings(page) {
    > 91 |     await page.locator('#btn-toggle-audio-settings').click();
         |                                                      ^
      92 |   }
      93 |
      94 |   async function configure(page, { repeat, mode, include, start }) {
        at openSettings (/home/z/my-project/words-list-v2/tests/e2e/cefr-audio.spec.js:91:54)
        at configure (/home/z/my-project/words-list-v2/tests/e2e/cefr-audio.spec.js:95:11)
        at /home/z/my-project/words-list-v2/tests/e2e/cefr-audio.spec.js:308:11

    Error Context: test-results/cefr-audio-AUDIO-003-CEFR--83b21-ect-the-exact-starting-card-chromium/error-context.md



(node:5337) Warning: The 'NO_COLOR' env is ignored due to the 'FORCE_COLOR' env being set.
(Use `node --trace-warnings ...` to show where the warning was created)

[9/18] [chromium] › tests/e2e/cefr-audio.spec.js:340:7 › AUDIO-003 CEFR Level Autoplay (deterministic speech mocks) › [AUDIO-003] unit navigation cancels the old queue and the new unit speaks only its own words























  9) [chromium] › tests/e2e/cefr-audio.spec.js:340:7 › AUDIO-003 CEFR Level Autoplay (deterministic speech mocks) › [AUDIO-003] unit navigation cancels the old queue and the new unit speaks only its own words

    Test timeout of 8000ms exceeded.

    Error: locator.click: Test timeout of 8000ms exceeded.
    Call log:
      - waiting for locator('#btn-toggle-audio-settings')


      89 |
      90 |   async function openSettings(page) {
    > 91 |     await page.locator('#btn-toggle-audio-settings').click();
         |                                                      ^
      92 |   }
      93 |
      94 |   async function configure(page, { repeat, mode, include, start }) {
        at openSettings (/home/z/my-project/words-list-v2/tests/e2e/cefr-audio.spec.js:91:54)
        at configure (/home/z/my-project/words-list-v2/tests/e2e/cefr-audio.spec.js:95:11)
        at /home/z/my-project/words-list-v2/tests/e2e/cefr-audio.spec.js:342:11

    Error Context: test-results/cefr-audio-AUDIO-003-CEFR--709a4-t-speaks-only-its-own-words-chromium/error-context.md



(node:5438) Warning: The 'NO_COLOR' env is ignored due to the 'FORCE_COLOR' env being set.
(Use `node --trace-warnings ...` to show where the warning was created)

[10/18] [chromium] › tests/e2e/cefr-audio.spec.js:377:7 › AUDIO-003 CEFR Level Autoplay (deterministic speech mocks) › [AUDIO-003] the active vocabulary filter scopes the queue and cancels on change























  10) [chromium] › tests/e2e/cefr-audio.spec.js:377:7 › AUDIO-003 CEFR Level Autoplay (deterministic speech mocks) › [AUDIO-003] the active vocabulary filter scopes the queue and cancels on change

    Test timeout of 8000ms exceeded.

    Error: locator.click: Test timeout of 8000ms exceeded.
    Call log:
      - waiting for locator('#btn-toggle-audio-settings')


      89 |
      90 |   async function openSettings(page) {
    > 91 |     await page.locator('#btn-toggle-audio-settings').click();
         |                                                      ^
      92 |   }
      93 |
      94 |   async function configure(page, { repeat, mode, include, start }) {
        at openSettings (/home/z/my-project/words-list-v2/tests/e2e/cefr-audio.spec.js:91:54)
        at configure (/home/z/my-project/words-list-v2/tests/e2e/cefr-audio.spec.js:95:11)
        at /home/z/my-project/words-list-v2/tests/e2e/cefr-audio.spec.js:379:11

    Error Context: test-results/cefr-audio-AUDIO-003-CEFR--b8e5c-queue-and-cancels-on-change-chromium/error-context.md



(node:5548) Warning: The 'NO_COLOR' env is ignored due to the 'FORCE_COLOR' env being set.
(Use `node --trace-warnings ...` to show where the warning was created)

[11/18] [chromium] › tests/e2e/cefr-audio.spec.js:424:7 › AUDIO-003 CEFR Level Autoplay (deterministic speech mocks) › [AUDIO-003] pause and resume retain the current position without skipping or duplicating




















  11) [chromium] › tests/e2e/cefr-audio.spec.js:424:7 › AUDIO-003 CEFR Level Autoplay (deterministic speech mocks) › [AUDIO-003] pause and resume retain the current position without skipping or duplicating

    Test timeout of 8000ms exceeded.

    Error: locator.click: Test timeout of 8000ms exceeded.
    Call log:
      - waiting for locator('#btn-toggle-audio-settings')


      89 |
      90 |   async function openSettings(page) {
    > 91 |     await page.locator('#btn-toggle-audio-settings').click();
         |                                                      ^
      92 |   }
      93 |
      94 |   async function configure(page, { repeat, mode, include, start }) {
        at openSettings (/home/z/my-project/words-list-v2/tests/e2e/cefr-audio.spec.js:91:54)
        at configure (/home/z/my-project/words-list-v2/tests/e2e/cefr-audio.spec.js:95:11)
        at /home/z/my-project/words-list-v2/tests/e2e/cefr-audio.spec.js:426:11

    Error Context: test-results/cefr-audio-AUDIO-003-CEFR--b6e6b-out-skipping-or-duplicating-chromium/error-context.md



(node:5660) Warning: The 'NO_COLOR' env is ignored due to the 'FORCE_COLOR' env being set.
(Use `node --trace-warnings ...` to show where the warning was created)

[12/18] [chromium] › tests/e2e/cefr-audio.spec.js:459:7 › AUDIO-003 CEFR Level Autoplay (deterministic speech mocks) › [AUDIO-003] stop clears future speech, highlights, progress, and controls























  12) [chromium] › tests/e2e/cefr-audio.spec.js:459:7 › AUDIO-003 CEFR Level Autoplay (deterministic speech mocks) › [AUDIO-003] stop clears future speech, highlights, progress, and controls

    Test timeout of 8000ms exceeded.

    Error: locator.click: Test timeout of 8000ms exceeded.
    Call log:
      - waiting for locator('#btn-toggle-audio-settings')


      89 |
      90 |   async function openSettings(page) {
    > 91 |     await page.locator('#btn-toggle-audio-settings').click();
         |                                                      ^
      92 |   }
      93 |
      94 |   async function configure(page, { repeat, mode, include, start }) {
        at openSettings (/home/z/my-project/words-list-v2/tests/e2e/cefr-audio.spec.js:91:54)
        at configure (/home/z/my-project/words-list-v2/tests/e2e/cefr-audio.spec.js:95:11)
        at /home/z/my-project/words-list-v2/tests/e2e/cefr-audio.spec.js:461:11

    Error Context: test-results/cefr-audio-AUDIO-003-CEFR--4e499-ights-progress-and-controls-chromium/error-context.md



(node:5768) Warning: The 'NO_COLOR' env is ignored due to the 'FORCE_COLOR' env being set.
(Use `node --trace-warnings ...` to show where the warning was created)

[13/18] [chromium] › tests/e2e/cefr-audio.spec.js:488:7 › AUDIO-003 CEFR Level Autoplay (deterministic speech mocks) › [AUDIO-003] tab changes cancel or replace queue ownership between words and phrases























  13) [chromium] › tests/e2e/cefr-audio.spec.js:488:7 › AUDIO-003 CEFR Level Autoplay (deterministic speech mocks) › [AUDIO-003] tab changes cancel or replace queue ownership between words and phrases

    Test timeout of 8000ms exceeded.

    Error: locator.click: Test timeout of 8000ms exceeded.
    Call log:
      - waiting for locator('#btn-toggle-audio-settings')


      89 |
      90 |   async function openSettings(page) {
    > 91 |     await page.locator('#btn-toggle-audio-settings').click();
         |                                                      ^
      92 |   }
      93 |
      94 |   async function configure(page, { repeat, mode, include, start }) {
        at openSettings (/home/z/my-project/words-list-v2/tests/e2e/cefr-audio.spec.js:91:54)
        at configure (/home/z/my-project/words-list-v2/tests/e2e/cefr-audio.spec.js:95:11)
        at /home/z/my-project/words-list-v2/tests/e2e/cefr-audio.spec.js:490:11

    Error Context: test-results/cefr-audio-AUDIO-003-CEFR--d65d6-p-between-words-and-phrases-chromium/error-context.md



(node:5880) Warning: The 'NO_COLOR' env is ignored due to the 'FORCE_COLOR' env being set.
(Use `node --trace-warnings ...` to show where the warning was created)

[14/18] [chromium] › tests/e2e/cefr-audio.spec.js:522:7 › AUDIO-003 CEFR Level Autoplay (deterministic speech mocks) › [AUDIO-003] navigating to another level starts a fresh context with no cross-level speech






















  14) [chromium] › tests/e2e/cefr-audio.spec.js:522:7 › AUDIO-003 CEFR Level Autoplay (deterministic speech mocks) › [AUDIO-003] navigating to another level starts a fresh context with no cross-level speech

    Test timeout of 8000ms exceeded.

    Error: locator.click: Test timeout of 8000ms exceeded.
    Call log:
      - waiting for locator('#btn-toggle-audio-settings')


      89 |
      90 |   async function openSettings(page) {
    > 91 |     await page.locator('#btn-toggle-audio-settings').click();
         |                                                      ^
      92 |   }
      93 |
      94 |   async function configure(page, { repeat, mode, include, start }) {
        at openSettings (/home/z/my-project/words-list-v2/tests/e2e/cefr-audio.spec.js:91:54)
        at configure (/home/z/my-project/words-list-v2/tests/e2e/cefr-audio.spec.js:95:11)
        at /home/z/my-project/words-list-v2/tests/e2e/cefr-audio.spec.js:524:11

    Error Context: test-results/cefr-audio-AUDIO-003-CEFR--2c33e--with-no-cross-level-speech-chromium/error-context.md



(node:5988) Warning: The 'NO_COLOR' env is ignored due to the 'FORCE_COLOR' env being set.
(Use `node --trace-warnings ...` to show where the warning was created)

[15/18] [chromium] › tests/e2e/cefr-audio.spec.js:548:7 › AUDIO-003 CEFR Level Autoplay (deterministic speech mocks) › [AUDIO-003] rapid queue replacement owns the speaker and stale callbacks cannot disturb it























  15) [chromium] › tests/e2e/cefr-audio.spec.js:548:7 › AUDIO-003 CEFR Level Autoplay (deterministic speech mocks) › [AUDIO-003] rapid queue replacement owns the speaker and stale callbacks cannot disturb it

    Test timeout of 8000ms exceeded.

    Error: locator.click: Test timeout of 8000ms exceeded.
    Call log:
      - waiting for locator('#btn-toggle-audio-settings')


      89 |
      90 |   async function openSettings(page) {
    > 91 |     await page.locator('#btn-toggle-audio-settings').click();
         |                                                      ^
      92 |   }
      93 |
      94 |   async function configure(page, { repeat, mode, include, start }) {
        at openSettings (/home/z/my-project/words-list-v2/tests/e2e/cefr-audio.spec.js:91:54)
        at configure (/home/z/my-project/words-list-v2/tests/e2e/cefr-audio.spec.js:95:11)
        at /home/z/my-project/words-list-v2/tests/e2e/cefr-audio.spec.js:550:11

    Error Context: test-results/cefr-audio-AUDIO-003-CEFR--c600a-callbacks-cannot-disturb-it-chromium/error-context.md



(node:6097) Warning: The 'NO_COLOR' env is ignored due to the 'FORCE_COLOR' env being set.
(Use `node --trace-warnings ...` to show where the warning was created)

[16/18] [chromium] › tests/e2e/cefr-audio.spec.js:577:7 › AUDIO-003 CEFR Level Autoplay (deterministic speech mocks) › [AUDIO-003] a genuine speech error advances the queue























  16) [chromium] › tests/e2e/cefr-audio.spec.js:577:7 › AUDIO-003 CEFR Level Autoplay (deterministic speech mocks) › [AUDIO-003] a genuine speech error advances the queue

    Test timeout of 8000ms exceeded.

    Error: locator.click: Test timeout of 8000ms exceeded.
    Call log:
      - waiting for locator('#btn-toggle-audio-settings')


      89 |
      90 |   async function openSettings(page) {
    > 91 |     await page.locator('#btn-toggle-audio-settings').click();
         |                                                      ^
      92 |   }
      93 |
      94 |   async function configure(page, { repeat, mode, include, start }) {
        at openSettings (/home/z/my-project/words-list-v2/tests/e2e/cefr-audio.spec.js:91:54)
        at configure (/home/z/my-project/words-list-v2/tests/e2e/cefr-audio.spec.js:95:11)
        at /home/z/my-project/words-list-v2/tests/e2e/cefr-audio.spec.js:579:11

    Error Context: test-results/cefr-audio-AUDIO-003-CEFR--0fe71-ch-error-advances-the-queue-chromium/error-context.md



(node:6205) Warning: The 'NO_COLOR' env is ignored due to the 'FORCE_COLOR' env being set.
(Use `node --trace-warnings ...` to show where the warning was created)

[17/18] [chromium] › tests/e2e/cefr-audio.spec.js:596:7 › AUDIO-003 CEFR Level Autoplay (deterministic speech mocks) › [AUDIO-003] the first example and translation remain visible on the flashcard






















  17) [chromium] › tests/e2e/cefr-audio.spec.js:596:7 › AUDIO-003 CEFR Level Autoplay (deterministic speech mocks) › [AUDIO-003] the first example and translation remain visible on the flashcard

    Error: expect(locator).toHaveText(expected) failed

    Locator: locator('.back-example-box .ex-sentence-span')
    Expected pattern: /Hallo, ich bin Anna\./
    Received string:  "💬 Hallo, wie geht's?"
    Timeout: 5000ms

    Call log:
      - Expect "toHaveText" with timeout 5000ms
      - waiting for locator('.back-example-box .ex-sentence-span')
        14 × locator resolved to <button lang="de" type="button" data-action="speak-text" data-text="Hallo, wie geht's?" title="Click sentence to pronounce" class="ex-sentence-span card-affordance">💬 Hallo, wie geht's?</button>
           - unexpected value "💬 Hallo, wie geht's?"


      601 |     await page.waitForSelector('#fc-card-mount .verb-flashcard');
      602 |     await page.locator('#fc-card-mount .verb-flashcard').click();
    > 603 |     await expect(page.locator('.back-example-box .ex-sentence-span')).toHaveText(/Hallo, ich bin Anna\./);
          |                                                                       ^
      604 |     await expect(page.locator('.back-example-box .ex-translation-line')).toHaveText(/\(Hello, I am Anna\.\)/);
      605 |
      606 |     // Back on the glossary, autoplay example mode "first" speaks exactly the
        at /home/z/my-project/words-list-v2/tests/e2e/cefr-audio.spec.js:603:71

    Error Context: test-results/cefr-audio-AUDIO-003-CEFR--bbf09-in-visible-on-the-flashcard-chromium/error-context.md



(node:6308) Warning: The 'NO_COLOR' env is ignored due to the 'FORCE_COLOR' env being set.
(Use `node --trace-warnings ...` to show where the warning was created)

[18/18] [chromium] › tests/e2e/cefr-audio.spec.js:635:7 › AUDIO-003 no-synthesis fallback (truthful behavior without speechSynthesis) › [AUDIO-003] autoplay advances and completes truthfully without speechSynthesis























  18) [chromium] › tests/e2e/cefr-audio.spec.js:635:7 › AUDIO-003 no-synthesis fallback (truthful behavior without speechSynthesis) › [AUDIO-003] autoplay advances and completes truthfully without speechSynthesis

    Test timeout of 8000ms exceeded.

    Error: locator.click: Test timeout of 8000ms exceeded.
    Call log:
      - waiting for locator('#btn-toggle-audio-settings')


      643 |     await page.waitForSelector('#glossary-tbody tr[data-id]');
      644 |
    > 645 |     await page.locator('#btn-toggle-audio-settings').click();
          |                                                      ^
      646 |     await page.locator('#auto-repeat-count').selectOption('1');
      647 |     await page.locator('#auto-example-mode').selectOption('none');
      648 |     await page.locator('#auto-include-en').uncheck();
        at /home/z/my-project/words-list-v2/tests/e2e/cefr-audio.spec.js:645:54

    Error Context: test-results/cefr-audio-AUDIO-003-no-sy-2b37f-lly-without-speechSynthesis-chromium/error-context.md


  18 failed
    [chromium] › tests/e2e/cefr-audio.spec.js:123:7 › AUDIO-003 CEFR Level Autoplay (deterministic speech mocks) › [AUDIO-003] A1 autoplay speaks the exact planned text and language sequence with visible progress
    [chromium] › tests/e2e/cefr-audio.spec.js:157:7 › AUDIO-003 CEFR Level Autoplay (deterministic speech mocks) › [AUDIO-003] B2 mixed cards speak separately tagged English and Arabic steps
    [chromium] › tests/e2e/cefr-audio.spec.js:183:7 › AUDIO-003 CEFR Level Autoplay (deterministic speech mocks) › [AUDIO-003] a B2 Arabic-only translation speaks Arabic and never an English voice
    [chromium] › tests/e2e/cefr-audio.spec.js:213:7 › AUDIO-003 CEFR Level Autoplay (deterministic speech mocks) › [AUDIO-003] an available Arabic voice is selected for Arabic steps
    [chromium] › tests/e2e/cefr-audio.spec.js:236:7 › AUDIO-003 CEFR Level Autoplay (deterministic speech mocks) › [AUDIO-003] repeat count orders every repetition of an item before the next item
    [chromium] › tests/e2e/cefr-audio.spec.js:249:7 › AUDIO-003 CEFR Level Autoplay (deterministic speech mocks) › [AUDIO-003] example modes none, first, and all change the spoken sequence
    [chromium] › tests/e2e/cefr-audio.spec.js:280:7 › AUDIO-003 CEFR Level Autoplay (deterministic speech mocks) › [AUDIO-003] include-translation on and off controls the translation steps
    [chromium] › tests/e2e/cefr-audio.spec.js:306:7 › AUDIO-003 CEFR Level Autoplay (deterministic speech mocks) › [AUDIO-003] start-at beginning, middle, and end select the exact starting card
    [chromium] › tests/e2e/cefr-audio.spec.js:340:7 › AUDIO-003 CEFR Level Autoplay (deterministic speech mocks) › [AUDIO-003] unit navigation cancels the old queue and the new unit speaks only its own words
    [chromium] › tests/e2e/cefr-audio.spec.js:377:7 › AUDIO-003 CEFR Level Autoplay (deterministic speech mocks) › [AUDIO-003] the active vocabulary filter scopes the queue and cancels on change
    [chromium] › tests/e2e/cefr-audio.spec.js:424:7 › AUDIO-003 CEFR Level Autoplay (deterministic speech mocks) › [AUDIO-003] pause and resume retain the current position without skipping or duplicating
    [chromium] › tests/e2e/cefr-audio.spec.js:459:7 › AUDIO-003 CEFR Level Autoplay (deterministic speech mocks) › [AUDIO-003] stop clears future speech, highlights, progress, and controls
    [chromium] › tests/e2e/cefr-audio.spec.js:488:7 › AUDIO-003 CEFR Level Autoplay (deterministic speech mocks) › [AUDIO-003] tab changes cancel or replace queue ownership between words and phrases
    [chromium] › tests/e2e/cefr-audio.spec.js:522:7 › AUDIO-003 CEFR Level Autoplay (deterministic speech mocks) › [AUDIO-003] navigating to another level starts a fresh context with no cross-level speech
    [chromium] › tests/e2e/cefr-audio.spec.js:548:7 › AUDIO-003 CEFR Level Autoplay (deterministic speech mocks) › [AUDIO-003] rapid queue replacement owns the speaker and stale callbacks cannot disturb it
    [chromium] › tests/e2e/cefr-audio.spec.js:577:7 › AUDIO-003 CEFR Level Autoplay (deterministic speech mocks) › [AUDIO-003] a genuine speech error advances the queue
    [chromium] › tests/e2e/cefr-audio.spec.js:596:7 › AUDIO-003 CEFR Level Autoplay (deterministic speech mocks) › [AUDIO-003] the first example and translation remain visible on the flashcard
    [chromium] › tests/e2e/cefr-audio.spec.js:635:7 › AUDIO-003 no-synthesis fallback (truthful behavior without speechSynthesis) › [AUDIO-003] autoplay advances and completes truthfully without speechSynthesis
