
Running 46 tests using 1 worker

(node:3472) Warning: The 'NO_COLOR' env is ignored due to the 'FORCE_COLOR' env being set.
(Use `node --trace-warnings ...` to show where the warning was created)
  ✓   1 [chromium] › tests/e2e/cefr-cards.spec.js:450:9 › SHARED-CARD-003 A1 ordinary card — real dataset › SC3-A1-SHELL: words flashcards render through the shared card shell with level-owned controls and no verbs deck (898ms)
  ✓   2 [chromium] › tests/e2e/cefr-cards.spec.js:497:9 › SHARED-CARD-003 A1 ordinary card — real dataset › SC3-A1-EXAMPLE: revealed back shows the real first German example with its real translation (AC-05) (805ms)
  ✓   3 [chromium] › tests/e2e/cefr-cards.spec.js:523:9 › SHARED-CARD-003 A1 ordinary card — real dataset › SC3-A1-FACES: German-front and translation-front behavior with safe language metadata (828ms)
  ✓   4 [chromium] › tests/e2e/cefr-cards.spec.js:554:9 › SHARED-CARD-003 A1 ordinary card — real dataset › SC3-A1-SECRECY-DOM: translation-front card subtree carries no German answer, example, or audio metadata before reveal (AC-06) (741ms)
  ✓   5 [chromium] › tests/e2e/cefr-cards.spec.js:575:9 › SHARED-CARD-003 A1 ordinary card — real dataset › SC3-A1-SECRECY-AUDIO: front speak never speaks the hidden German answer before reveal (1.7s)
  ✓   6 [chromium] › tests/e2e/cefr-cards.spec.js:602:9 › SHARED-CARD-003 A1 ordinary card — real dataset › SC3-A1-FAV: favorite affordance — descriptive name, truthful aria-pressed, immediate and refreshed persistence, no flip or grade (1.3s)
  ✓   7 [chromium] › tests/e2e/cefr-cards.spec.js:637:9 › SHARED-CARD-003 A1 ordinary card — real dataset › SC3-A1-SRS-WRITE: Known and Still Learning write the exact original unit IDs with no wrong-unit writes (AC-17 analog) (780ms)
  ✓   8 [chromium] › tests/e2e/cefr-cards.spec.js:672:9 › SHARED-CARD-003 A1 ordinary card — real dataset › SC3-A1-NAV: filters, shuffle toggle, previous/next navigation and the card counter (4.9s)
  ✓   9 [chromium] › tests/e2e/cefr-cards.spec.js:707:9 › SHARED-CARD-003 A1 ordinary card — real dataset › SC3-A1-SESSION: session completion shows the finished state, records the session, and restart works (888ms)
  ✓  10 [chromium] › tests/e2e/cefr-cards.spec.js:748:9 › SHARED-CARD-003 A1 ordinary card — synthetic edge cases › SC3-A1-SYNTH-NOEX: no-example card renders no example box and no stale content from the previous card (4.8s)
  ✓  11 [chromium] › tests/e2e/cefr-cards.spec.js:773:9 › SHARED-CARD-003 A1 ordinary card — synthetic edge cases › SC3-A1-SYNTH-MULTI: multiple-example card shows exactly the first example (5.0s)
  ✓  12 [chromium] › tests/e2e/cefr-cards.spec.js:788:9 › SHARED-CARD-003 A1 ordinary card — synthetic edge cases › SC3-A1-SYNTH-EX-WO-TR: example without a translation shows the sentence only, never an empty line (5.0s)
  ✓  13 [chromium] › tests/e2e/cefr-cards.spec.js:809:9 › SHARED-CARD-003 B2 ordinary card — real dataset › SC3-B2-MIXED: unit-1 card back shows the German answer, the first real example and its actual mixed translation (AC-05) (810ms)
  ✓  14 [chromium] › tests/e2e/cefr-cards.spec.js:842:9 › SHARED-CARD-003 B2 ordinary card — real dataset › SC3-B2-EN-ONLY: real English-only translation card carries ltr + lang=en and never a false Arabic label (807ms)
  ✓  15 [chromium] › tests/e2e/cefr-cards.spec.js:875:9 › SHARED-CARD-003 B2 ordinary card — real dataset › SC3-B2-NOEX: real no-example card (unit 69) renders the answer with no example block (751ms)
  ✓  16 [chromium] › tests/e2e/cefr-cards.spec.js:890:9 › SHARED-CARD-003 B2 ordinary card — real dataset › SC3-B2-EX-NO-TR: real sentence example without a translation shows the sentence only (819ms)
  ✓  17 [chromium] › tests/e2e/cefr-cards.spec.js:911:9 › SHARED-CARD-003 B2 ordinary card — real dataset › SC3-B2-SECRECY: translation-front B2 card hides the German answer and example before reveal (AC-06) (863ms)
  ✓  18 [chromium] › tests/e2e/cefr-cards.spec.js:940:9 › SHARED-CARD-003 B2 ordinary card — real dataset › SC3-B2-ID-PERSISTENCE: grading writes the exact B2 unit ID under the B2 storage key only (795ms)
  ✓  19 [chromium] › tests/e2e/cefr-cards.spec.js:964:9 › SHARED-CARD-003 B2 ordinary card — real dataset › SC3-B2-UNIT-SWITCH: B2 unit switching updates the card scope and titles (764ms)
  ✓  20 [chromium] › tests/e2e/cefr-cards.spec.js:979:9 › SHARED-CARD-003 B2 ordinary card — real dataset › SC3-B2-A11Y-TOOLBAR: B2 toolbar controls are keyboard-focusable with a visible indicator and 44x44 targets (AC-09) (1.1s)
  ✓  21 [chromium] › tests/e2e/cefr-cards.spec.js:1034:9 › SHARED-CARD-003 B2 ordinary card — synthetic language edges › SC3-B2-SYNTH-AR: Arabic-only translation renders rtl + lang=ar and is never labeled English (852ms)
  ✓  22 [chromium] › tests/e2e/cefr-cards.spec.js:1065:9 › SHARED-CARD-003 B2 ordinary card — synthetic language edges › SC3-B2-SYNTH-MIXED: mixed translation and multiple examples — dir=auto, no lang, first example only (4.5s)
  ✓  23 [chromium] › tests/e2e/cefr-cards.spec.js:1090:9 › SHARED-CARD-003 B2 ordinary card — synthetic language edges › SC3-B2-SYNTH-NOEX-EN: English-only no-example card renders safely (4.9s)
  ✓  24 [chromium] › tests/e2e/cefr-cards.spec.js:1104:9 › SHARED-CARD-003 B2 ordinary card — synthetic language edges › SC3-B2-SYNTH-MISSING-TR: missing translation renders a truthful placeholder and never a false language (4.8s)
  ✓  25 [chromium] › tests/e2e/cefr-cards.spec.js:1136:9 › SHARED-CARD-003 B2 ordinary card — synthetic language edges › SC3-B2-SYNTH-VOICE: Arabic and mixed display text are never spoken through any voice (5.7s)
  ✓  26 [chromium] › tests/e2e/cefr-cards.spec.js:1184:9 › SHARED-CARD-003 interaction and accessibility (A1) › SC3-INT-POINTER: pointer click flips front to back and back to front (AC-07) (1.6s)
  ✓  27 [chromium] › tests/e2e/cefr-cards.spec.js:1198:9 › SHARED-CARD-003 interaction and accessibility (A1) › SC3-INT-ENTER: the card is keyboard-reachable and Enter flips it exactly once (724ms)
  ✓  28 [chromium] › tests/e2e/cefr-cards.spec.js:1219:9 › SHARED-CARD-003 interaction and accessibility (A1) › SC3-INT-SPACE: Space flips the card exactly once and never scrolls the page (684ms)
  ✓  29 [chromium] › tests/e2e/cefr-cards.spec.js:1233:9 › SHARED-CARD-003 interaction and accessibility (A1) › SC3-INT-CONTROLS: Enter on a focused card control runs only that control — zero flip transitions (710ms)
  ✓  30 [chromium] › tests/e2e/cefr-cards.spec.js:1253:9 › SHARED-CARD-003 interaction and accessibility (A1) › SC3-INT-GRADE-DOUBLE: keyboard Enter on Known grades exactly once — no duplicate write or double advance (749ms)
  ✓  31 [chromium] › tests/e2e/cefr-cards.spec.js:1275:9 › SHARED-CARD-003 interaction and accessibility (A1) › SC3-INT-BACK-CONTROLS: revealed-back controls never flip, grade, or advance the card (AC-08) (1.7s)
  ✓  32 [chromium] › tests/e2e/cefr-cards.spec.js:1313:9 › SHARED-CARD-003 interaction and accessibility (A1) › SC3-A11Y-INERT: only the displayed face is focusable and exposed — inert faces, AX-tree exclusion, flip-back restore (AC-09/SC2-C1 analog) (1.5s)
  ✓  33 [chromium] › tests/e2e/cefr-cards.spec.js:1371:9 › SHARED-CARD-003 interaction and accessibility (A1) › SC3-A11Y-NAMES: icon-only card controls expose descriptive accessible names and truthful aria-pressed (783ms)
  ✓  34 [chromium] › tests/e2e/cefr-cards.spec.js:1396:9 › SHARED-CARD-003 interaction and accessibility (A1) › SC3-A11Y-FOCUS: keyboard-focused card and toolbar controls match :focus-visible and paint a visible indicator (AC-09) (998ms)
  ✓  35 [chromium] › tests/e2e/cefr-cards.spec.js:1436:9 › SHARED-CARD-003 interaction and accessibility (A1) › SC3-A11Y-TARGETS: card and toolbar touch targets are at least 44x44 CSS pixels (AC-09) (770ms)
  ✓  36 [chromium] › tests/e2e/cefr-cards.spec.js:1465:9 › SHARED-CARD-003 interaction and accessibility (A1) › SC3-A11Y-REDUCED-MOTION: reduced-motion preference disables the flip transition but not the flip (591ms)
  ✓  37 [chromium] › tests/e2e/cefr-cards.spec.js:1502:9 › SHARED-CARD-003 interaction and accessibility (A1) › SC3-THEME: light and dark themes both render the card and keep the flip behavior (2.2s)
  ✓  38 [chromium] › tests/e2e/cefr-cards.spec.js:1524:9 › SHARED-CARD-003 interaction and accessibility (A1) › SC3-OVERFLOW: no horizontal overflow on the front or the revealed mixed-content back (AC-09) (756ms)
  ✓  39 [chromium] › tests/e2e/cefr-cards.spec.js:1547:9 › SHARED-CARD-003 interaction and accessibility (A1) › SC3-CONSOLE: both level pages boot the shared card with a clean console (961ms)
  ✓  40 [chromium] › tests/e2e/cefr-cards.spec.js:1567:9 › SHARED-CARD-003 regression — phrases, conversation, source boundary › SC3-REG-PHRASES-TAB: the Phrases tab still renders phrase cards (LF-NAV / AC-10) (455ms)
  ✓  41 [chromium] › tests/e2e/cefr-cards.spec.js:1577:9 › SHARED-CARD-003 regression — phrases, conversation, source boundary › SC3-REG-PHRASE-FLASHCARDS: phrase flashcards keep the legacy card behavior, grading and phrase counters (612ms)
  ✓  42 [chromium] › tests/e2e/cefr-cards.spec.js:1607:9 › SHARED-CARD-003 regression — phrases, conversation, source boundary › SC3-REG-CONVERSATION: the Conversation tab still renders scenes (423ms)
  ✓  43 [chromium] › tests/e2e/cefr-cards.spec.js:1615:9 › SHARED-CARD-003 regression — phrases, conversation, source boundary › SC3-REG-B2-MISSING: B2 phrases and conversation tabs show their configured empty states (495ms)
  ✓  44 [chromium] › tests/e2e/cefr-cards.spec.js:1625:9 › SHARED-CARD-003 regression — phrases, conversation, source boundary › SC3-REG-SOURCE-BOUNDARY: a unit switch from phrase flashcards re-routes word grades to word storage (AC-17/AC-10) (736ms)
  ✓  45 [chromium] › tests/e2e/cefr-cards.spec.js:1652:9 › SHARED-CARD-003 regression — phrases, conversation, source boundary › SC3-REG-MODE-SWAP: words and phrases flashcard modes swap their card DOM with no duplicate ids (1.0s)
  ✓  46 [chromium] › tests/e2e/cefr-cards.spec.js:1691:9 › SHARED-CARD-003 regression — phrases, conversation, source boundary › SC3-REG-A1-UNIT-SWITCH: A1 unit switching updates the card scope and grades the exact unit-2 ID (744ms)

  46 passed (1.3m)
